bnb_interval: alpha=poly8A K=8 mu=1/1700 c_claim=0.00796 backend=auto prec=64 engine=numpy mode=hybrid workers=1 lb3=True sym=True axis=grad
objective: sha256=9b09b50eb8f0b5dfd0d95055a994f206cbf3700c3c02098b51e7af2d3e5536f7 (K=8 alpha=poly8A mu=1/1700 claim=199/25000 weights=w_poly8A_K8_mu1700.json sha256=257b340d9da4f343600a21589f16d8915f3e082499d475e153c5453980671e78 window=win_poly8A.json sha256=c4005f57a7920f78aa2df33b093c9c5030efac2b8e39fc6cf7371b0c0f32dc14 sym=True lb3=True engine=numpy pure=False backend=auto prec=64)
  resumed from runs/R1003/r4_0.ckpt: processed=3.362e+08 stack_boxes=1.148e+05
  resumed checkpoint sha256=38b77c18dec00015b75bd26255f33fb805517249dfc7d93145dfa77a20ed5c86
  it=40520 processed=3.363e+08 stack_boxes=1.165e+05 min centre F=0.0080121 t=18933s iv_checked=3.339e+08 iv_rejected=0
  it=40560 processed=3.364e+08 stack_boxes=1.154e+05 min centre F=0.0080121 t=18936s iv_checked=3.339e+08 iv_rejected=0
  it=40600 processed=3.365e+08 stack_boxes=1.147e+05 min centre F=0.0080121 t=18939s iv_checked=3.340e+08 iv_rejected=0
  it=40640 processed=3.366e+08 stack_boxes=1.139e+05 min centre F=0.0080121 t=18942s iv_checked=3.341e+08 iv_rejected=0
  it=40680 processed=3.367e+08 stack_boxes=1.187e+05 min centre F=0.0080121 t=18949s iv_checked=3.342e+08 iv_rejected=0
  it=40720 processed=3.368e+08 stack_boxes=1.140e+05 min centre F=0.0080121 t=18952s iv_checked=3.343e+08 iv_rejected=0
  it=40760 processed=3.371e+08 stack_boxes=1.263e+05 min centre F=0.0080121 t=18966s iv_checked=3.346e+08 iv_rejected=0
  it=40800 processed=3.372e+08 stack_boxes=1.135e+05 min centre F=0.0080121 t=18969s iv_checked=3.347e+08 iv_rejected=0
  it=40840 processed=3.372e+08 stack_boxes=1.132e+05 min centre F=0.0080121 t=18970s iv_checked=3.347e+08 iv_rejected=0
  it=40880 processed=3.372e+08 stack_boxes=1.130e+05 min centre F=0.0080121 t=18971s iv_checked=3.347e+08 iv_rejected=0
  it=40920 processed=3.372e+08 stack_boxes=1.129e+05 min centre F=0.0080121 t=18972s iv_checked=3.347e+08 iv_rejected=0
  it=40960 processed=3.372e+08 stack_boxes=1.144e+05 min centre F=0.0080121 t=18973s iv_checked=3.348e+08 iv_rejected=0
  it=41000 processed=3.372e+08 stack_boxes=1.155e+05 min centre F=0.0080121 t=18973s iv_checked=3.348e+08 iv_rejected=0
  it=41040 processed=3.373e+08 stack_boxes=1.147e+05 min centre F=0.0080121 t=18975s iv_checked=3.348e+08 iv_rejected=0
  it=41080 processed=3.373e+08 stack_boxes=1.123e+05 min centre F=0.0080121 t=18977s iv_checked=3.348e+08 iv_rejected=0
  it=41120 processed=3.374e+08 stack_boxes=1.128e+05 min centre F=0.0080121 t=18978s iv_checked=3.349e+08 iv_rejected=0
  it=41160 processed=3.374e+08 stack_boxes=1.120e+05 min centre F=0.0080121 t=18978s iv_checked=3.349e+08 iv_rejected=0
  it=41200 processed=3.374e+08 stack_boxes=1.113e+05 min centre F=0.0080121 t=18980s iv_checked=3.349e+08 iv_rejected=0
  it=41240 processed=3.374e+08 stack_boxes=1.123e+05 min centre F=0.0080121 t=18980s iv_checked=3.349e+08 iv_rejected=0
  it=41280 processed=3.374e+08 stack_boxes=1.107e+05 min centre F=0.0080121 t=18981s iv_checked=3.350e+08 iv_rejected=0
  it=41320 processed=3.375e+08 stack_boxes=1.106e+05 min centre F=0.0080121 t=18982s iv_checked=3.350e+08 iv_rejected=0
  it=41360 processed=3.375e+08 stack_boxes=1.097e+05 min centre F=0.0080121 t=18986s iv_checked=3.351e+08 iv_rejected=0
  it=41400 processed=3.376e+08 stack_boxes=1.096e+05 min centre F=0.0080121 t=18989s iv_checked=3.352e+08 iv_rejected=0
  it=41440 processed=3.377e+08 stack_boxes=1.100e+05 min centre F=0.0080121 t=18993s iv_checked=3.353e+08 iv_rejected=0
  it=41480 processed=3.378e+08 stack_boxes=1.131e+05 min centre F=0.0080121 t=18995s iv_checked=3.353e+08 iv_rejected=0
  it=41520 processed=3.379e+08 stack_boxes=1.091e+05 min centre F=0.0080121 t=18999s iv_checked=3.354e+08 iv_rejected=0
  it=41560 processed=3.379e+08 stack_boxes=1.092e+05 min centre F=0.0080121 t=19001s iv_checked=3.354e+08 iv_rejected=0
  it=41600 processed=3.380e+08 stack_boxes=1.129e+05 min centre F=0.0080121 t=19005s iv_checked=3.355e+08 iv_rejected=0
  it=41640 processed=3.383e+08 stack_boxes=1.087e+05 min centre F=0.0080121 t=19017s iv_checked=3.358e+08 iv_rejected=0
  it=41680 processed=3.383e+08 stack_boxes=1.085e+05 min centre F=0.0080121 t=19017s iv_checked=3.358e+08 iv_rejected=0
  it=41720 processed=3.383e+08 stack_boxes=1.084e+05 min centre F=0.0080121 t=19018s iv_checked=3.358e+08 iv_rejected=0
  it=41760 processed=3.383e+08 stack_boxes=1.083e+05 min centre F=0.0080121 t=19019s iv_checked=3.358e+08 iv_rejected=0
  it=41800 processed=3.383e+08 stack_boxes=1.081e+05 min centre F=0.0080121 t=19020s iv_checked=3.359e+08 iv_rejected=0
  it=41840 processed=3.384e+08 stack_boxes=1.081e+05 min centre F=0.0080121 t=19021s iv_checked=3.359e+08 iv_rejected=0
  it=41880 processed=3.384e+08 stack_boxes=1.078e+05 min centre F=0.0080121 t=19022s iv_checked=3.359e+08 iv_rejected=0
  it=41920 processed=3.384e+08 stack_boxes=1.076e+05 min centre F=0.0080121 t=19023s iv_checked=3.359e+08 iv_rejected=0
  it=41960 processed=3.384e+08 stack_boxes=1.075e+05 min centre F=0.0080121 t=19024s iv_checked=3.360e+08 iv_rejected=0
  it=42000 processed=3.384e+08 stack_boxes=1.073e+05 min centre F=0.0080121 t=19024s iv_checked=3.360e+08 iv_rejected=0
  it=42040 processed=3.385e+08 stack_boxes=1.070e+05 min centre F=0.0080121 t=19025s iv_checked=3.360e+08 iv_rejected=0
  it=42080 processed=3.385e+08 stack_boxes=1.065e+05 min centre F=0.0080121 t=19025s iv_checked=3.360e+08 iv_rejected=0
  it=42120 processed=3.385e+08 stack_boxes=1.065e+05 min centre F=0.0080121 t=19026s iv_checked=3.360e+08 iv_rejected=0
  it=42160 processed=3.385e+08 stack_boxes=1.090e+05 min centre F=0.0080121 t=19027s iv_checked=3.360e+08 iv_rejected=0
  it=42200 processed=3.386e+08 stack_boxes=1.077e+05 min centre F=0.0080121 t=19030s iv_checked=3.361e+08 iv_rejected=0
  it=42240 processed=3.387e+08 stack_boxes=1.064e+05 min centre F=0.0080121 t=19033s iv_checked=3.362e+08 iv_rejected=0
  it=42280 processed=3.388e+08 stack_boxes=1.055e+05 min centre F=0.0080121 t=19040s iv_checked=3.363e+08 iv_rejected=0
  it=42320 processed=3.389e+08 stack_boxes=1.077e+05 min centre F=0.0080121 t=19044s iv_checked=3.365e+08 iv_rejected=0
  it=42360 processed=3.390e+08 stack_boxes=1.059e+05 min centre F=0.0080121 t=19048s iv_checked=3.365e+08 iv_rejected=0
  it=42400 processed=3.392e+08 stack_boxes=1.068e+05 min centre F=0.0080121 t=19054s iv_checked=3.367e+08 iv_rejected=0
  it=42440 processed=3.393e+08 stack_boxes=1.050e+05 min centre F=0.0080121 t=19059s iv_checked=3.368e+08 iv_rejected=0
  it=42480 processed=3.394e+08 stack_boxes=1.069e+05 min centre F=0.0080121 t=19065s iv_checked=3.369e+08 iv_rejected=0
  it=42520 processed=3.394e+08 stack_boxes=1.048e+05 min centre F=0.0080121 t=19066s iv_checked=3.369e+08 iv_rejected=0
  it=42560 processed=3.394e+08 stack_boxes=1.045e+05 min centre F=0.0080121 t=19066s iv_checked=3.370e+08 iv_rejected=0
  it=42600 processed=3.395e+08 stack_boxes=1.044e+05 min centre F=0.0080121 t=19068s iv_checked=3.370e+08 iv_rejected=0
  it=42640 processed=3.395e+08 stack_boxes=1.042e+05 min centre F=0.0080121 t=19068s iv_checked=3.370e+08 iv_rejected=0
  it=42680 processed=3.395e+08 stack_boxes=1.050e+05 min centre F=0.0080121 t=19069s iv_checked=3.370e+08 iv_rejected=0
  it=42720 processed=3.396e+08 stack_boxes=1.054e+05 min centre F=0.0080121 t=19071s iv_checked=3.371e+08 iv_rejected=0
  it=42760 processed=3.396e+08 stack_boxes=1.040e+05 min centre F=0.0080121 t=19073s iv_checked=3.371e+08 iv_rejected=0
  it=42800 processed=3.397e+08 stack_boxes=1.051e+05 min centre F=0.0080121 t=19075s iv_checked=3.372e+08 iv_rejected=0
  it=42840 processed=3.397e+08 stack_boxes=1.035e+05 min centre F=0.0080121 t=19076s iv_checked=3.372e+08 iv_rejected=0
  it=42880 processed=3.397e+08 stack_boxes=1.033e+05 min centre F=0.0080121 t=19076s iv_checked=3.372e+08 iv_rejected=0
  it=42920 processed=3.397e+08 stack_boxes=9.895e+04 min centre F=0.0080121 t=19077s iv_checked=3.372e+08 iv_rejected=0
  it=42960 processed=3.397e+08 stack_boxes=9.866e+04 min centre F=0.0080121 t=19079s iv_checked=3.373e+08 iv_rejected=0
  it=43000 processed=3.398e+08 stack_boxes=9.810e+04 min centre F=0.0080121 t=19082s iv_checked=3.373e+08 iv_rejected=0
  it=43040 processed=3.399e+08 stack_boxes=1.046e+05 min centre F=0.0080121 t=19084s iv_checked=3.374e+08 iv_rejected=0
  it=43080 processed=3.400e+08 stack_boxes=9.792e+04 min centre F=0.0080121 t=19091s iv_checked=3.375e+08 iv_rejected=0
  it=43120 processed=3.401e+08 stack_boxes=9.810e+04 min centre F=0.0080121 t=19093s iv_checked=3.376e+08 iv_rejected=0
  it=43160 processed=3.404e+08 stack_boxes=9.760e+04 min centre F=0.0080121 t=19105s iv_checked=3.379e+08 iv_rejected=0
  it=43200 processed=3.404e+08 stack_boxes=9.731e+04 min centre F=0.0080121 t=19106s iv_checked=3.379e+08 iv_rejected=0
  it=43240 processed=3.404e+08 stack_boxes=9.719e+04 min centre F=0.0080121 t=19107s iv_checked=3.379e+08 iv_rejected=0
  it=43280 processed=3.404e+08 stack_boxes=9.702e+04 min centre F=0.0080121 t=19107s iv_checked=3.379e+08 iv_rejected=0
  it=43320 processed=3.404e+08 stack_boxes=9.688e+04 min centre F=0.0080121 t=19108s iv_checked=3.379e+08 iv_rejected=0
  it=43360 processed=3.404e+08 stack_boxes=9.688e+04 min centre F=0.0080121 t=19109s iv_checked=3.379e+08 iv_rejected=0
  it=43400 processed=3.404e+08 stack_boxes=9.741e+04 min centre F=0.0080121 t=19110s iv_checked=3.379e+08 iv_rejected=0
  it=43440 processed=3.405e+08 stack_boxes=9.846e+04 min centre F=0.0080121 t=19111s iv_checked=3.380e+08 iv_rejected=0
  it=43480 processed=3.405e+08 stack_boxes=9.619e+04 min centre F=0.0080121 t=19111s iv_checked=3.380e+08 iv_rejected=0
  it=43520 processed=3.405e+08 stack_boxes=9.766e+04 min centre F=0.0080121 t=19112s iv_checked=3.380e+08 iv_rejected=0
  it=43560 processed=3.405e+08 stack_boxes=9.513e+04 min centre F=0.0080121 t=19113s iv_checked=3.380e+08 iv_rejected=0
  it=43600 processed=3.406e+08 stack_boxes=9.470e+04 min centre F=0.0080121 t=19114s iv_checked=3.381e+08 iv_rejected=0
  it=43640 processed=3.406e+08 stack_boxes=9.464e+04 min centre F=0.0080121 t=19115s iv_checked=3.381e+08 iv_rejected=0
  it=43680 processed=3.406e+08 stack_boxes=1.014e+05 min centre F=0.0080121 t=19116s iv_checked=3.381e+08 iv_rejected=0
  it=43720 processed=3.407e+08 stack_boxes=9.971e+04 min centre F=0.0080121 t=19120s iv_checked=3.382e+08 iv_rejected=0
  it=43760 processed=3.408e+08 stack_boxes=9.804e+04 min centre F=0.0080121 t=19123s iv_checked=3.383e+08 iv_rejected=0
  it=43800 processed=3.409e+08 stack_boxes=9.793e+04 min centre F=0.0080121 t=19126s iv_checked=3.384e+08 iv_rejected=0
  it=43840 processed=3.409e+08 stack_boxes=9.357e+04 min centre F=0.0080121 t=19129s iv_checked=3.384e+08 iv_rejected=0
  it=43880 processed=3.410e+08 stack_boxes=9.317e+04 min centre F=0.0080121 t=19133s iv_checked=3.385e+08 iv_rejected=0
  it=43920 processed=3.411e+08 stack_boxes=9.374e+04 min centre F=0.0080121 t=19137s iv_checked=3.386e+08 iv_rejected=0
  it=43960 processed=3.413e+08 stack_boxes=9.894e+04 min centre F=0.0080121 t=19143s iv_checked=3.388e+08 iv_rejected=0
  it=44000 processed=3.413e+08 stack_boxes=9.282e+04 min centre F=0.0080121 t=19144s iv_checked=3.388e+08 iv_rejected=0
  it=44040 processed=3.413e+08 stack_boxes=9.260e+04 min centre F=0.0080121 t=19144s iv_checked=3.388e+08 iv_rejected=0
  it=44080 processed=3.413e+08 stack_boxes=9.255e+04 min centre F=0.0080121 t=19145s iv_checked=3.388e+08 iv_rejected=0
  it=44120 processed=3.413e+08 stack_boxes=9.230e+04 min centre F=0.0080121 t=19146s iv_checked=3.388e+08 iv_rejected=0
  it=44160 processed=3.413e+08 stack_boxes=9.219e+04 min centre F=0.0080121 t=19147s iv_checked=3.388e+08 iv_rejected=0
  it=44200 processed=3.414e+08 stack_boxes=9.207e+04 min centre F=0.0080121 t=19149s iv_checked=3.389e+08 iv_rejected=0
  it=44240 processed=3.414e+08 stack_boxes=9.240e+04 min centre F=0.0080121 t=19150s iv_checked=3.389e+08 iv_rejected=0
  it=44280 processed=3.414e+08 stack_boxes=9.235e+04 min centre F=0.0080121 t=19151s iv_checked=3.389e+08 iv_rejected=0
  it=44320 processed=3.414e+08 stack_boxes=9.179e+04 min centre F=0.0080121 t=19151s iv_checked=3.389e+08 iv_rejected=0
  it=44360 processed=3.415e+08 stack_boxes=9.139e+04 min centre F=0.0080121 t=19152s iv_checked=3.389e+08 iv_rejected=0
  it=44400 processed=3.415e+08 stack_boxes=9.066e+04 min centre F=0.0080121 t=19152s iv_checked=3.390e+08 iv_rejected=0
  it=44440 processed=3.415e+08 stack_boxes=9.190e+04 min centre F=0.0080121 t=19155s iv_checked=3.390e+08 iv_rejected=0
  it=44480 processed=3.416e+08 stack_boxes=9.051e+04 min centre F=0.0080121 t=19156s iv_checked=3.391e+08 iv_rejected=0
  it=44520 processed=3.417e+08 stack_boxes=9.008e+04 min centre F=0.0080121 t=19160s iv_checked=3.392e+08 iv_rejected=0
  it=44560 processed=3.418e+08 stack_boxes=8.995e+04 min centre F=0.0080121 t=19164s iv_checked=3.392e+08 iv_rejected=0
  it=44600 processed=3.419e+08 stack_boxes=9.255e+04 min centre F=0.0080121 t=19169s iv_checked=3.394e+08 iv_rejected=0
  it=44640 processed=3.419e+08 stack_boxes=8.992e+04 min centre F=0.0080121 t=19170s iv_checked=3.394e+08 iv_rejected=0
  it=44680 processed=3.420e+08 stack_boxes=9.004e+04 min centre F=0.0080121 t=19175s iv_checked=3.395e+08 iv_rejected=0
  it=44720 processed=3.421e+08 stack_boxes=8.915e+04 min centre F=0.0080121 t=19178s iv_checked=3.396e+08 iv_rejected=0
  it=44760 processed=3.422e+08 stack_boxes=9.135e+04 min centre F=0.0080121 t=19180s iv_checked=3.397e+08 iv_rejected=0
  it=44800 processed=3.423e+08 stack_boxes=9.714e+04 min centre F=0.0080121 t=19186s iv_checked=3.398e+08 iv_rejected=0
  it=44840 processed=3.423e+08 stack_boxes=8.883e+04 min centre F=0.0080121 t=19187s iv_checked=3.398e+08 iv_rejected=0
  it=44880 processed=3.423e+08 stack_boxes=8.900e+04 min centre F=0.0080121 t=19188s iv_checked=3.398e+08 iv_rejected=0
  it=44920 processed=3.424e+08 stack_boxes=8.865e+04 min centre F=0.0080121 t=19189s iv_checked=3.399e+08 iv_rejected=0
  it=44960 processed=3.424e+08 stack_boxes=8.834e+04 min centre F=0.0080121 t=19190s iv_checked=3.399e+08 iv_rejected=0
  it=45000 processed=3.424e+08 stack_boxes=8.829e+04 min centre F=0.0080121 t=19190s iv_checked=3.399e+08 iv_rejected=0
  it=45040 processed=3.424e+08 stack_boxes=8.818e+04 min centre F=0.0080121 t=19191s iv_checked=3.399e+08 iv_rejected=0
  it=45080 processed=3.424e+08 stack_boxes=8.795e+04 min centre F=0.0080121 t=19192s iv_checked=3.399e+08 iv_rejected=0
  it=45120 processed=3.425e+08 stack_boxes=8.789e+04 min centre F=0.0080121 t=19193s iv_checked=3.399e+08 iv_rejected=0
  it=45160 processed=3.425e+08 stack_boxes=8.814e+04 min centre F=0.0080121 t=19196s iv_checked=3.400e+08 iv_rejected=0
  it=45200 processed=3.425e+08 stack_boxes=8.783e+04 min centre F=0.0080121 t=19197s iv_checked=3.400e+08 iv_rejected=0
  it=45240 processed=3.426e+08 stack_boxes=8.742e+04 min centre F=0.0080121 t=19198s iv_checked=3.401e+08 iv_rejected=0
  it=45280 processed=3.426e+08 stack_boxes=8.719e+04 min centre F=0.0080121 t=19199s iv_checked=3.401e+08 iv_rejected=0
  it=45320 processed=3.426e+08 stack_boxes=8.706e+04 min centre F=0.0080121 t=19200s iv_checked=3.401e+08 iv_rejected=0
  it=45360 processed=3.426e+08 stack_boxes=8.803e+04 min centre F=0.0080121 t=19200s iv_checked=3.401e+08 iv_rejected=0
  it=45400 processed=3.427e+08 stack_boxes=8.729e+04 min centre F=0.0080121 t=19201s iv_checked=3.401e+08 iv_rejected=0
  it=45440 processed=3.427e+08 stack_boxes=8.670e+04 min centre F=0.0080121 t=19204s iv_checked=3.402e+08 iv_rejected=0
  it=45480 processed=3.428e+08 stack_boxes=8.630e+04 min centre F=0.0080121 t=19208s iv_checked=3.403e+08 iv_rejected=0
  it=45520 processed=3.430e+08 stack_boxes=9.403e+04 min centre F=0.0080121 t=19213s iv_checked=3.404e+08 iv_rejected=0
  it=45560 processed=3.430e+08 stack_boxes=8.665e+04 min centre F=0.0080121 t=19216s iv_checked=3.405e+08 iv_rejected=0
  it=45600 processed=3.433e+08 stack_boxes=8.626e+04 min centre F=0.0080121 t=19227s iv_checked=3.408e+08 iv_rejected=0
  it=45640 processed=3.433e+08 stack_boxes=8.695e+04 min centre F=0.0080121 t=19229s iv_checked=3.408e+08 iv_rejected=0
  it=45680 processed=3.433e+08 stack_boxes=8.560e+04 min centre F=0.0080121 t=19230s iv_checked=3.408e+08 iv_rejected=0
  it=45720 processed=3.435e+08 stack_boxes=8.550e+04 min centre F=0.0080121 t=19238s iv_checked=3.410e+08 iv_rejected=0
  it=45760 processed=3.435e+08 stack_boxes=8.530e+04 min centre F=0.0080121 t=19238s iv_checked=3.410e+08 iv_rejected=0
  it=45800 processed=3.435e+08 stack_boxes=8.516e+04 min centre F=0.0080121 t=19239s iv_checked=3.410e+08 iv_rejected=0
  it=45840 processed=3.436e+08 stack_boxes=8.503e+04 min centre F=0.0080121 t=19240s iv_checked=3.410e+08 iv_rejected=0
  it=45880 processed=3.436e+08 stack_boxes=8.482e+04 min centre F=0.0080121 t=19240s iv_checked=3.410e+08 iv_rejected=0
  it=45920 processed=3.436e+08 stack_boxes=8.534e+04 min centre F=0.0080121 t=19241s iv_checked=3.411e+08 iv_rejected=0
  it=45960 processed=3.436e+08 stack_boxes=8.474e+04 min centre F=0.0080121 t=19244s iv_checked=3.411e+08 iv_rejected=0
  it=46000 processed=3.437e+08 stack_boxes=8.436e+04 min centre F=0.0080121 t=19244s iv_checked=3.411e+08 iv_rejected=0
  it=46040 processed=3.437e+08 stack_boxes=8.430e+04 min centre F=0.0080121 t=19245s iv_checked=3.411e+08 iv_rejected=0
  it=46080 processed=3.437e+08 stack_boxes=8.413e+04 min centre F=0.0080121 t=19245s iv_checked=3.412e+08 iv_rejected=0
  it=46120 processed=3.437e+08 stack_boxes=8.298e+04 min centre F=0.0080121 t=19246s iv_checked=3.412e+08 iv_rejected=0
  it=46160 processed=3.437e+08 stack_boxes=8.242e+04 min centre F=0.0080121 t=19247s iv_checked=3.412e+08 iv_rejected=0
  it=46200 processed=3.437e+08 stack_boxes=8.343e+04 min centre F=0.0080121 t=19247s iv_checked=3.412e+08 iv_rejected=0
  it=46240 processed=3.438e+08 stack_boxes=8.207e+04 min centre F=0.0080121 t=19252s iv_checked=3.413e+08 iv_rejected=0
  it=46280 processed=3.439e+08 stack_boxes=8.187e+04 min centre F=0.0080121 t=19256s iv_checked=3.414e+08 iv_rejected=0
  it=46320 processed=3.440e+08 stack_boxes=8.156e+04 min centre F=0.0080121 t=19261s iv_checked=3.415e+08 iv_rejected=0
  it=46360 processed=3.441e+08 stack_boxes=8.133e+04 min centre F=0.0080121 t=19262s iv_checked=3.415e+08 iv_rejected=0
  it=46400 processed=3.442e+08 stack_boxes=8.913e+04 min centre F=0.0080121 t=19265s iv_checked=3.416e+08 iv_rejected=0
  it=46440 processed=3.443e+08 stack_boxes=8.107e+04 min centre F=0.0080121 t=19272s iv_checked=3.418e+08 iv_rejected=0
  it=46480 processed=3.444e+08 stack_boxes=8.195e+04 min centre F=0.0080121 t=19277s iv_checked=3.419e+08 iv_rejected=0
  it=46520 processed=3.445e+08 stack_boxes=8.115e+04 min centre F=0.0080121 t=19278s iv_checked=3.420e+08 iv_rejected=0
  it=46560 processed=3.445e+08 stack_boxes=8.084e+04 min centre F=0.0080121 t=19279s iv_checked=3.420e+08 iv_rejected=0
  it=46600 processed=3.445e+08 stack_boxes=8.098e+04 min centre F=0.0080121 t=19279s iv_checked=3.420e+08 iv_rejected=0
  it=46640 processed=3.445e+08 stack_boxes=8.162e+04 min centre F=0.0080121 t=19280s iv_checked=3.420e+08 iv_rejected=0
  it=46680 processed=3.445e+08 stack_boxes=8.020e+04 min centre F=0.0080121 t=19281s iv_checked=3.420e+08 iv_rejected=0
  it=46720 processed=3.446e+08 stack_boxes=8.113e+04 min centre F=0.0080121 t=19282s iv_checked=3.420e+08 iv_rejected=0
  it=46760 processed=3.446e+08 stack_boxes=8.012e+04 min centre F=0.0080121 t=19283s iv_checked=3.421e+08 iv_rejected=0
  it=46800 processed=3.446e+08 stack_boxes=7.972e+04 min centre F=0.0080121 t=19285s iv_checked=3.421e+08 iv_rejected=0
  it=46840 processed=3.446e+08 stack_boxes=7.949e+04 min centre F=0.0080121 t=19286s iv_checked=3.421e+08 iv_rejected=0
  it=46880 processed=3.447e+08 stack_boxes=7.935e+04 min centre F=0.0080121 t=19286s iv_checked=3.421e+08 iv_rejected=0
  it=46920 processed=3.447e+08 stack_boxes=7.910e+04 min centre F=0.0080121 t=19287s iv_checked=3.421e+08 iv_rejected=0
  it=46960 processed=3.447e+08 stack_boxes=7.865e+04 min centre F=0.0080121 t=19288s iv_checked=3.422e+08 iv_rejected=0
  it=47000 processed=3.448e+08 stack_boxes=8.023e+04 min centre F=0.0080121 t=19291s iv_checked=3.422e+08 iv_rejected=0
  it=47040 processed=3.448e+08 stack_boxes=7.866e+04 min centre F=0.0080121 t=19292s iv_checked=3.423e+08 iv_rejected=0
  it=47080 processed=3.449e+08 stack_boxes=7.810e+04 min centre F=0.0080121 t=19297s iv_checked=3.424e+08 iv_rejected=0
  it=47120 processed=3.450e+08 stack_boxes=7.788e+04 min centre F=0.0080121 t=19301s iv_checked=3.425e+08 iv_rejected=0
  it=47160 processed=3.451e+08 stack_boxes=7.895e+04 min centre F=0.0080121 t=19304s iv_checked=3.425e+08 iv_rejected=0
  it=47200 processed=3.451e+08 stack_boxes=8.689e+04 min centre F=0.0080121 t=19307s iv_checked=3.426e+08 iv_rejected=0
  it=47240 processed=3.453e+08 stack_boxes=7.763e+04 min centre F=0.0080121 t=19315s iv_checked=3.428e+08 iv_rejected=0
  it=47280 processed=3.454e+08 stack_boxes=7.736e+04 min centre F=0.0080121 t=19317s iv_checked=3.428e+08 iv_rejected=0
  it=47320 processed=3.454e+08 stack_boxes=7.728e+04 min centre F=0.0080121 t=19320s iv_checked=3.429e+08 iv_rejected=0
  it=47360 processed=3.455e+08 stack_boxes=7.862e+04 min centre F=0.0080121 t=19322s iv_checked=3.429e+08 iv_rejected=0
  it=47400 processed=3.455e+08 stack_boxes=7.671e+04 min centre F=0.0080121 t=19323s iv_checked=3.430e+08 iv_rejected=0
  it=47440 processed=3.455e+08 stack_boxes=7.669e+04 min centre F=0.0080121 t=19324s iv_checked=3.430e+08 iv_rejected=0
  it=47480 processed=3.456e+08 stack_boxes=7.639e+04 min centre F=0.0080121 t=19325s iv_checked=3.430e+08 iv_rejected=0
  it=47520 processed=3.456e+08 stack_boxes=7.629e+04 min centre F=0.0080121 t=19326s iv_checked=3.430e+08 iv_rejected=0
  it=47560 processed=3.456e+08 stack_boxes=7.637e+04 min centre F=0.0080121 t=19326s iv_checked=3.430e+08 iv_rejected=0
  it=47600 processed=3.456e+08 stack_boxes=7.616e+04 min centre F=0.0080121 t=19328s iv_checked=3.431e+08 iv_rejected=0
  it=47640 processed=3.457e+08 stack_boxes=7.604e+04 min centre F=0.0080121 t=19330s iv_checked=3.431e+08 iv_rejected=0
  it=47680 processed=3.457e+08 stack_boxes=7.575e+04 min centre F=0.0080121 t=19331s iv_checked=3.432e+08 iv_rejected=0
  it=47720 processed=3.457e+08 stack_boxes=7.590e+04 min centre F=0.0080121 t=19332s iv_checked=3.432e+08 iv_rejected=0
  it=47760 processed=3.457e+08 stack_boxes=7.536e+04 min centre F=0.0080121 t=19332s iv_checked=3.432e+08 iv_rejected=0
  it=47800 processed=3.457e+08 stack_boxes=7.124e+04 min centre F=0.0080121 t=19333s iv_checked=3.432e+08 iv_rejected=0
  it=47840 processed=3.459e+08 stack_boxes=7.351e+04 min centre F=0.0080121 t=19337s iv_checked=3.433e+08 iv_rejected=0
  it=47880 processed=3.459e+08 stack_boxes=7.030e+04 min centre F=0.0080121 t=19340s iv_checked=3.434e+08 iv_rejected=0
  it=47920 processed=3.460e+08 stack_boxes=7.510e+04 min centre F=0.0080121 t=19344s iv_checked=3.435e+08 iv_rejected=0
  it=47960 processed=3.461e+08 stack_boxes=6.992e+04 min centre F=0.0080121 t=19349s iv_checked=3.436e+08 iv_rejected=0
  it=48000 processed=3.462e+08 stack_boxes=6.992e+04 min centre F=0.0080121 t=19350s iv_checked=3.436e+08 iv_rejected=0
  it=48040 processed=3.462e+08 stack_boxes=6.962e+04 min centre F=0.0080121 t=19351s iv_checked=3.436e+08 iv_rejected=0
  it=48080 processed=3.462e+08 stack_boxes=6.937e+04 min centre F=0.0080121 t=19351s iv_checked=3.437e+08 iv_rejected=0
  it=48120 processed=3.462e+08 stack_boxes=6.919e+04 min centre F=0.0080121 t=19352s iv_checked=3.437e+08 iv_rejected=0
  it=48160 processed=3.462e+08 stack_boxes=6.906e+04 min centre F=0.0080121 t=19353s iv_checked=3.437e+08 iv_rejected=0
  it=48200 processed=3.462e+08 stack_boxes=6.893e+04 min centre F=0.0080121 t=19353s iv_checked=3.437e+08 iv_rejected=0
  it=48240 processed=3.462e+08 stack_boxes=6.920e+04 min centre F=0.0080121 t=19354s iv_checked=3.437e+08 iv_rejected=0
  it=48280 processed=3.463e+08 stack_boxes=6.899e+04 min centre F=0.0080121 t=19355s iv_checked=3.437e+08 iv_rejected=0
  it=48320 processed=3.463e+08 stack_boxes=6.969e+04 min centre F=0.0080121 t=19357s iv_checked=3.438e+08 iv_rejected=0
  it=48360 processed=3.463e+08 stack_boxes=6.838e+04 min centre F=0.0080121 t=19358s iv_checked=3.438e+08 iv_rejected=0
  it=48400 processed=3.464e+08 stack_boxes=6.839e+04 min centre F=0.0080121 t=19359s iv_checked=3.438e+08 iv_rejected=0
  it=48440 processed=3.464e+08 stack_boxes=6.811e+04 min centre F=0.0080121 t=19359s iv_checked=3.438e+08 iv_rejected=0
  it=48480 processed=3.464e+08 stack_boxes=6.660e+04 min centre F=0.0080121 t=19361s iv_checked=3.439e+08 iv_rejected=0
  it=48520 processed=3.464e+08 stack_boxes=6.654e+04 min centre F=0.0080121 t=19361s iv_checked=3.439e+08 iv_rejected=0
  it=48560 processed=3.464e+08 stack_boxes=6.734e+04 min centre F=0.0080121 t=19362s iv_checked=3.439e+08 iv_rejected=0
  it=48600 processed=3.465e+08 stack_boxes=6.753e+04 min centre F=0.0080121 t=19366s iv_checked=3.440e+08 iv_rejected=0
  it=48640 processed=3.467e+08 stack_boxes=6.636e+04 min centre F=0.0080121 t=19371s iv_checked=3.441e+08 iv_rejected=0
  it=48680 processed=3.469e+08 stack_boxes=6.560e+04 min centre F=0.0080121 t=19380s iv_checked=3.443e+08 iv_rejected=0
  it=48720 processed=3.469e+08 stack_boxes=6.949e+04 min centre F=0.0080121 t=19382s iv_checked=3.444e+08 iv_rejected=0
  it=48760 processed=3.470e+08 stack_boxes=6.602e+04 min centre F=0.0080121 t=19387s iv_checked=3.445e+08 iv_rejected=0
  it=48800 processed=3.475e+08 stack_boxes=1.400e+05 min centre F=0.0080121 t=19407s iv_checked=3.449e+08 iv_rejected=0
  it=48840 processed=3.478e+08 stack_boxes=6.571e+04 min centre F=0.0080121 t=19418s iv_checked=3.452e+08 iv_rejected=0
  it=48880 processed=3.479e+08 stack_boxes=6.795e+04 min centre F=0.0080121 t=19422s iv_checked=3.453e+08 iv_rejected=0
  it=48920 processed=3.479e+08 stack_boxes=6.487e+04 min centre F=0.0080121 t=19423s iv_checked=3.454e+08 iv_rejected=0
  it=48960 processed=3.479e+08 stack_boxes=6.595e+04 min centre F=0.0080121 t=19423s iv_checked=3.454e+08 iv_rejected=0
  it=49000 processed=3.479e+08 stack_boxes=6.458e+04 min centre F=0.0080121 t=19424s iv_checked=3.454e+08 iv_rejected=0
  it=49040 processed=3.480e+08 stack_boxes=6.429e+04 min centre F=0.0080121 t=19424s iv_checked=3.454e+08 iv_rejected=0
  it=49080 processed=3.480e+08 stack_boxes=6.496e+04 min centre F=0.0080121 t=19425s iv_checked=3.454e+08 iv_rejected=0
  it=49120 processed=3.480e+08 stack_boxes=6.402e+04 min centre F=0.0080121 t=19426s iv_checked=3.455e+08 iv_rejected=0
  it=49160 processed=3.480e+08 stack_boxes=6.391e+04 min centre F=0.0080121 t=19427s iv_checked=3.455e+08 iv_rejected=0
  it=49200 processed=3.480e+08 stack_boxes=6.392e+04 min centre F=0.0080121 t=19427s iv_checked=3.455e+08 iv_rejected=0
  it=49240 processed=3.481e+08 stack_boxes=6.347e+04 min centre F=0.0080121 t=19429s iv_checked=3.456e+08 iv_rejected=0
  it=49280 processed=3.481e+08 stack_boxes=6.318e+04 min centre F=0.0080121 t=19429s iv_checked=3.456e+08 iv_rejected=0
  it=49320 processed=3.481e+08 stack_boxes=6.268e+04 min centre F=0.0080121 t=19429s iv_checked=3.456e+08 iv_rejected=0
  it=49360 processed=3.481e+08 stack_boxes=6.250e+04 min centre F=0.0080121 t=19430s iv_checked=3.456e+08 iv_rejected=0
  it=49400 processed=3.482e+08 stack_boxes=6.277e+04 min centre F=0.0080121 t=19432s iv_checked=3.456e+08 iv_rejected=0
  it=49440 processed=3.483e+08 stack_boxes=6.221e+04 min centre F=0.0080121 t=19435s iv_checked=3.457e+08 iv_rejected=0
  it=49480 processed=3.484e+08 stack_boxes=6.190e+04 min centre F=0.0080121 t=19437s iv_checked=3.458e+08 iv_rejected=0
  it=49520 processed=3.484e+08 stack_boxes=6.162e+04 min centre F=0.0080121 t=19439s iv_checked=3.459e+08 iv_rejected=0
  it=49560 processed=3.485e+08 stack_boxes=6.382e+04 min centre F=0.0080121 t=19441s iv_checked=3.460e+08 iv_rejected=0
  it=49600 processed=3.485e+08 stack_boxes=6.404e+04 min centre F=0.0080121 t=19442s iv_checked=3.460e+08 iv_rejected=0
  it=49640 processed=3.488e+08 stack_boxes=6.265e+04 min centre F=0.0080121 t=19453s iv_checked=3.463e+08 iv_rejected=0
  it=49680 processed=3.489e+08 stack_boxes=6.129e+04 min centre F=0.0080121 t=19454s iv_checked=3.463e+08 iv_rejected=0
  it=49720 processed=3.489e+08 stack_boxes=6.093e+04 min centre F=0.0080121 t=19456s iv_checked=3.464e+08 iv_rejected=0
  it=49760 processed=3.490e+08 stack_boxes=6.244e+04 min centre F=0.0080121 t=19457s iv_checked=3.464e+08 iv_rejected=0
  it=49800 processed=3.490e+08 stack_boxes=6.298e+04 min centre F=0.0080121 t=19457s iv_checked=3.464e+08 iv_rejected=0
  it=49840 processed=3.490e+08 stack_boxes=6.074e+04 min centre F=0.0080121 t=19458s iv_checked=3.465e+08 iv_rejected=0
  it=49880 processed=3.490e+08 stack_boxes=6.033e+04 min centre F=0.0080121 t=19458s iv_checked=3.465e+08 iv_rejected=0
  it=49920 processed=3.491e+08 stack_boxes=6.047e+04 min centre F=0.0080121 t=19460s iv_checked=3.465e+08 iv_rejected=0
  it=49960 processed=3.491e+08 stack_boxes=6.094e+04 min centre F=0.0080121 t=19461s iv_checked=3.465e+08 iv_rejected=0
  it=50000 processed=3.491e+08 stack_boxes=6.038e+04 min centre F=0.0080121 t=19462s iv_checked=3.466e+08 iv_rejected=0
  it=50040 processed=3.491e+08 stack_boxes=5.968e+04 min centre F=0.0080121 t=19463s iv_checked=3.466e+08 iv_rejected=0
  it=50080 processed=3.491e+08 stack_boxes=5.955e+04 min centre F=0.0080121 t=19463s iv_checked=3.466e+08 iv_rejected=0
  it=50120 processed=3.492e+08 stack_boxes=6.000e+04 min centre F=0.0080121 t=19463s iv_checked=3.466e+08 iv_rejected=0
  it=50160 processed=3.493e+08 stack_boxes=5.844e+04 min centre F=0.0080121 t=19467s iv_checked=3.467e+08 iv_rejected=0
  it=50200 processed=3.493e+08 stack_boxes=5.882e+04 min centre F=0.0080121 t=19467s iv_checked=3.467e+08 iv_rejected=0
  it=50240 processed=3.493e+08 stack_boxes=5.844e+04 min centre F=0.0080121 t=19468s iv_checked=3.468e+08 iv_rejected=0
  it=50280 processed=3.493e+08 stack_boxes=5.917e+04 min centre F=0.0080121 t=19469s iv_checked=3.468e+08 iv_rejected=0
  it=50320 processed=3.494e+08 stack_boxes=5.824e+04 min centre F=0.0080121 t=19469s iv_checked=3.468e+08 iv_rejected=0
  it=50360 processed=3.494e+08 stack_boxes=5.806e+04 min centre F=0.0080121 t=19470s iv_checked=3.468e+08 iv_rejected=0
  it=50400 processed=3.494e+08 stack_boxes=5.764e+04 min centre F=0.0080121 t=19470s iv_checked=3.468e+08 iv_rejected=0
  it=50440 processed=3.494e+08 stack_boxes=5.773e+04 min centre F=0.0080121 t=19471s iv_checked=3.468e+08 iv_rejected=0
  it=50480 processed=3.494e+08 stack_boxes=5.809e+04 min centre F=0.0080121 t=19472s iv_checked=3.469e+08 iv_rejected=0
  it=50520 processed=3.494e+08 stack_boxes=5.705e+04 min centre F=0.0080121 t=19472s iv_checked=3.469e+08 iv_rejected=0
  it=50560 processed=3.495e+08 stack_boxes=6.652e+04 min centre F=0.0080121 t=19474s iv_checked=3.469e+08 iv_rejected=0
  it=50600 processed=3.495e+08 stack_boxes=5.682e+04 min centre F=0.0080121 t=19475s iv_checked=3.470e+08 iv_rejected=0
  it=50640 processed=3.496e+08 stack_boxes=5.701e+04 min centre F=0.0080121 t=19477s iv_checked=3.470e+08 iv_rejected=0
  it=50680 processed=3.497e+08 stack_boxes=5.776e+04 min centre F=0.0080121 t=19480s iv_checked=3.471e+08 iv_rejected=0
  it=50720 processed=3.498e+08 stack_boxes=5.717e+04 min centre F=0.0080121 t=19482s iv_checked=3.472e+08 iv_rejected=0
  it=50760 processed=3.498e+08 stack_boxes=5.727e+04 min centre F=0.0080121 t=19484s iv_checked=3.473e+08 iv_rejected=0
  it=50800 processed=3.499e+08 stack_boxes=5.739e+04 min centre F=0.0080121 t=19485s iv_checked=3.473e+08 iv_rejected=0
  it=50840 processed=3.500e+08 stack_boxes=5.573e+04 min centre F=0.0080121 t=19488s iv_checked=3.474e+08 iv_rejected=0
  it=50880 processed=3.500e+08 stack_boxes=5.591e+04 min centre F=0.0080121 t=19490s iv_checked=3.475e+08 iv_rejected=0
  it=50920 processed=3.501e+08 stack_boxes=5.549e+04 min centre F=0.0080121 t=19492s iv_checked=3.475e+08 iv_rejected=0
  it=50960 processed=3.501e+08 stack_boxes=5.539e+04 min centre F=0.0080121 t=19493s iv_checked=3.475e+08 iv_rejected=0
  it=51000 processed=3.501e+08 stack_boxes=5.609e+04 min centre F=0.0080121 t=19493s iv_checked=3.476e+08 iv_rejected=0
  it=51040 processed=3.501e+08 stack_boxes=5.500e+04 min centre F=0.0080121 t=19494s iv_checked=3.476e+08 iv_rejected=0
  it=51080 processed=3.501e+08 stack_boxes=5.522e+04 min centre F=0.0080121 t=19494s iv_checked=3.476e+08 iv_rejected=0
  it=51120 processed=3.502e+08 stack_boxes=5.494e+04 min centre F=0.0080121 t=19495s iv_checked=3.476e+08 iv_rejected=0
  it=51160 processed=3.502e+08 stack_boxes=5.468e+04 min centre F=0.0080121 t=19496s iv_checked=3.476e+08 iv_rejected=0
  it=51200 processed=3.502e+08 stack_boxes=5.430e+04 min centre F=0.0080121 t=19496s iv_checked=3.477e+08 iv_rejected=0
  it=51240 processed=3.502e+08 stack_boxes=5.768e+04 min centre F=0.0080121 t=19497s iv_checked=3.477e+08 iv_rejected=0
  it=51280 processed=3.503e+08 stack_boxes=5.425e+04 min centre F=0.0080121 t=19499s iv_checked=3.477e+08 iv_rejected=0
  it=51320 processed=3.504e+08 stack_boxes=5.396e+04 min centre F=0.0080121 t=19502s iv_checked=3.478e+08 iv_rejected=0
  it=51360 processed=3.504e+08 stack_boxes=5.247e+04 min centre F=0.0080121 t=19503s iv_checked=3.479e+08 iv_rejected=0
  it=51400 processed=3.504e+08 stack_boxes=5.244e+04 min centre F=0.0080121 t=19503s iv_checked=3.479e+08 iv_rejected=0
  it=51440 processed=3.504e+08 stack_boxes=5.348e+04 min centre F=0.0080121 t=19504s iv_checked=3.479e+08 iv_rejected=0
  it=51480 processed=3.505e+08 stack_boxes=5.189e+04 min centre F=0.0080121 t=19506s iv_checked=3.479e+08 iv_rejected=0
  it=51520 processed=3.506e+08 stack_boxes=5.293e+04 min centre F=0.0080121 t=19507s iv_checked=3.480e+08 iv_rejected=0
  it=51560 processed=3.506e+08 stack_boxes=5.298e+04 min centre F=0.0080121 t=19509s iv_checked=3.481e+08 iv_rejected=0
  it=51600 processed=3.507e+08 stack_boxes=5.225e+04 min centre F=0.0080121 t=19510s iv_checked=3.481e+08 iv_rejected=0
  it=51640 processed=3.507e+08 stack_boxes=5.128e+04 min centre F=0.0080121 t=19511s iv_checked=3.481e+08 iv_rejected=0
  it=51680 processed=3.508e+08 stack_boxes=5.351e+04 min centre F=0.0080121 t=19513s iv_checked=3.482e+08 iv_rejected=0
  it=51720 processed=3.508e+08 stack_boxes=5.104e+04 min centre F=0.0080121 t=19514s iv_checked=3.482e+08 iv_rejected=0
  it=51760 processed=3.508e+08 stack_boxes=5.361e+04 min centre F=0.0080121 t=19515s iv_checked=3.483e+08 iv_rejected=0
  it=51800 processed=3.508e+08 stack_boxes=5.083e+04 min centre F=0.0080121 t=19515s iv_checked=3.483e+08 iv_rejected=0
  it=51840 processed=3.509e+08 stack_boxes=5.200e+04 min centre F=0.0080121 t=19516s iv_checked=3.483e+08 iv_rejected=0
  it=51880 processed=3.509e+08 stack_boxes=5.140e+04 min centre F=0.0080121 t=19516s iv_checked=3.483e+08 iv_rejected=0
  it=51920 processed=3.509e+08 stack_boxes=5.015e+04 min centre F=0.0080121 t=19517s iv_checked=3.483e+08 iv_rejected=0
  it=51960 processed=3.509e+08 stack_boxes=5.111e+04 min centre F=0.0080121 t=19518s iv_checked=3.484e+08 iv_rejected=0
  it=52000 processed=3.510e+08 stack_boxes=5.096e+04 min centre F=0.0080121 t=19519s iv_checked=3.484e+08 iv_rejected=0
  it=52040 processed=3.510e+08 stack_boxes=4.972e+04 min centre F=0.0080121 t=19520s iv_checked=3.484e+08 iv_rejected=0
  it=52080 processed=3.511e+08 stack_boxes=4.963e+04 min centre F=0.0080121 t=19522s iv_checked=3.485e+08 iv_rejected=0
  it=52120 processed=3.511e+08 stack_boxes=4.993e+04 min centre F=0.0080121 t=19522s iv_checked=3.485e+08 iv_rejected=0
  it=52160 processed=3.511e+08 stack_boxes=4.926e+04 min centre F=0.0080121 t=19523s iv_checked=3.485e+08 iv_rejected=0
  it=52200 processed=3.511e+08 stack_boxes=4.853e+04 min centre F=0.0080121 t=19523s iv_checked=3.485e+08 iv_rejected=0
  it=52240 processed=3.512e+08 stack_boxes=4.850e+04 min centre F=0.0080121 t=19525s iv_checked=3.486e+08 iv_rejected=0
  it=52280 processed=3.512e+08 stack_boxes=4.961e+04 min centre F=0.0080121 t=19526s iv_checked=3.486e+08 iv_rejected=0
  it=52320 processed=3.513e+08 stack_boxes=4.986e+04 min centre F=0.0080121 t=19529s iv_checked=3.487e+08 iv_rejected=0
  it=52360 processed=3.514e+08 stack_boxes=5.705e+04 min centre F=0.0080121 t=19531s iv_checked=3.488e+08 iv_rejected=0
  it=52400 processed=3.515e+08 stack_boxes=5.338e+04 min centre F=0.0080121 t=19534s iv_checked=3.489e+08 iv_rejected=0
  it=52440 processed=3.516e+08 stack_boxes=4.746e+04 min centre F=0.0080121 t=19537s iv_checked=3.490e+08 iv_rejected=0
  it=52480 processed=3.516e+08 stack_boxes=4.726e+04 min centre F=0.0080121 t=19537s iv_checked=3.490e+08 iv_rejected=0
  it=52520 processed=3.517e+08 stack_boxes=6.724e+04 min centre F=0.0080121 t=19540s iv_checked=3.491e+08 iv_rejected=0
  it=52560 processed=3.519e+08 stack_boxes=4.702e+04 min centre F=0.0080121 t=19546s iv_checked=3.493e+08 iv_rejected=0
  it=52600 processed=3.519e+08 stack_boxes=4.725e+04 min centre F=0.0080121 t=19547s iv_checked=3.493e+08 iv_rejected=0
  it=52640 processed=3.519e+08 stack_boxes=4.668e+04 min centre F=0.0080121 t=19548s iv_checked=3.494e+08 iv_rejected=0
  it=52680 processed=3.520e+08 stack_boxes=4.652e+04 min centre F=0.0080121 t=19549s iv_checked=3.494e+08 iv_rejected=0
  it=52720 processed=3.520e+08 stack_boxes=4.674e+04 min centre F=0.0080121 t=19549s iv_checked=3.494e+08 iv_rejected=0
  it=52760 processed=3.520e+08 stack_boxes=4.631e+04 min centre F=0.0080121 t=19550s iv_checked=3.494e+08 iv_rejected=0
  it=52800 processed=3.520e+08 stack_boxes=4.618e+04 min centre F=0.0080121 t=19551s iv_checked=3.495e+08 iv_rejected=0
  it=52840 processed=3.521e+08 stack_boxes=4.608e+04 min centre F=0.0080121 t=19552s iv_checked=3.495e+08 iv_rejected=0
  it=52880 processed=3.521e+08 stack_boxes=4.583e+04 min centre F=0.0080121 t=19553s iv_checked=3.495e+08 iv_rejected=0
  it=52920 processed=3.521e+08 stack_boxes=4.564e+04 min centre F=0.0080121 t=19554s iv_checked=3.495e+08 iv_rejected=0
  it=52960 processed=3.521e+08 stack_boxes=4.550e+04 min centre F=0.0080121 t=19554s iv_checked=3.496e+08 iv_rejected=0
  it=53000 processed=3.523e+08 stack_boxes=4.546e+04 min centre F=0.0080121 t=19558s iv_checked=3.497e+08 iv_rejected=0
  it=53040 processed=3.523e+08 stack_boxes=4.272e+04 min centre F=0.0080121 t=19559s iv_checked=3.497e+08 iv_rejected=0
  it=53080 processed=3.523e+08 stack_boxes=4.229e+04 min centre F=0.0080121 t=19559s iv_checked=3.497e+08 iv_rejected=0
  it=53120 processed=3.524e+08 stack_boxes=4.065e+04 min centre F=0.0080121 t=19561s iv_checked=3.498e+08 iv_rejected=0
  it=53160 processed=3.524e+08 stack_boxes=4.103e+04 min centre F=0.0080121 t=19563s iv_checked=3.498e+08 iv_rejected=0
  it=53200 processed=3.525e+08 stack_boxes=4.800e+04 min centre F=0.0080121 t=19564s iv_checked=3.499e+08 iv_rejected=0
  it=53240 processed=3.530e+08 stack_boxes=7.930e+04 min centre F=0.0080121 t=19585s iv_checked=3.505e+08 iv_rejected=0
  it=53280 processed=3.532e+08 stack_boxes=4.106e+04 min centre F=0.0080121 t=19591s iv_checked=3.506e+08 iv_rejected=0
  it=53320 processed=3.534e+08 stack_boxes=3.971e+04 min centre F=0.0080121 t=19597s iv_checked=3.508e+08 iv_rejected=0
  it=53360 processed=3.535e+08 stack_boxes=3.952e+04 min centre F=0.0080121 t=19601s iv_checked=3.509e+08 iv_rejected=0
  it=53400 processed=3.535e+08 stack_boxes=3.931e+04 min centre F=0.0080121 t=19601s iv_checked=3.509e+08 iv_rejected=0
  it=53440 processed=3.536e+08 stack_boxes=3.916e+04 min centre F=0.0080121 t=19602s iv_checked=3.510e+08 iv_rejected=0
  it=53480 processed=3.536e+08 stack_boxes=3.903e+04 min centre F=0.0080121 t=19603s iv_checked=3.510e+08 iv_rejected=0
  it=53520 processed=3.536e+08 stack_boxes=3.890e+04 min centre F=0.0080121 t=19603s iv_checked=3.510e+08 iv_rejected=0
  it=53560 processed=3.536e+08 stack_boxes=4.013e+04 min centre F=0.0080121 t=19603s iv_checked=3.510e+08 iv_rejected=0
  it=53600 processed=3.536e+08 stack_boxes=3.865e+04 min centre F=0.0080121 t=19604s iv_checked=3.511e+08 iv_rejected=0
  it=53640 processed=3.536e+08 stack_boxes=3.845e+04 min centre F=0.0080121 t=19605s iv_checked=3.511e+08 iv_rejected=0
  it=53680 processed=3.537e+08 stack_boxes=3.825e+04 min centre F=0.0080121 t=19606s iv_checked=3.511e+08 iv_rejected=0
  it=53720 processed=3.537e+08 stack_boxes=3.862e+04 min centre F=0.0080121 t=19606s iv_checked=3.511e+08 iv_rejected=0
  it=53760 processed=3.537e+08 stack_boxes=3.754e+04 min centre F=0.0080121 t=19607s iv_checked=3.511e+08 iv_rejected=0
  it=53800 processed=3.537e+08 stack_boxes=3.651e+04 min centre F=0.0080121 t=19607s iv_checked=3.511e+08 iv_rejected=0
  it=53840 processed=3.537e+08 stack_boxes=3.638e+04 min centre F=0.0080121 t=19607s iv_checked=3.511e+08 iv_rejected=0
  it=53880 processed=3.538e+08 stack_boxes=3.616e+04 min centre F=0.0080121 t=19609s iv_checked=3.512e+08 iv_rejected=0
  it=53920 processed=3.539e+08 stack_boxes=3.590e+04 min centre F=0.0080121 t=19613s iv_checked=3.513e+08 iv_rejected=0
  it=53960 processed=3.541e+08 stack_boxes=4.322e+04 min centre F=0.0080121 t=19618s iv_checked=3.515e+08 iv_rejected=0
  it=54000 processed=3.541e+08 stack_boxes=3.812e+04 min centre F=0.0080121 t=19620s iv_checked=3.516e+08 iv_rejected=0
  it=54040 processed=3.542e+08 stack_boxes=3.581e+04 min centre F=0.0080121 t=19622s iv_checked=3.516e+08 iv_rejected=0
  it=54080 processed=3.543e+08 stack_boxes=3.519e+04 min centre F=0.0080121 t=19625s iv_checked=3.517e+08 iv_rejected=0
  it=54120 processed=3.543e+08 stack_boxes=3.532e+04 min centre F=0.0080121 t=19625s iv_checked=3.517e+08 iv_rejected=0
  it=54160 processed=3.544e+08 stack_boxes=3.600e+04 min centre F=0.0080121 t=19626s iv_checked=3.518e+08 iv_rejected=0
  it=54200 processed=3.544e+08 stack_boxes=3.491e+04 min centre F=0.0080121 t=19626s iv_checked=3.518e+08 iv_rejected=0
  it=54240 processed=3.544e+08 stack_boxes=3.465e+04 min centre F=0.0080121 t=19626s iv_checked=3.518e+08 iv_rejected=0
  it=54280 processed=3.544e+08 stack_boxes=3.459e+04 min centre F=0.0080121 t=19627s iv_checked=3.518e+08 iv_rejected=0
  it=54320 processed=3.544e+08 stack_boxes=3.434e+04 min centre F=0.0080121 t=19628s iv_checked=3.518e+08 iv_rejected=0
  it=54360 processed=3.544e+08 stack_boxes=3.424e+04 min centre F=0.0080121 t=19628s iv_checked=3.518e+08 iv_rejected=0
  it=54400 processed=3.544e+08 stack_boxes=3.501e+04 min centre F=0.0080121 t=19628s iv_checked=3.518e+08 iv_rejected=0
  it=54440 processed=3.545e+08 stack_boxes=3.474e+04 min centre F=0.0080121 t=19630s iv_checked=3.519e+08 iv_rejected=0
  it=54480 processed=3.545e+08 stack_boxes=3.393e+04 min centre F=0.0080121 t=19630s iv_checked=3.519e+08 iv_rejected=0
  it=54520 processed=3.545e+08 stack_boxes=3.365e+04 min centre F=0.0080121 t=19631s iv_checked=3.519e+08 iv_rejected=0
  it=54560 processed=3.545e+08 stack_boxes=3.369e+04 min centre F=0.0080121 t=19631s iv_checked=3.519e+08 iv_rejected=0
  it=54600 processed=3.545e+08 stack_boxes=3.358e+04 min centre F=0.0080121 t=19631s iv_checked=3.519e+08 iv_rejected=0
  it=54640 processed=3.546e+08 stack_boxes=3.258e+04 min centre F=0.0080121 t=19633s iv_checked=3.520e+08 iv_rejected=0
  it=54680 processed=3.546e+08 stack_boxes=3.363e+04 min centre F=0.0080121 t=19633s iv_checked=3.520e+08 iv_rejected=0
  it=54720 processed=3.547e+08 stack_boxes=3.407e+04 min centre F=0.0080121 t=19636s iv_checked=3.521e+08 iv_rejected=0
  it=54760 processed=3.548e+08 stack_boxes=4.305e+04 min centre F=0.0080121 t=19639s iv_checked=3.522e+08 iv_rejected=0
  it=54800 processed=3.549e+08 stack_boxes=3.438e+04 min centre F=0.0080121 t=19641s iv_checked=3.523e+08 iv_rejected=0
  it=54840 processed=3.550e+08 stack_boxes=3.187e+04 min centre F=0.0080121 t=19645s iv_checked=3.524e+08 iv_rejected=0
  it=54880 processed=3.551e+08 stack_boxes=3.402e+04 min centre F=0.0080121 t=19648s iv_checked=3.525e+08 iv_rejected=0
  it=54920 processed=3.552e+08 stack_boxes=3.175e+04 min centre F=0.0080121 t=19651s iv_checked=3.526e+08 iv_rejected=0
  it=54960 processed=3.552e+08 stack_boxes=3.110e+04 min centre F=0.0080121 t=19653s iv_checked=3.527e+08 iv_rejected=0
  it=55000 processed=3.553e+08 stack_boxes=3.271e+04 min centre F=0.0080121 t=19654s iv_checked=3.527e+08 iv_rejected=0
  it=55040 processed=3.555e+08 stack_boxes=3.100e+04 min centre F=0.0080121 t=19660s iv_checked=3.529e+08 iv_rejected=0
  it=55080 processed=3.555e+08 stack_boxes=3.086e+04 min centre F=0.0080121 t=19660s iv_checked=3.529e+08 iv_rejected=0
  it=55120 processed=3.555e+08 stack_boxes=3.046e+04 min centre F=0.0080121 t=19661s iv_checked=3.529e+08 iv_rejected=0
  it=55160 processed=3.555e+08 stack_boxes=3.033e+04 min centre F=0.0080121 t=19661s iv_checked=3.529e+08 iv_rejected=0
  it=55200 processed=3.555e+08 stack_boxes=3.039e+04 min centre F=0.0080121 t=19661s iv_checked=3.529e+08 iv_rejected=0
  it=55240 processed=3.555e+08 stack_boxes=3.088e+04 min centre F=0.0080121 t=19662s iv_checked=3.529e+08 iv_rejected=0
  it=55280 processed=3.555e+08 stack_boxes=3.004e+04 min centre F=0.0080121 t=19663s iv_checked=3.529e+08 iv_rejected=0
  it=55320 processed=3.556e+08 stack_boxes=2.997e+04 min centre F=0.0080121 t=19663s iv_checked=3.530e+08 iv_rejected=0
  it=55360 processed=3.556e+08 stack_boxes=2.979e+04 min centre F=0.0080121 t=19663s iv_checked=3.530e+08 iv_rejected=0
  it=55400 processed=3.556e+08 stack_boxes=2.954e+04 min centre F=0.0080121 t=19664s iv_checked=3.530e+08 iv_rejected=0
  it=55440 processed=3.558e+08 stack_boxes=2.971e+04 min centre F=0.0080121 t=19670s iv_checked=3.532e+08 iv_rejected=0
  it=55480 processed=3.559e+08 stack_boxes=2.957e+04 min centre F=0.0080121 t=19673s iv_checked=3.533e+08 iv_rejected=0
  it=55520 processed=3.561e+08 stack_boxes=2.902e+04 min centre F=0.0080121 t=19683s iv_checked=3.535e+08 iv_rejected=0
  it=55560 processed=3.561e+08 stack_boxes=2.930e+04 min centre F=0.0080121 t=19683s iv_checked=3.535e+08 iv_rejected=0
  it=55600 processed=3.562e+08 stack_boxes=2.870e+04 min centre F=0.0080121 t=19684s iv_checked=3.536e+08 iv_rejected=0
  it=55640 processed=3.562e+08 stack_boxes=2.884e+04 min centre F=0.0080121 t=19684s iv_checked=3.536e+08 iv_rejected=0
  it=55680 processed=3.562e+08 stack_boxes=2.858e+04 min centre F=0.0080121 t=19685s iv_checked=3.536e+08 iv_rejected=0
  it=55720 processed=3.562e+08 stack_boxes=2.828e+04 min centre F=0.0080121 t=19686s iv_checked=3.536e+08 iv_rejected=0
  it=55760 processed=3.562e+08 stack_boxes=2.820e+04 min centre F=0.0080121 t=19686s iv_checked=3.536e+08 iv_rejected=0
  it=55800 processed=3.563e+08 stack_boxes=2.812e+04 min centre F=0.0080121 t=19687s iv_checked=3.537e+08 iv_rejected=0
  it=55840 processed=3.563e+08 stack_boxes=2.781e+04 min centre F=0.0080121 t=19689s iv_checked=3.537e+08 iv_rejected=0
  it=55880 processed=3.564e+08 stack_boxes=2.781e+04 min centre F=0.0080121 t=19690s iv_checked=3.537e+08 iv_rejected=0
  it=55920 processed=3.564e+08 stack_boxes=2.749e+04 min centre F=0.0080121 t=19690s iv_checked=3.538e+08 iv_rejected=0
  it=55960 processed=3.564e+08 stack_boxes=2.734e+04 min centre F=0.0080121 t=19691s iv_checked=3.538e+08 iv_rejected=0
  it=56000 processed=3.565e+08 stack_boxes=2.706e+04 min centre F=0.0080121 t=19693s iv_checked=3.539e+08 iv_rejected=0
  it=56040 processed=3.565e+08 stack_boxes=2.699e+04 min centre F=0.0080121 t=19695s iv_checked=3.539e+08 iv_rejected=0
  it=56080 processed=3.566e+08 stack_boxes=2.678e+04 min centre F=0.0080121 t=19698s iv_checked=3.540e+08 iv_rejected=0
  it=56120 processed=3.567e+08 stack_boxes=3.334e+04 min centre F=0.0080121 t=19700s iv_checked=3.541e+08 iv_rejected=0
  it=56160 processed=3.569e+08 stack_boxes=2.639e+04 min centre F=0.0080121 t=19707s iv_checked=3.543e+08 iv_rejected=0
  it=56200 processed=3.569e+08 stack_boxes=2.892e+04 min centre F=0.0080121 t=19708s iv_checked=3.543e+08 iv_rejected=0
  it=56240 processed=3.570e+08 stack_boxes=2.617e+04 min centre F=0.0080121 t=19709s iv_checked=3.544e+08 iv_rejected=0
  it=56280 processed=3.570e+08 stack_boxes=2.596e+04 min centre F=0.0080121 t=19709s iv_checked=3.544e+08 iv_rejected=0
  it=56320 processed=3.570e+08 stack_boxes=2.761e+04 min centre F=0.0080121 t=19710s iv_checked=3.544e+08 iv_rejected=0
  it=56360 processed=3.570e+08 stack_boxes=2.590e+04 min centre F=0.0080121 t=19710s iv_checked=3.544e+08 iv_rejected=0
  it=56400 processed=3.570e+08 stack_boxes=2.542e+04 min centre F=0.0080121 t=19711s iv_checked=3.544e+08 iv_rejected=0
  it=56440 processed=3.571e+08 stack_boxes=2.540e+04 min centre F=0.0080121 t=19711s iv_checked=3.544e+08 iv_rejected=0
  it=56480 processed=3.571e+08 stack_boxes=2.813e+04 min centre F=0.0080121 t=19712s iv_checked=3.545e+08 iv_rejected=0
  it=56520 processed=3.571e+08 stack_boxes=2.500e+04 min centre F=0.0080121 t=19713s iv_checked=3.545e+08 iv_rejected=0
  it=56560 processed=3.571e+08 stack_boxes=2.482e+04 min centre F=0.0080121 t=19714s iv_checked=3.545e+08 iv_rejected=0
  it=56600 processed=3.572e+08 stack_boxes=3.477e+04 min centre F=0.0080121 t=19717s iv_checked=3.546e+08 iv_rejected=0
  it=56640 processed=3.573e+08 stack_boxes=2.457e+04 min centre F=0.0080121 t=19717s iv_checked=3.546e+08 iv_rejected=0
  it=56680 processed=3.573e+08 stack_boxes=2.308e+04 min centre F=0.0080121 t=19718s iv_checked=3.547e+08 iv_rejected=0
  it=56720 processed=3.573e+08 stack_boxes=2.295e+04 min centre F=0.0080121 t=19720s iv_checked=3.547e+08 iv_rejected=0
  it=56760 processed=3.574e+08 stack_boxes=2.649e+04 min centre F=0.0080121 t=19721s iv_checked=3.548e+08 iv_rejected=0
  it=56800 processed=3.574e+08 stack_boxes=2.630e+04 min centre F=0.0080121 t=19723s iv_checked=3.548e+08 iv_rejected=0
  it=56840 processed=3.575e+08 stack_boxes=2.542e+04 min centre F=0.0080121 t=19725s iv_checked=3.549e+08 iv_rejected=0
  it=56880 processed=3.576e+08 stack_boxes=2.215e+04 min centre F=0.0080121 t=19728s iv_checked=3.550e+08 iv_rejected=0
  it=56920 processed=3.577e+08 stack_boxes=2.199e+04 min centre F=0.0080121 t=19729s iv_checked=3.550e+08 iv_rejected=0
  it=56960 processed=3.578e+08 stack_boxes=2.455e+04 min centre F=0.0080121 t=19734s iv_checked=3.552e+08 iv_rejected=0
  it=57000 processed=3.582e+08 stack_boxes=2.169e+04 min centre F=0.0080121 t=19749s iv_checked=3.556e+08 iv_rejected=0
  it=57040 processed=3.583e+08 stack_boxes=2.490e+04 min centre F=0.0080121 t=19750s iv_checked=3.557e+08 iv_rejected=0
  it=57080 processed=3.583e+08 stack_boxes=2.150e+04 min centre F=0.0080121 t=19751s iv_checked=3.557e+08 iv_rejected=0
  it=57120 processed=3.585e+08 stack_boxes=2.129e+04 min centre F=0.0080121 t=19757s iv_checked=3.559e+08 iv_rejected=0
  it=57160 processed=3.585e+08 stack_boxes=2.107e+04 min centre F=0.0080121 t=19757s iv_checked=3.559e+08 iv_rejected=0
  it=57200 processed=3.585e+08 stack_boxes=2.128e+04 min centre F=0.0080121 t=19758s iv_checked=3.559e+08 iv_rejected=0
  it=57240 processed=3.585e+08 stack_boxes=2.082e+04 min centre F=0.0080121 t=19758s iv_checked=3.559e+08 iv_rejected=0
  it=57280 processed=3.585e+08 stack_boxes=2.064e+04 min centre F=0.0080121 t=19758s iv_checked=3.559e+08 iv_rejected=0
  it=57320 processed=3.586e+08 stack_boxes=2.106e+04 min centre F=0.0080121 t=19759s iv_checked=3.560e+08 iv_rejected=0
  it=57360 processed=3.586e+08 stack_boxes=2.107e+04 min centre F=0.0080121 t=19760s iv_checked=3.560e+08 iv_rejected=0
  it=57400 processed=3.586e+08 stack_boxes=2.081e+04 min centre F=0.0080121 t=19761s iv_checked=3.560e+08 iv_rejected=0
  it=57440 processed=3.586e+08 stack_boxes=2.053e+04 min centre F=0.0080121 t=19761s iv_checked=3.560e+08 iv_rejected=0
  it=57480 processed=3.586e+08 stack_boxes=1.983e+04 min centre F=0.0080121 t=19762s iv_checked=3.560e+08 iv_rejected=0
  it=57520 processed=3.586e+08 stack_boxes=1.962e+04 min centre F=0.0080121 t=19762s iv_checked=3.560e+08 iv_rejected=0
  it=57560 processed=3.587e+08 stack_boxes=2.263e+04 min centre F=0.0080121 t=19763s iv_checked=3.561e+08 iv_rejected=0
  it=57600 processed=3.587e+08 stack_boxes=1.889e+04 min centre F=0.0080121 t=19763s iv_checked=3.561e+08 iv_rejected=0
  it=57640 processed=3.588e+08 stack_boxes=1.910e+04 min centre F=0.0080121 t=19765s iv_checked=3.561e+08 iv_rejected=0
  it=57680 processed=3.588e+08 stack_boxes=1.847e+04 min centre F=0.0080121 t=19767s iv_checked=3.562e+08 iv_rejected=0
  it=57720 processed=3.589e+08 stack_boxes=1.827e+04 min centre F=0.0080121 t=19770s iv_checked=3.563e+08 iv_rejected=0
  it=57760 processed=3.590e+08 stack_boxes=1.805e+04 min centre F=0.0080121 t=19771s iv_checked=3.564e+08 iv_rejected=0
  it=57800 processed=3.591e+08 stack_boxes=2.383e+04 min centre F=0.0080121 t=19773s iv_checked=3.564e+08 iv_rejected=0
  it=57840 processed=3.593e+08 stack_boxes=1.773e+04 min centre F=0.0080121 t=19780s iv_checked=3.567e+08 iv_rejected=0
  it=57880 processed=3.594e+08 stack_boxes=1.941e+04 min centre F=0.0080121 t=19783s iv_checked=3.568e+08 iv_rejected=0
  it=57920 processed=3.598e+08 stack_boxes=6.436e+04 min centre F=0.0080121 t=19797s iv_checked=3.572e+08 iv_rejected=0
  it=57960 processed=3.599e+08 stack_boxes=1.752e+04 min centre F=0.0080121 t=19802s iv_checked=3.573e+08 iv_rejected=0
  it=58000 processed=3.600e+08 stack_boxes=1.736e+04 min centre F=0.0080121 t=19803s iv_checked=3.574e+08 iv_rejected=0
  it=58040 processed=3.600e+08 stack_boxes=1.825e+04 min centre F=0.0080121 t=19803s iv_checked=3.574e+08 iv_rejected=0
  it=58080 processed=3.600e+08 stack_boxes=1.859e+04 min centre F=0.0080121 t=19804s iv_checked=3.574e+08 iv_rejected=0
  it=58120 processed=3.600e+08 stack_boxes=1.729e+04 min centre F=0.0080121 t=19804s iv_checked=3.574e+08 iv_rejected=0
  it=58160 processed=3.600e+08 stack_boxes=1.676e+04 min centre F=0.0080121 t=19804s iv_checked=3.574e+08 iv_rejected=0
  it=58200 processed=3.601e+08 stack_boxes=1.659e+04 min centre F=0.0080121 t=19805s iv_checked=3.574e+08 iv_rejected=0
  it=58240 processed=3.601e+08 stack_boxes=1.638e+04 min centre F=0.0080121 t=19806s iv_checked=3.575e+08 iv_rejected=0
  it=58280 processed=3.602e+08 stack_boxes=1.623e+04 min centre F=0.0080121 t=19809s iv_checked=3.575e+08 iv_rejected=0
  it=58320 processed=3.602e+08 stack_boxes=1.610e+04 min centre F=0.0080121 t=19809s iv_checked=3.576e+08 iv_rejected=0
  it=58360 processed=3.602e+08 stack_boxes=1.589e+04 min centre F=0.0080121 t=19810s iv_checked=3.576e+08 iv_rejected=0
  it=58400 processed=3.602e+08 stack_boxes=1.267e+04 min centre F=0.0080121 t=19810s iv_checked=3.576e+08 iv_rejected=0
  it=58440 processed=3.603e+08 stack_boxes=1.122e+04 min centre F=0.0080121 t=19812s iv_checked=3.576e+08 iv_rejected=0
  it=58480 processed=3.605e+08 stack_boxes=1.273e+04 min centre F=0.0080121 t=19820s iv_checked=3.579e+08 iv_rejected=0
  it=58520 processed=3.606e+08 stack_boxes=1.160e+04 min centre F=0.0080121 t=19821s iv_checked=3.579e+08 iv_rejected=0
  it=58560 processed=3.606e+08 stack_boxes=1.049e+04 min centre F=0.0080121 t=19822s iv_checked=3.580e+08 iv_rejected=0
  it=58600 processed=3.608e+08 stack_boxes=1.114e+04 min centre F=0.0080121 t=19829s iv_checked=3.582e+08 iv_rejected=0
  it=58640 processed=3.608e+08 stack_boxes=1.015e+04 min centre F=0.0080121 t=19829s iv_checked=3.582e+08 iv_rejected=0
  it=58680 processed=3.608e+08 stack_boxes=9.884e+03 min centre F=0.0080121 t=19829s iv_checked=3.582e+08 iv_rejected=0
  it=58720 processed=3.608e+08 stack_boxes=9.727e+03 min centre F=0.0080121 t=19830s iv_checked=3.582e+08 iv_rejected=0
  it=58760 processed=3.609e+08 stack_boxes=9.676e+03 min centre F=0.0080121 t=19831s iv_checked=3.582e+08 iv_rejected=0
  it=58800 processed=3.609e+08 stack_boxes=9.572e+03 min centre F=0.0080121 t=19832s iv_checked=3.583e+08 iv_rejected=0
  it=58840 processed=3.610e+08 stack_boxes=9.737e+03 min centre F=0.0080121 t=19833s iv_checked=3.583e+08 iv_rejected=0
  it=58880 processed=3.610e+08 stack_boxes=9.232e+03 min centre F=0.0080121 t=19833s iv_checked=3.583e+08 iv_rejected=0
  it=58920 processed=3.610e+08 stack_boxes=9.220e+03 min centre F=0.0080121 t=19834s iv_checked=3.584e+08 iv_rejected=0
  it=58960 processed=3.611e+08 stack_boxes=1.276e+04 min centre F=0.0080121 t=19836s iv_checked=3.584e+08 iv_rejected=0
  it=59000 processed=3.611e+08 stack_boxes=8.880e+03 min centre F=0.0080121 t=19837s iv_checked=3.585e+08 iv_rejected=0
  it=59040 processed=3.612e+08 stack_boxes=8.713e+03 min centre F=0.0080121 t=19838s iv_checked=3.585e+08 iv_rejected=0
  it=59080 processed=3.612e+08 stack_boxes=7.992e+03 min centre F=0.0080121 t=19839s iv_checked=3.586e+08 iv_rejected=0
  it=59120 processed=3.614e+08 stack_boxes=7.527e+03 min centre F=0.0080121 t=19846s iv_checked=3.588e+08 iv_rejected=0
  it=59160 processed=3.614e+08 stack_boxes=7.156e+03 min centre F=0.0080121 t=19846s iv_checked=3.588e+08 iv_rejected=0
  it=59200 processed=3.615e+08 stack_boxes=7.012e+03 min centre F=0.0080121 t=19848s iv_checked=3.588e+08 iv_rejected=0
  it=59240 processed=3.616e+08 stack_boxes=6.438e+03 min centre F=0.0080121 t=19852s iv_checked=3.590e+08 iv_rejected=0
  it=59280 processed=3.617e+08 stack_boxes=6.301e+03 min centre F=0.0080121 t=19855s iv_checked=3.591e+08 iv_rejected=0
  it=59320 processed=3.617e+08 stack_boxes=8.438e+03 min centre F=0.0080121 t=19857s iv_checked=3.591e+08 iv_rejected=0
  it=59360 processed=3.618e+08 stack_boxes=1.068e+04 min centre F=0.0080121 t=19858s iv_checked=3.592e+08 iv_rejected=0
  it=59400 processed=3.620e+08 stack_boxes=5.872e+03 min centre F=0.0080121 t=19864s iv_checked=3.594e+08 iv_rejected=0
  it=59440 processed=3.623e+08 stack_boxes=5.717e+03 min centre F=0.0080121 t=19877s iv_checked=3.597e+08 iv_rejected=0
  it=59480 processed=3.624e+08 stack_boxes=1.283e+04 min centre F=0.0080121 t=19878s iv_checked=3.598e+08 iv_rejected=0
  it=59520 processed=3.625e+08 stack_boxes=6.273e+03 min centre F=0.0080121 t=19881s iv_checked=3.598e+08 iv_rejected=0
  it=59560 processed=3.625e+08 stack_boxes=5.192e+03 min centre F=0.0080121 t=19881s iv_checked=3.599e+08 iv_rejected=0
  it=59600 processed=3.625e+08 stack_boxes=5.042e+03 min centre F=0.0080121 t=19882s iv_checked=3.599e+08 iv_rejected=0
  it=59640 processed=3.625e+08 stack_boxes=4.907e+03 min centre F=0.0080121 t=19882s iv_checked=3.599e+08 iv_rejected=0
  it=59680 processed=3.625e+08 stack_boxes=4.775e+03 min centre F=0.0080121 t=19883s iv_checked=3.599e+08 iv_rejected=0
  it=59720 processed=3.625e+08 stack_boxes=5.404e+03 min centre F=0.0080121 t=19883s iv_checked=3.599e+08 iv_rejected=0
  it=59760 processed=3.626e+08 stack_boxes=6.220e+03 min centre F=0.0080121 t=19884s iv_checked=3.599e+08 iv_rejected=0
  it=59800 processed=3.626e+08 stack_boxes=4.599e+03 min centre F=0.0080121 t=19885s iv_checked=3.600e+08 iv_rejected=0
  it=59840 processed=3.626e+08 stack_boxes=6.698e+03 min centre F=0.0080121 t=19886s iv_checked=3.600e+08 iv_rejected=0
  it=59880 processed=3.627e+08 stack_boxes=4.153e+03 min centre F=0.0080121 t=19888s iv_checked=3.601e+08 iv_rejected=0
  it=59920 processed=3.627e+08 stack_boxes=3.968e+03 min centre F=0.0080121 t=19889s iv_checked=3.601e+08 iv_rejected=0
  it=59960 processed=3.627e+08 stack_boxes=3.382e+03 min centre F=0.0080121 t=19889s iv_checked=3.601e+08 iv_rejected=0
  it=60000 processed=3.628e+08 stack_boxes=3.136e+03 min centre F=0.0080121 t=19890s iv_checked=3.602e+08 iv_rejected=0
  it=60040 processed=3.628e+08 stack_boxes=3.033e+03 min centre F=0.0080121 t=19891s iv_checked=3.602e+08 iv_rejected=0
  it=60080 processed=3.629e+08 stack_boxes=3.673e+03 min centre F=0.0080121 t=19893s iv_checked=3.603e+08 iv_rejected=0
  it=60120 processed=3.630e+08 stack_boxes=2.542e+03 min centre F=0.0080121 t=19898s iv_checked=3.604e+08 iv_rejected=0
  it=60160 processed=3.631e+08 stack_boxes=3.998e+03 min centre F=0.0080121 t=19900s iv_checked=3.605e+08 iv_rejected=0
  it=60200 processed=3.632e+08 stack_boxes=6.730e+03 min centre F=0.0080121 t=19903s iv_checked=3.606e+08 iv_rejected=0
  it=60240 processed=3.634e+08 stack_boxes=2.175e+03 min centre F=0.0080121 t=19907s iv_checked=3.607e+08 iv_rejected=0
  it=60280 processed=3.635e+08 stack_boxes=2.801e+04 min centre F=0.0080121 t=19911s iv_checked=3.609e+08 iv_rejected=0
  it=60320 processed=3.637e+08 stack_boxes=1.691e+03 min centre F=0.0080121 t=19918s iv_checked=3.610e+08 iv_rejected=0
  it=60360 processed=3.637e+08 stack_boxes=2.139e+03 min centre F=0.0080121 t=19919s iv_checked=3.611e+08 iv_rejected=0
  it=60400 processed=3.640e+08 stack_boxes=1.449e+03 min centre F=0.0080121 t=19931s iv_checked=3.614e+08 iv_rejected=0
  it=60440 processed=3.640e+08 stack_boxes=1.291e+03 min centre F=0.0080121 t=19931s iv_checked=3.614e+08 iv_rejected=0
  it=60480 processed=3.641e+08 stack_boxes=1.047e+03 min centre F=0.0080121 t=19932s iv_checked=3.614e+08 iv_rejected=0
  it=60520 processed=3.641e+08 stack_boxes=9.700e+02 min centre F=0.0080121 t=19932s iv_checked=3.614e+08 iv_rejected=0
  it=60560 processed=3.641e+08 stack_boxes=8.560e+02 min centre F=0.0080121 t=19932s iv_checked=3.614e+08 iv_rejected=0
  it=60600 processed=3.641e+08 stack_boxes=9.730e+02 min centre F=0.0080121 t=19933s iv_checked=3.615e+08 iv_rejected=0
  it=60640 processed=3.641e+08 stack_boxes=6.340e+02 min centre F=0.0080121 t=19934s iv_checked=3.615e+08 iv_rejected=0
  it=60680 processed=3.641e+08 stack_boxes=6.530e+02 min centre F=0.0080121 t=19934s iv_checked=3.615e+08 iv_rejected=0
  it=60720 processed=3.642e+08 stack_boxes=1.380e+02 min centre F=0.0080121 t=19935s iv_checked=3.615e+08 iv_rejected=0
  it=60760 processed=3.642e+08 stack_boxes=1.000e+01 min centre F=0.0080121 t=19935s iv_checked=3.615e+08 iv_rejected=0
{'ok': True, 'processed': 364174861, 'worst': (0.008012143984198236, array([1.046875  , 2.921875  , 1.0390625 , 1.03515625, 1.0390625 ,
       2.921875  , 1.046875  ])), 'time': 19935.124549627304, 'backend': 'flint', 'prec': 64, 'engine': 'numpy', 'mode': 'hybrid', 'iv_checked': 361530708, 'iv_rejected': 0, 'domain_pruned': 2644153, 'iv_time': 17961.966, 'kernel_cache': 0, 'lb3': True, 'sym': True, 'acc_by_lb3_only': 5757447, 'theoremG': {'m': 147, 'H': '[0.67219332138207632060 +/- 2.63e-21]', 'p_lower': 0.6733736895411908, 'p': '[0.673373689541191 +/- 1.62e-16]'}}
