bnb_interval: alpha=poly8A K=8 mu=1/1700 c_claim=0.00796 backend=auto prec=64 engine=numpy mode=hybrid workers=1 lb3=True sym=True axis=grad
objective: sha256=9b09b50eb8f0b5dfd0d95055a994f206cbf3700c3c02098b51e7af2d3e5536f7 (K=8 alpha=poly8A mu=1/1700 claim=199/25000 weights=w_poly8A_K8_mu1700.json sha256=257b340d9da4f343600a21589f16d8915f3e082499d475e153c5453980671e78 window=win_poly8A.json sha256=c4005f57a7920f78aa2df33b093c9c5030efac2b8e39fc6cf7371b0c0f32dc14 sym=True lb3=True engine=numpy pure=False backend=auto prec=64)
  resumed from runs/R1003/r4_1.ckpt: processed=0.000e+00 stack_boxes=1.148e+05
  resumed checkpoint sha256=3bc1fedf2dcb885e11001dd4486d5a46e020012944ce27f1e8d7b53beb1ee0b9
  it=40 processed=1.087e+05 stack_boxes=1.153e+05 min centre F=0.0080121 t=4s iv_checked=1.071e+05 iv_rejected=0
  it=80 processed=1.915e+05 stack_boxes=1.168e+05 min centre F=0.0080121 t=7s iv_checked=1.893e+05 iv_rejected=0
  it=120 processed=2.440e+05 stack_boxes=1.150e+05 min centre F=0.0080121 t=10s iv_checked=2.417e+05 iv_rejected=0
  it=160 processed=3.660e+05 stack_boxes=1.149e+05 min centre F=0.0080121 t=16s iv_checked=3.636e+05 iv_rejected=0
  it=200 processed=4.562e+05 stack_boxes=1.138e+05 min centre F=0.0080121 t=19s iv_checked=4.534e+05 iv_rejected=0
  it=240 processed=4.907e+05 stack_boxes=1.173e+05 min centre F=0.0080121 t=20s iv_checked=4.869e+05 iv_rejected=0
  it=280 processed=6.348e+05 stack_boxes=1.136e+05 min centre F=0.0080121 t=26s iv_checked=6.298e+05 iv_rejected=0
  it=320 processed=6.387e+05 stack_boxes=1.135e+05 min centre F=0.0080121 t=26s iv_checked=6.337e+05 iv_rejected=0
  it=360 processed=6.506e+05 stack_boxes=1.133e+05 min centre F=0.0080121 t=27s iv_checked=6.456e+05 iv_rejected=0
  it=400 processed=6.762e+05 stack_boxes=1.133e+05 min centre F=0.0080121 t=28s iv_checked=6.712e+05 iv_rejected=0
  it=440 processed=6.864e+05 stack_boxes=1.133e+05 min centre F=0.0080121 t=28s iv_checked=6.812e+05 iv_rejected=0
  it=480 processed=6.939e+05 stack_boxes=1.128e+05 min centre F=0.0080121 t=29s iv_checked=6.886e+05 iv_rejected=0
  it=520 processed=7.238e+05 stack_boxes=1.136e+05 min centre F=0.0080121 t=30s iv_checked=7.182e+05 iv_rejected=0
  it=560 processed=7.724e+05 stack_boxes=1.127e+05 min centre F=0.0080121 t=32s iv_checked=7.665e+05 iv_rejected=0
  it=600 processed=7.842e+05 stack_boxes=1.124e+05 min centre F=0.0080121 t=32s iv_checked=7.781e+05 iv_rejected=0
  it=640 processed=7.958e+05 stack_boxes=1.121e+05 min centre F=0.0080121 t=33s iv_checked=7.895e+05 iv_rejected=0
  it=680 processed=8.497e+05 stack_boxes=1.125e+05 min centre F=0.0080121 t=35s iv_checked=8.435e+05 iv_rejected=0
  it=720 processed=8.778e+05 stack_boxes=1.116e+05 min centre F=0.0080121 t=36s iv_checked=8.714e+05 iv_rejected=0
  it=760 processed=8.860e+05 stack_boxes=1.105e+05 min centre F=0.0080121 t=37s iv_checked=8.792e+05 iv_rejected=0
  it=800 processed=1.064e+06 stack_boxes=1.102e+05 min centre F=0.0080121 t=44s iv_checked=1.057e+06 iv_rejected=0
  it=840 processed=1.118e+06 stack_boxes=1.153e+05 min centre F=0.0080121 t=46s iv_checked=1.111e+06 iv_rejected=0
  it=880 processed=1.205e+06 stack_boxes=1.161e+05 min centre F=0.0080121 t=50s iv_checked=1.197e+06 iv_rejected=0
  it=920 processed=1.322e+06 stack_boxes=1.121e+05 min centre F=0.0080121 t=55s iv_checked=1.314e+06 iv_rejected=0
  it=960 processed=1.481e+06 stack_boxes=1.109e+05 min centre F=0.0080121 t=63s iv_checked=1.473e+06 iv_rejected=0
  it=1000 processed=1.772e+06 stack_boxes=1.094e+05 min centre F=0.0080121 t=75s iv_checked=1.764e+06 iv_rejected=0
  it=1040 processed=1.843e+06 stack_boxes=1.121e+05 min centre F=0.0080121 t=78s iv_checked=1.834e+06 iv_rejected=0
  it=1080 processed=1.870e+06 stack_boxes=1.093e+05 min centre F=0.0080121 t=79s iv_checked=1.860e+06 iv_rejected=0
  it=1120 processed=1.960e+06 stack_boxes=1.146e+05 min centre F=0.0080121 t=82s iv_checked=1.950e+06 iv_rejected=0
  it=1160 processed=1.974e+06 stack_boxes=1.087e+05 min centre F=0.0080121 t=82s iv_checked=1.964e+06 iv_rejected=0
  it=1200 processed=1.982e+06 stack_boxes=1.086e+05 min centre F=0.0080121 t=83s iv_checked=1.972e+06 iv_rejected=0
  it=1240 processed=1.998e+06 stack_boxes=1.088e+05 min centre F=0.0080121 t=83s iv_checked=1.988e+06 iv_rejected=0
  it=1280 processed=2.009e+06 stack_boxes=1.082e+05 min centre F=0.0080121 t=84s iv_checked=1.999e+06 iv_rejected=0
  it=1320 processed=2.019e+06 stack_boxes=1.081e+05 min centre F=0.0080121 t=84s iv_checked=2.009e+06 iv_rejected=0
  it=1360 processed=2.046e+06 stack_boxes=1.080e+05 min centre F=0.0080121 t=85s iv_checked=2.036e+06 iv_rejected=0
  it=1400 processed=2.088e+06 stack_boxes=1.078e+05 min centre F=0.0080121 t=87s iv_checked=2.078e+06 iv_rejected=0
  it=1440 processed=2.101e+06 stack_boxes=1.078e+05 min centre F=0.0080121 t=88s iv_checked=2.090e+06 iv_rejected=0
  it=1480 processed=2.119e+06 stack_boxes=1.078e+05 min centre F=0.0080121 t=88s iv_checked=2.108e+06 iv_rejected=0
  it=1520 processed=2.126e+06 stack_boxes=1.076e+05 min centre F=0.0080121 t=89s iv_checked=2.115e+06 iv_rejected=0
  it=1560 processed=2.154e+06 stack_boxes=1.078e+05 min centre F=0.0080121 t=90s iv_checked=2.143e+06 iv_rejected=0
  it=1600 processed=2.166e+06 stack_boxes=1.072e+05 min centre F=0.0080121 t=90s iv_checked=2.154e+06 iv_rejected=0
  it=1640 processed=2.175e+06 stack_boxes=1.063e+05 min centre F=0.0080121 t=91s iv_checked=2.163e+06 iv_rejected=0
  it=1680 processed=2.242e+06 stack_boxes=1.061e+05 min centre F=0.0080121 t=93s iv_checked=2.229e+06 iv_rejected=0
  it=1720 processed=2.376e+06 stack_boxes=1.059e+05 min centre F=0.0080121 t=98s iv_checked=2.363e+06 iv_rejected=0
  it=1760 processed=2.455e+06 stack_boxes=1.089e+05 min centre F=0.0080121 t=101s iv_checked=2.440e+06 iv_rejected=0
  it=1800 processed=2.629e+06 stack_boxes=1.079e+05 min centre F=0.0080121 t=109s iv_checked=2.614e+06 iv_rejected=0
  it=1840 processed=2.805e+06 stack_boxes=1.054e+05 min centre F=0.0080121 t=117s iv_checked=2.790e+06 iv_rejected=0
  it=1880 processed=2.912e+06 stack_boxes=1.343e+05 min centre F=0.0080121 t=121s iv_checked=2.896e+06 iv_rejected=0
  it=1920 processed=3.186e+06 stack_boxes=1.052e+05 min centre F=0.0080121 t=134s iv_checked=3.170e+06 iv_rejected=0
  it=1960 processed=3.247e+06 stack_boxes=1.053e+05 min centre F=0.0080121 t=137s iv_checked=3.231e+06 iv_rejected=0
  it=2000 processed=3.276e+06 stack_boxes=1.051e+05 min centre F=0.0080121 t=138s iv_checked=3.260e+06 iv_rejected=0
  it=2040 processed=3.282e+06 stack_boxes=1.046e+05 min centre F=0.0080121 t=138s iv_checked=3.265e+06 iv_rejected=0
  it=2080 processed=3.302e+06 stack_boxes=1.071e+05 min centre F=0.0080121 t=139s iv_checked=3.285e+06 iv_rejected=0
  it=2120 processed=3.316e+06 stack_boxes=1.044e+05 min centre F=0.0080121 t=140s iv_checked=3.299e+06 iv_rejected=0
  it=2160 processed=3.320e+06 stack_boxes=1.041e+05 min centre F=0.0080121 t=140s iv_checked=3.303e+06 iv_rejected=0
  it=2200 processed=3.340e+06 stack_boxes=1.049e+05 min centre F=0.0080121 t=141s iv_checked=3.322e+06 iv_rejected=0
  it=2240 processed=3.380e+06 stack_boxes=1.042e+05 min centre F=0.0080121 t=142s iv_checked=3.362e+06 iv_rejected=0
  it=2280 processed=3.394e+06 stack_boxes=1.045e+05 min centre F=0.0080121 t=143s iv_checked=3.376e+06 iv_rejected=0
  it=2320 processed=3.411e+06 stack_boxes=1.050e+05 min centre F=0.0080121 t=144s iv_checked=3.393e+06 iv_rejected=0
  it=2360 processed=3.569e+06 stack_boxes=1.034e+05 min centre F=0.0080121 t=151s iv_checked=3.549e+06 iv_rejected=0
  it=2400 processed=3.589e+06 stack_boxes=1.012e+05 min centre F=0.0080121 t=152s iv_checked=3.569e+06 iv_rejected=0
  it=2440 processed=3.607e+06 stack_boxes=9.864e+04 min centre F=0.0080121 t=153s iv_checked=3.587e+06 iv_rejected=0
  it=2480 processed=3.716e+06 stack_boxes=1.043e+05 min centre F=0.0080121 t=157s iv_checked=3.696e+06 iv_rejected=0
  it=2520 processed=3.775e+06 stack_boxes=1.034e+05 min centre F=0.0080121 t=159s iv_checked=3.755e+06 iv_rejected=0
  it=2560 processed=3.957e+06 stack_boxes=9.786e+04 min centre F=0.0080121 t=166s iv_checked=3.935e+06 iv_rejected=0
  it=2600 processed=3.988e+06 stack_boxes=9.911e+04 min centre F=0.0080121 t=168s iv_checked=3.965e+06 iv_rejected=0
  it=2640 processed=4.050e+06 stack_boxes=9.766e+04 min centre F=0.0080121 t=170s iv_checked=4.027e+06 iv_rejected=0
  it=2680 processed=4.054e+06 stack_boxes=9.761e+04 min centre F=0.0080121 t=171s iv_checked=4.031e+06 iv_rejected=0
  it=2720 processed=4.071e+06 stack_boxes=9.723e+04 min centre F=0.0080121 t=171s iv_checked=4.048e+06 iv_rejected=0
  it=2760 processed=4.081e+06 stack_boxes=9.720e+04 min centre F=0.0080121 t=172s iv_checked=4.059e+06 iv_rejected=0
  it=2800 processed=4.091e+06 stack_boxes=9.701e+04 min centre F=0.0080121 t=172s iv_checked=4.068e+06 iv_rejected=0
  it=2840 processed=4.094e+06 stack_boxes=9.718e+04 min centre F=0.0080121 t=173s iv_checked=4.071e+06 iv_rejected=0
  it=2880 processed=4.138e+06 stack_boxes=9.766e+04 min centre F=0.0080121 t=175s iv_checked=4.115e+06 iv_rejected=0
  it=2920 processed=4.156e+06 stack_boxes=9.761e+04 min centre F=0.0080121 t=176s iv_checked=4.133e+06 iv_rejected=0
  it=2960 processed=4.174e+06 stack_boxes=9.680e+04 min centre F=0.0080121 t=176s iv_checked=4.151e+06 iv_rejected=0
  it=3000 processed=4.185e+06 stack_boxes=9.631e+04 min centre F=0.0080121 t=177s iv_checked=4.162e+06 iv_rejected=0
  it=3040 processed=4.201e+06 stack_boxes=9.769e+04 min centre F=0.0080121 t=178s iv_checked=4.177e+06 iv_rejected=0
  it=3080 processed=4.222e+06 stack_boxes=9.456e+04 min centre F=0.0080121 t=178s iv_checked=4.198e+06 iv_rejected=0
  it=3120 processed=4.227e+06 stack_boxes=9.463e+04 min centre F=0.0080121 t=179s iv_checked=4.203e+06 iv_rejected=0
  it=3160 processed=4.281e+06 stack_boxes=9.643e+04 min centre F=0.0080121 t=181s iv_checked=4.257e+06 iv_rejected=0
  it=3200 processed=4.396e+06 stack_boxes=9.598e+04 min centre F=0.0080121 t=186s iv_checked=4.371e+06 iv_rejected=0
  it=3240 processed=4.483e+06 stack_boxes=1.004e+05 min centre F=0.0080121 t=189s iv_checked=4.459e+06 iv_rejected=0
  it=3280 processed=4.578e+06 stack_boxes=1.036e+05 min centre F=0.0080121 t=194s iv_checked=4.554e+06 iv_rejected=0
  it=3320 processed=4.792e+06 stack_boxes=9.382e+04 min centre F=0.0080121 t=203s iv_checked=4.766e+06 iv_rejected=0
  it=3360 processed=4.950e+06 stack_boxes=9.547e+04 min centre F=0.0080121 t=209s iv_checked=4.924e+06 iv_rejected=0
  it=3400 processed=5.062e+06 stack_boxes=9.387e+04 min centre F=0.0080121 t=214s iv_checked=5.035e+06 iv_rejected=0
  it=3440 processed=5.087e+06 stack_boxes=9.296e+04 min centre F=0.0080121 t=215s iv_checked=5.060e+06 iv_rejected=0
  it=3480 processed=5.202e+06 stack_boxes=9.282e+04 min centre F=0.0080121 t=219s iv_checked=5.175e+06 iv_rejected=0
  it=3520 processed=5.208e+06 stack_boxes=9.273e+04 min centre F=0.0080121 t=220s iv_checked=5.180e+06 iv_rejected=0
  it=3560 processed=5.235e+06 stack_boxes=9.271e+04 min centre F=0.0080121 t=221s iv_checked=5.208e+06 iv_rejected=0
  it=3600 processed=5.252e+06 stack_boxes=9.259e+04 min centre F=0.0080121 t=222s iv_checked=5.224e+06 iv_rejected=0
  it=3640 processed=5.270e+06 stack_boxes=9.223e+04 min centre F=0.0080121 t=223s iv_checked=5.242e+06 iv_rejected=0
  it=3680 processed=5.298e+06 stack_boxes=9.446e+04 min centre F=0.0080121 t=224s iv_checked=5.270e+06 iv_rejected=0
  it=3720 processed=5.349e+06 stack_boxes=9.219e+04 min centre F=0.0080121 t=226s iv_checked=5.319e+06 iv_rejected=0
  it=3760 processed=5.368e+06 stack_boxes=9.187e+04 min centre F=0.0080121 t=227s iv_checked=5.338e+06 iv_rejected=0
  it=3800 processed=5.380e+06 stack_boxes=9.160e+04 min centre F=0.0080121 t=228s iv_checked=5.350e+06 iv_rejected=0
  it=3840 processed=5.390e+06 stack_boxes=9.141e+04 min centre F=0.0080121 t=228s iv_checked=5.360e+06 iv_rejected=0
  it=3880 processed=5.401e+06 stack_boxes=9.084e+04 min centre F=0.0080121 t=229s iv_checked=5.371e+06 iv_rejected=0
  it=3920 processed=5.409e+06 stack_boxes=9.056e+04 min centre F=0.0080121 t=229s iv_checked=5.379e+06 iv_rejected=0
  it=3960 processed=5.421e+06 stack_boxes=9.044e+04 min centre F=0.0080121 t=230s iv_checked=5.391e+06 iv_rejected=0
  it=4000 processed=5.506e+06 stack_boxes=9.128e+04 min centre F=0.0080121 t=233s iv_checked=5.476e+06 iv_rejected=0
  it=4040 processed=5.622e+06 stack_boxes=9.044e+04 min centre F=0.0080121 t=239s iv_checked=5.591e+06 iv_rejected=0
  it=4080 processed=5.700e+06 stack_boxes=8.969e+04 min centre F=0.0080121 t=242s iv_checked=5.669e+06 iv_rejected=0
  it=4120 processed=5.796e+06 stack_boxes=9.008e+04 min centre F=0.0080121 t=245s iv_checked=5.765e+06 iv_rejected=0
  it=4160 processed=5.909e+06 stack_boxes=9.128e+04 min centre F=0.0080121 t=250s iv_checked=5.878e+06 iv_rejected=0
  it=4200 processed=5.941e+06 stack_boxes=8.929e+04 min centre F=0.0080121 t=252s iv_checked=5.910e+06 iv_rejected=0
  it=4240 processed=6.233e+06 stack_boxes=8.936e+04 min centre F=0.0080121 t=266s iv_checked=6.201e+06 iv_rejected=0
  it=4280 processed=6.586e+06 stack_boxes=1.189e+05 min centre F=0.0080121 t=282s iv_checked=6.553e+06 iv_rejected=0
  it=4320 processed=6.672e+06 stack_boxes=8.889e+04 min centre F=0.0080121 t=285s iv_checked=6.638e+06 iv_rejected=0
  it=4360 processed=6.681e+06 stack_boxes=8.907e+04 min centre F=0.0080121 t=285s iv_checked=6.647e+06 iv_rejected=0
  it=4400 processed=6.695e+06 stack_boxes=8.884e+04 min centre F=0.0080121 t=286s iv_checked=6.661e+06 iv_rejected=0
  it=4440 processed=6.701e+06 stack_boxes=8.858e+04 min centre F=0.0080121 t=287s iv_checked=6.667e+06 iv_rejected=0
  it=4480 processed=6.705e+06 stack_boxes=8.858e+04 min centre F=0.0080121 t=287s iv_checked=6.671e+06 iv_rejected=0
  it=4520 processed=6.737e+06 stack_boxes=8.804e+04 min centre F=0.0080121 t=288s iv_checked=6.703e+06 iv_rejected=0
  it=4560 processed=6.760e+06 stack_boxes=8.794e+04 min centre F=0.0080121 t=289s iv_checked=6.726e+06 iv_rejected=0
  it=4600 processed=6.832e+06 stack_boxes=8.878e+04 min centre F=0.0080121 t=292s iv_checked=6.797e+06 iv_rejected=0
  it=4640 processed=6.846e+06 stack_boxes=8.790e+04 min centre F=0.0080121 t=293s iv_checked=6.811e+06 iv_rejected=0
  it=4680 processed=6.874e+06 stack_boxes=8.750e+04 min centre F=0.0080121 t=294s iv_checked=6.839e+06 iv_rejected=0
  it=4720 processed=6.899e+06 stack_boxes=8.755e+04 min centre F=0.0080121 t=295s iv_checked=6.863e+06 iv_rejected=0
  it=4760 processed=6.928e+06 stack_boxes=8.747e+04 min centre F=0.0080121 t=297s iv_checked=6.893e+06 iv_rejected=0
  it=4800 processed=6.940e+06 stack_boxes=8.729e+04 min centre F=0.0080121 t=297s iv_checked=6.904e+06 iv_rejected=0
  it=4840 processed=6.999e+06 stack_boxes=8.790e+04 min centre F=0.0080121 t=299s iv_checked=6.962e+06 iv_rejected=0
  it=4880 processed=7.012e+06 stack_boxes=8.801e+04 min centre F=0.0080121 t=300s iv_checked=6.974e+06 iv_rejected=0
  it=4920 processed=7.090e+06 stack_boxes=9.024e+04 min centre F=0.0080121 t=303s iv_checked=7.053e+06 iv_rejected=0
  it=4960 processed=7.263e+06 stack_boxes=8.666e+04 min centre F=0.0080121 t=310s iv_checked=7.225e+06 iv_rejected=0
  it=5000 processed=7.315e+06 stack_boxes=8.609e+04 min centre F=0.0080121 t=311s iv_checked=7.277e+06 iv_rejected=0
  it=5040 processed=7.378e+06 stack_boxes=9.045e+04 min centre F=0.0080121 t=314s iv_checked=7.339e+06 iv_rejected=0
  it=5080 processed=7.414e+06 stack_boxes=8.619e+04 min centre F=0.0080121 t=315s iv_checked=7.375e+06 iv_rejected=0
  it=5120 processed=7.581e+06 stack_boxes=1.095e+05 min centre F=0.0080121 t=322s iv_checked=7.541e+06 iv_rejected=0
  it=5160 processed=7.783e+06 stack_boxes=8.559e+04 min centre F=0.0080121 t=330s iv_checked=7.742e+06 iv_rejected=0
  it=5200 processed=7.876e+06 stack_boxes=8.547e+04 min centre F=0.0080121 t=334s iv_checked=7.833e+06 iv_rejected=0
  it=5240 processed=7.881e+06 stack_boxes=8.529e+04 min centre F=0.0080121 t=334s iv_checked=7.837e+06 iv_rejected=0
  it=5280 processed=7.895e+06 stack_boxes=8.515e+04 min centre F=0.0080121 t=335s iv_checked=7.851e+06 iv_rejected=0
  it=5320 processed=7.903e+06 stack_boxes=8.516e+04 min centre F=0.0080121 t=335s iv_checked=7.859e+06 iv_rejected=0
  it=5360 processed=7.913e+06 stack_boxes=8.482e+04 min centre F=0.0080121 t=336s iv_checked=7.869e+06 iv_rejected=0
  it=5400 processed=7.931e+06 stack_boxes=8.566e+04 min centre F=0.0080121 t=337s iv_checked=7.887e+06 iv_rejected=0
  it=5440 processed=7.947e+06 stack_boxes=8.454e+04 min centre F=0.0080121 t=337s iv_checked=7.903e+06 iv_rejected=0
  it=5480 processed=7.966e+06 stack_boxes=8.444e+04 min centre F=0.0080121 t=338s iv_checked=7.921e+06 iv_rejected=0
  it=5520 processed=7.986e+06 stack_boxes=8.504e+04 min centre F=0.0080121 t=339s iv_checked=7.941e+06 iv_rejected=0
  it=5560 processed=8.035e+06 stack_boxes=8.407e+04 min centre F=0.0080121 t=341s iv_checked=7.989e+06 iv_rejected=0
  it=5600 processed=8.099e+06 stack_boxes=8.436e+04 min centre F=0.0080121 t=344s iv_checked=8.053e+06 iv_rejected=0
  it=5640 processed=8.117e+06 stack_boxes=8.257e+04 min centre F=0.0080121 t=345s iv_checked=8.070e+06 iv_rejected=0
  it=5680 processed=8.122e+06 stack_boxes=8.258e+04 min centre F=0.0080121 t=345s iv_checked=8.075e+06 iv_rejected=0
  it=5720 processed=8.172e+06 stack_boxes=8.271e+04 min centre F=0.0080121 t=347s iv_checked=8.125e+06 iv_rejected=0
  it=5760 processed=8.251e+06 stack_boxes=8.190e+04 min centre F=0.0080121 t=351s iv_checked=8.203e+06 iv_rejected=0
  it=5800 processed=8.362e+06 stack_boxes=8.222e+04 min centre F=0.0080121 t=355s iv_checked=8.315e+06 iv_rejected=0
  it=5840 processed=8.437e+06 stack_boxes=8.360e+04 min centre F=0.0080121 t=358s iv_checked=8.389e+06 iv_rejected=0
  it=5880 processed=8.515e+06 stack_boxes=8.252e+04 min centre F=0.0080121 t=361s iv_checked=8.467e+06 iv_rejected=0
  it=5920 processed=8.629e+06 stack_boxes=8.115e+04 min centre F=0.0080121 t=366s iv_checked=8.580e+06 iv_rejected=0
  it=5960 processed=8.995e+06 stack_boxes=8.168e+04 min centre F=0.0080121 t=383s iv_checked=8.945e+06 iv_rejected=0
  it=6000 processed=9.300e+06 stack_boxes=8.204e+04 min centre F=0.0080121 t=398s iv_checked=9.250e+06 iv_rejected=0
  it=6040 processed=9.340e+06 stack_boxes=8.080e+04 min centre F=0.0080121 t=400s iv_checked=9.290e+06 iv_rejected=0
  it=6080 processed=9.350e+06 stack_boxes=8.055e+04 min centre F=0.0080121 t=400s iv_checked=9.299e+06 iv_rejected=0
  it=6120 processed=9.367e+06 stack_boxes=8.039e+04 min centre F=0.0080121 t=401s iv_checked=9.316e+06 iv_rejected=0
  it=6160 processed=9.380e+06 stack_boxes=8.024e+04 min centre F=0.0080121 t=401s iv_checked=9.329e+06 iv_rejected=0
  it=6200 processed=9.406e+06 stack_boxes=8.038e+04 min centre F=0.0080121 t=403s iv_checked=9.354e+06 iv_rejected=0
  it=6240 processed=9.412e+06 stack_boxes=8.123e+04 min centre F=0.0080121 t=403s iv_checked=9.361e+06 iv_rejected=0
  it=6280 processed=9.459e+06 stack_boxes=8.018e+04 min centre F=0.0080121 t=405s iv_checked=9.407e+06 iv_rejected=0
  it=6320 processed=9.480e+06 stack_boxes=8.076e+04 min centre F=0.0080121 t=406s iv_checked=9.428e+06 iv_rejected=0
  it=6360 processed=9.516e+06 stack_boxes=8.206e+04 min centre F=0.0080121 t=407s iv_checked=9.463e+06 iv_rejected=0
  it=6400 processed=9.537e+06 stack_boxes=8.006e+04 min centre F=0.0080121 t=408s iv_checked=9.485e+06 iv_rejected=0
  it=6440 processed=9.547e+06 stack_boxes=7.929e+04 min centre F=0.0080121 t=409s iv_checked=9.494e+06 iv_rejected=0
  it=6480 processed=9.560e+06 stack_boxes=7.856e+04 min centre F=0.0080121 t=409s iv_checked=9.508e+06 iv_rejected=0
  it=6520 processed=9.569e+06 stack_boxes=7.849e+04 min centre F=0.0080121 t=410s iv_checked=9.516e+06 iv_rejected=0
  it=6560 processed=9.596e+06 stack_boxes=8.469e+04 min centre F=0.0080121 t=411s iv_checked=9.543e+06 iv_rejected=0
  it=6600 processed=9.715e+06 stack_boxes=8.601e+04 min centre F=0.0080121 t=415s iv_checked=9.661e+06 iv_rejected=0
  it=6640 processed=9.833e+06 stack_boxes=8.695e+04 min centre F=0.0080121 t=420s iv_checked=9.778e+06 iv_rejected=0
  it=6680 processed=9.952e+06 stack_boxes=7.988e+04 min centre F=0.0080121 t=425s iv_checked=9.897e+06 iv_rejected=0
  it=6720 processed=1.019e+07 stack_boxes=7.736e+04 min centre F=0.0080121 t=435s iv_checked=1.013e+07 iv_rejected=0
  it=6760 processed=1.029e+07 stack_boxes=8.920e+04 min centre F=0.0080121 t=439s iv_checked=1.024e+07 iv_rejected=0
  it=6800 processed=1.044e+07 stack_boxes=7.728e+04 min centre F=0.0080121 t=446s iv_checked=1.039e+07 iv_rejected=0
  it=6840 processed=1.061e+07 stack_boxes=7.754e+04 min centre F=0.0080121 t=453s iv_checked=1.055e+07 iv_rejected=0
  it=6880 processed=1.064e+07 stack_boxes=7.706e+04 min centre F=0.0080121 t=454s iv_checked=1.058e+07 iv_rejected=0
  it=6920 processed=1.064e+07 stack_boxes=7.677e+04 min centre F=0.0080121 t=454s iv_checked=1.058e+07 iv_rejected=0
  it=6960 processed=1.065e+07 stack_boxes=7.677e+04 min centre F=0.0080121 t=455s iv_checked=1.059e+07 iv_rejected=0
  it=7000 processed=1.066e+07 stack_boxes=7.644e+04 min centre F=0.0080121 t=456s iv_checked=1.061e+07 iv_rejected=0
  it=7040 processed=1.069e+07 stack_boxes=7.628e+04 min centre F=0.0080121 t=457s iv_checked=1.064e+07 iv_rejected=0
  it=7080 processed=1.070e+07 stack_boxes=7.618e+04 min centre F=0.0080121 t=457s iv_checked=1.065e+07 iv_rejected=0
  it=7120 processed=1.074e+07 stack_boxes=7.742e+04 min centre F=0.0080121 t=459s iv_checked=1.069e+07 iv_rejected=0
  it=7160 processed=1.077e+07 stack_boxes=7.588e+04 min centre F=0.0080121 t=460s iv_checked=1.071e+07 iv_rejected=0
  it=7200 processed=1.079e+07 stack_boxes=7.570e+04 min centre F=0.0080121 t=461s iv_checked=1.073e+07 iv_rejected=0
  it=7240 processed=1.080e+07 stack_boxes=7.552e+04 min centre F=0.0080121 t=461s iv_checked=1.074e+07 iv_rejected=0
  it=7280 processed=1.084e+07 stack_boxes=7.758e+04 min centre F=0.0080121 t=463s iv_checked=1.078e+07 iv_rejected=0
  it=7320 processed=1.085e+07 stack_boxes=7.207e+04 min centre F=0.0080121 t=464s iv_checked=1.080e+07 iv_rejected=0
  it=7360 processed=1.092e+07 stack_boxes=7.286e+04 min centre F=0.0080121 t=467s iv_checked=1.087e+07 iv_rejected=0
  it=7400 processed=1.097e+07 stack_boxes=7.242e+04 min centre F=0.0080121 t=468s iv_checked=1.091e+07 iv_rejected=0
  it=7440 processed=1.101e+07 stack_boxes=7.027e+04 min centre F=0.0080121 t=470s iv_checked=1.095e+07 iv_rejected=0
  it=7480 processed=1.108e+07 stack_boxes=6.988e+04 min centre F=0.0080121 t=473s iv_checked=1.102e+07 iv_rejected=0
  it=7520 processed=1.112e+07 stack_boxes=7.018e+04 min centre F=0.0080121 t=474s iv_checked=1.106e+07 iv_rejected=0
  it=7560 processed=1.114e+07 stack_boxes=6.963e+04 min centre F=0.0080121 t=475s iv_checked=1.108e+07 iv_rejected=0
  it=7600 processed=1.114e+07 stack_boxes=6.938e+04 min centre F=0.0080121 t=475s iv_checked=1.108e+07 iv_rejected=0
  it=7640 processed=1.117e+07 stack_boxes=6.942e+04 min centre F=0.0080121 t=476s iv_checked=1.111e+07 iv_rejected=0
  it=7680 processed=1.118e+07 stack_boxes=6.909e+04 min centre F=0.0080121 t=476s iv_checked=1.112e+07 iv_rejected=0
  it=7720 processed=1.119e+07 stack_boxes=6.894e+04 min centre F=0.0080121 t=477s iv_checked=1.113e+07 iv_rejected=0
  it=7760 processed=1.122e+07 stack_boxes=6.884e+04 min centre F=0.0080121 t=478s iv_checked=1.116e+07 iv_rejected=0
  it=7800 processed=1.125e+07 stack_boxes=6.909e+04 min centre F=0.0080121 t=480s iv_checked=1.119e+07 iv_rejected=0
  it=7840 processed=1.127e+07 stack_boxes=6.870e+04 min centre F=0.0080121 t=480s iv_checked=1.121e+07 iv_rejected=0
  it=7880 processed=1.129e+07 stack_boxes=6.840e+04 min centre F=0.0080121 t=481s iv_checked=1.123e+07 iv_rejected=0
  it=7920 processed=1.130e+07 stack_boxes=6.827e+04 min centre F=0.0080121 t=482s iv_checked=1.124e+07 iv_rejected=0
  it=7960 processed=1.132e+07 stack_boxes=6.912e+04 min centre F=0.0080121 t=482s iv_checked=1.126e+07 iv_rejected=0
  it=8000 processed=1.135e+07 stack_boxes=6.662e+04 min centre F=0.0080121 t=483s iv_checked=1.129e+07 iv_rejected=0
  it=8040 processed=1.136e+07 stack_boxes=6.653e+04 min centre F=0.0080121 t=483s iv_checked=1.129e+07 iv_rejected=0
  it=8080 processed=1.137e+07 stack_boxes=6.646e+04 min centre F=0.0080121 t=484s iv_checked=1.131e+07 iv_rejected=0
  it=8120 processed=1.146e+07 stack_boxes=6.686e+04 min centre F=0.0080121 t=488s iv_checked=1.139e+07 iv_rejected=0
  it=8160 processed=1.155e+07 stack_boxes=6.752e+04 min centre F=0.0080121 t=491s iv_checked=1.148e+07 iv_rejected=0
  it=8200 processed=1.165e+07 stack_boxes=6.658e+04 min centre F=0.0080121 t=494s iv_checked=1.158e+07 iv_rejected=0
  it=8240 processed=1.175e+07 stack_boxes=6.560e+04 min centre F=0.0080121 t=497s iv_checked=1.169e+07 iv_rejected=0
  it=8280 processed=1.185e+07 stack_boxes=6.851e+04 min centre F=0.0080121 t=500s iv_checked=1.178e+07 iv_rejected=0
  it=8320 processed=1.227e+07 stack_boxes=7.341e+04 min centre F=0.0080121 t=514s iv_checked=1.220e+07 iv_rejected=0
  it=8360 processed=1.231e+07 stack_boxes=6.546e+04 min centre F=0.0080121 t=515s iv_checked=1.224e+07 iv_rejected=0
  it=8400 processed=1.249e+07 stack_boxes=6.995e+04 min centre F=0.0080121 t=522s iv_checked=1.242e+07 iv_rejected=0
  it=8440 processed=1.250e+07 stack_boxes=6.481e+04 min centre F=0.0080121 t=522s iv_checked=1.243e+07 iv_rejected=0
  it=8480 processed=1.252e+07 stack_boxes=6.521e+04 min centre F=0.0080121 t=523s iv_checked=1.245e+07 iv_rejected=0
  it=8520 processed=1.253e+07 stack_boxes=6.487e+04 min centre F=0.0080121 t=524s iv_checked=1.246e+07 iv_rejected=0
  it=8560 processed=1.255e+07 stack_boxes=6.430e+04 min centre F=0.0080121 t=524s iv_checked=1.248e+07 iv_rejected=0
  it=8600 processed=1.255e+07 stack_boxes=6.432e+04 min centre F=0.0080121 t=524s iv_checked=1.248e+07 iv_rejected=0
  it=8640 processed=1.259e+07 stack_boxes=6.409e+04 min centre F=0.0080121 t=526s iv_checked=1.252e+07 iv_rejected=0
  it=8680 processed=1.264e+07 stack_boxes=6.400e+04 min centre F=0.0080121 t=527s iv_checked=1.257e+07 iv_rejected=0
  it=8720 processed=1.266e+07 stack_boxes=6.372e+04 min centre F=0.0080121 t=527s iv_checked=1.259e+07 iv_rejected=0
  it=8760 processed=1.267e+07 stack_boxes=6.358e+04 min centre F=0.0080121 t=528s iv_checked=1.260e+07 iv_rejected=0
  it=8800 processed=1.268e+07 stack_boxes=6.527e+04 min centre F=0.0080121 t=528s iv_checked=1.261e+07 iv_rejected=0
  it=8840 processed=1.270e+07 stack_boxes=6.352e+04 min centre F=0.0080121 t=529s iv_checked=1.263e+07 iv_rejected=0
  it=8880 processed=1.270e+07 stack_boxes=6.260e+04 min centre F=0.0080121 t=529s iv_checked=1.263e+07 iv_rejected=0
  it=8920 processed=1.272e+07 stack_boxes=6.618e+04 min centre F=0.0080121 t=530s iv_checked=1.265e+07 iv_rejected=0
  it=8960 processed=1.281e+07 stack_boxes=6.649e+04 min centre F=0.0080121 t=533s iv_checked=1.274e+07 iv_rejected=0
  it=9000 processed=1.296e+07 stack_boxes=6.312e+04 min centre F=0.0080121 t=537s iv_checked=1.289e+07 iv_rejected=0
  it=9040 processed=1.304e+07 stack_boxes=6.181e+04 min centre F=0.0080121 t=540s iv_checked=1.297e+07 iv_rejected=0
  it=9080 processed=1.319e+07 stack_boxes=6.321e+04 min centre F=0.0080121 t=545s iv_checked=1.312e+07 iv_rejected=0
  it=9120 processed=1.326e+07 stack_boxes=6.427e+04 min centre F=0.0080121 t=546s iv_checked=1.318e+07 iv_rejected=0
  it=9160 processed=1.334e+07 stack_boxes=6.122e+04 min centre F=0.0080121 t=549s iv_checked=1.326e+07 iv_rejected=0
  it=9200 processed=1.338e+07 stack_boxes=6.113e+04 min centre F=0.0080121 t=550s iv_checked=1.330e+07 iv_rejected=0
  it=9240 processed=1.341e+07 stack_boxes=6.100e+04 min centre F=0.0080121 t=551s iv_checked=1.334e+07 iv_rejected=0
  it=9280 processed=1.342e+07 stack_boxes=6.074e+04 min centre F=0.0080121 t=551s iv_checked=1.334e+07 iv_rejected=0
  it=9320 processed=1.344e+07 stack_boxes=6.057e+04 min centre F=0.0080121 t=552s iv_checked=1.336e+07 iv_rejected=0
  it=9360 processed=1.345e+07 stack_boxes=6.043e+04 min centre F=0.0080121 t=552s iv_checked=1.337e+07 iv_rejected=0
  it=9400 processed=1.345e+07 stack_boxes=6.032e+04 min centre F=0.0080121 t=553s iv_checked=1.337e+07 iv_rejected=0
  it=9440 processed=1.347e+07 stack_boxes=6.106e+04 min centre F=0.0080121 t=553s iv_checked=1.340e+07 iv_rejected=0
  it=9480 processed=1.353e+07 stack_boxes=6.044e+04 min centre F=0.0080121 t=555s iv_checked=1.345e+07 iv_rejected=0
  it=9520 processed=1.357e+07 stack_boxes=6.043e+04 min centre F=0.0080121 t=556s iv_checked=1.349e+07 iv_rejected=0
  it=9560 processed=1.360e+07 stack_boxes=6.063e+04 min centre F=0.0080121 t=557s iv_checked=1.352e+07 iv_rejected=0
  it=9600 processed=1.362e+07 stack_boxes=6.514e+04 min centre F=0.0080121 t=558s iv_checked=1.354e+07 iv_rejected=0
  it=9640 processed=1.368e+07 stack_boxes=5.894e+04 min centre F=0.0080121 t=560s iv_checked=1.360e+07 iv_rejected=0
  it=9680 processed=1.374e+07 stack_boxes=5.887e+04 min centre F=0.0080121 t=562s iv_checked=1.366e+07 iv_rejected=0
  it=9720 processed=1.377e+07 stack_boxes=6.862e+04 min centre F=0.0080121 t=563s iv_checked=1.369e+07 iv_rejected=0
  it=9760 processed=1.385e+07 stack_boxes=5.827e+04 min centre F=0.0080121 t=565s iv_checked=1.376e+07 iv_rejected=0
  it=9800 processed=1.386e+07 stack_boxes=5.870e+04 min centre F=0.0080121 t=566s iv_checked=1.378e+07 iv_rejected=0
  it=9840 processed=1.389e+07 stack_boxes=5.849e+04 min centre F=0.0080121 t=567s iv_checked=1.381e+07 iv_rejected=0
  it=9880 processed=1.390e+07 stack_boxes=5.761e+04 min centre F=0.0080121 t=567s iv_checked=1.382e+07 iv_rejected=0
  it=9920 processed=1.392e+07 stack_boxes=5.816e+04 min centre F=0.0080121 t=568s iv_checked=1.383e+07 iv_rejected=0
  it=9960 processed=1.395e+07 stack_boxes=5.817e+04 min centre F=0.0080121 t=569s iv_checked=1.386e+07 iv_rejected=0
  it=10000 processed=1.397e+07 stack_boxes=5.752e+04 min centre F=0.0080121 t=569s iv_checked=1.389e+07 iv_rejected=0
  it=10040 processed=1.398e+07 stack_boxes=5.769e+04 min centre F=0.0080121 t=570s iv_checked=1.390e+07 iv_rejected=0
  it=10080 processed=1.408e+07 stack_boxes=5.685e+04 min centre F=0.0080121 t=573s iv_checked=1.400e+07 iv_rejected=0
  it=10120 processed=1.410e+07 stack_boxes=5.930e+04 min centre F=0.0080121 t=574s iv_checked=1.402e+07 iv_rejected=0
  it=10160 processed=1.420e+07 stack_boxes=5.874e+04 min centre F=0.0080121 t=577s iv_checked=1.411e+07 iv_rejected=0
  it=10200 processed=1.432e+07 stack_boxes=5.728e+04 min centre F=0.0080121 t=580s iv_checked=1.424e+07 iv_rejected=0
  it=10240 processed=1.439e+07 stack_boxes=5.619e+04 min centre F=0.0080121 t=582s iv_checked=1.430e+07 iv_rejected=0
  it=10280 processed=1.449e+07 stack_boxes=5.624e+04 min centre F=0.0080121 t=586s iv_checked=1.440e+07 iv_rejected=0
  it=10320 processed=1.459e+07 stack_boxes=5.727e+04 min centre F=0.0080121 t=589s iv_checked=1.450e+07 iv_rejected=0
  it=10360 processed=1.466e+07 stack_boxes=5.564e+04 min centre F=0.0080121 t=591s iv_checked=1.457e+07 iv_rejected=0
  it=10400 processed=1.470e+07 stack_boxes=5.562e+04 min centre F=0.0080121 t=593s iv_checked=1.461e+07 iv_rejected=0
  it=10440 processed=1.476e+07 stack_boxes=5.539e+04 min centre F=0.0080121 t=594s iv_checked=1.467e+07 iv_rejected=0
  it=10480 processed=1.477e+07 stack_boxes=5.563e+04 min centre F=0.0080121 t=595s iv_checked=1.467e+07 iv_rejected=0
  it=10520 processed=1.479e+07 stack_boxes=5.836e+04 min centre F=0.0080121 t=595s iv_checked=1.469e+07 iv_rejected=0
  it=10560 processed=1.486e+07 stack_boxes=5.532e+04 min centre F=0.0080121 t=598s iv_checked=1.476e+07 iv_rejected=0
  it=10600 processed=1.488e+07 stack_boxes=5.479e+04 min centre F=0.0080121 t=599s iv_checked=1.478e+07 iv_rejected=0
  it=10640 processed=1.490e+07 stack_boxes=5.466e+04 min centre F=0.0080121 t=599s iv_checked=1.480e+07 iv_rejected=0
  it=10680 processed=1.492e+07 stack_boxes=5.496e+04 min centre F=0.0080121 t=600s iv_checked=1.482e+07 iv_rejected=0
  it=10720 processed=1.493e+07 stack_boxes=5.435e+04 min centre F=0.0080121 t=600s iv_checked=1.483e+07 iv_rejected=0
  it=10760 processed=1.494e+07 stack_boxes=5.474e+04 min centre F=0.0080121 t=601s iv_checked=1.484e+07 iv_rejected=0
  it=10800 processed=1.496e+07 stack_boxes=5.423e+04 min centre F=0.0080121 t=601s iv_checked=1.487e+07 iv_rejected=0
  it=10840 processed=1.498e+07 stack_boxes=5.262e+04 min centre F=0.0080121 t=602s iv_checked=1.488e+07 iv_rejected=0
  it=10880 processed=1.498e+07 stack_boxes=5.224e+04 min centre F=0.0080121 t=602s iv_checked=1.489e+07 iv_rejected=0
  it=10920 processed=1.503e+07 stack_boxes=5.256e+04 min centre F=0.0080121 t=604s iv_checked=1.493e+07 iv_rejected=0
  it=10960 processed=1.516e+07 stack_boxes=5.247e+04 min centre F=0.0080121 t=607s iv_checked=1.506e+07 iv_rejected=0
  it=11000 processed=1.528e+07 stack_boxes=5.354e+04 min centre F=0.0080121 t=611s iv_checked=1.518e+07 iv_rejected=0
  it=11040 processed=1.540e+07 stack_boxes=8.216e+04 min centre F=0.0080121 t=616s iv_checked=1.530e+07 iv_rejected=0
  it=11080 processed=1.558e+07 stack_boxes=5.164e+04 min centre F=0.0080121 t=621s iv_checked=1.548e+07 iv_rejected=0
  it=11120 processed=1.564e+07 stack_boxes=5.107e+04 min centre F=0.0080121 t=623s iv_checked=1.553e+07 iv_rejected=0
  it=11160 processed=1.573e+07 stack_boxes=5.321e+04 min centre F=0.0080121 t=626s iv_checked=1.563e+07 iv_rejected=0
  it=11200 processed=1.587e+07 stack_boxes=5.089e+04 min centre F=0.0080121 t=631s iv_checked=1.577e+07 iv_rejected=0
  it=11240 processed=1.588e+07 stack_boxes=5.075e+04 min centre F=0.0080121 t=631s iv_checked=1.578e+07 iv_rejected=0
  it=11280 processed=1.589e+07 stack_boxes=5.050e+04 min centre F=0.0080121 t=631s iv_checked=1.578e+07 iv_rejected=0
  it=11320 processed=1.590e+07 stack_boxes=5.069e+04 min centre F=0.0080121 t=632s iv_checked=1.580e+07 iv_rejected=0
  it=11360 processed=1.592e+07 stack_boxes=5.028e+04 min centre F=0.0080121 t=632s iv_checked=1.582e+07 iv_rejected=0
  it=11400 processed=1.592e+07 stack_boxes=5.009e+04 min centre F=0.0080121 t=632s iv_checked=1.582e+07 iv_rejected=0
  it=11440 processed=1.594e+07 stack_boxes=5.001e+04 min centre F=0.0080121 t=633s iv_checked=1.583e+07 iv_rejected=0
  it=11480 processed=1.596e+07 stack_boxes=4.996e+04 min centre F=0.0080121 t=633s iv_checked=1.586e+07 iv_rejected=0
  it=11520 processed=1.598e+07 stack_boxes=5.024e+04 min centre F=0.0080121 t=634s iv_checked=1.587e+07 iv_rejected=0
  it=11560 processed=1.603e+07 stack_boxes=4.953e+04 min centre F=0.0080121 t=635s iv_checked=1.593e+07 iv_rejected=0
  it=11600 processed=1.603e+07 stack_boxes=4.935e+04 min centre F=0.0080121 t=636s iv_checked=1.593e+07 iv_rejected=0
  it=11640 processed=1.604e+07 stack_boxes=4.949e+04 min centre F=0.0080121 t=636s iv_checked=1.594e+07 iv_rejected=0
  it=11680 processed=1.606e+07 stack_boxes=5.014e+04 min centre F=0.0080121 t=637s iv_checked=1.596e+07 iv_rejected=0
  it=11720 processed=1.607e+07 stack_boxes=4.853e+04 min centre F=0.0080121 t=637s iv_checked=1.597e+07 iv_rejected=0
  it=11760 processed=1.611e+07 stack_boxes=4.986e+04 min centre F=0.0080121 t=638s iv_checked=1.600e+07 iv_rejected=0
  it=11800 processed=1.619e+07 stack_boxes=4.846e+04 min centre F=0.0080121 t=640s iv_checked=1.608e+07 iv_rejected=0
  it=11840 processed=1.633e+07 stack_boxes=4.974e+04 min centre F=0.0080121 t=644s iv_checked=1.622e+07 iv_rejected=0
  it=11880 processed=1.636e+07 stack_boxes=4.813e+04 min centre F=0.0080121 t=645s iv_checked=1.626e+07 iv_rejected=0
  it=11920 processed=1.641e+07 stack_boxes=4.987e+04 min centre F=0.0080121 t=647s iv_checked=1.630e+07 iv_rejected=0
  it=11960 processed=1.646e+07 stack_boxes=4.720e+04 min centre F=0.0080121 t=648s iv_checked=1.635e+07 iv_rejected=0
  it=12000 processed=1.658e+07 stack_boxes=4.767e+04 min centre F=0.0080121 t=652s iv_checked=1.647e+07 iv_rejected=0
  it=12040 processed=1.661e+07 stack_boxes=4.714e+04 min centre F=0.0080121 t=653s iv_checked=1.650e+07 iv_rejected=0
  it=12080 processed=1.661e+07 stack_boxes=4.680e+04 min centre F=0.0080121 t=653s iv_checked=1.651e+07 iv_rejected=0
  it=12120 processed=1.662e+07 stack_boxes=4.658e+04 min centre F=0.0080121 t=653s iv_checked=1.651e+07 iv_rejected=0
  it=12160 processed=1.663e+07 stack_boxes=4.650e+04 min centre F=0.0080121 t=654s iv_checked=1.653e+07 iv_rejected=0
  it=12200 processed=1.664e+07 stack_boxes=4.632e+04 min centre F=0.0080121 t=654s iv_checked=1.654e+07 iv_rejected=0
  it=12240 processed=1.665e+07 stack_boxes=4.615e+04 min centre F=0.0080121 t=654s iv_checked=1.654e+07 iv_rejected=0
  it=12280 processed=1.666e+07 stack_boxes=4.714e+04 min centre F=0.0080121 t=655s iv_checked=1.655e+07 iv_rejected=0
  it=12320 processed=1.669e+07 stack_boxes=4.595e+04 min centre F=0.0080121 t=656s iv_checked=1.658e+07 iv_rejected=0
  it=12360 processed=1.672e+07 stack_boxes=4.561e+04 min centre F=0.0080121 t=657s iv_checked=1.661e+07 iv_rejected=0
  it=12400 processed=1.675e+07 stack_boxes=4.874e+04 min centre F=0.0080121 t=657s iv_checked=1.664e+07 iv_rejected=0
  it=12440 processed=1.676e+07 stack_boxes=4.564e+04 min centre F=0.0080121 t=658s iv_checked=1.665e+07 iv_rejected=0
  it=12480 processed=1.677e+07 stack_boxes=4.250e+04 min centre F=0.0080121 t=658s iv_checked=1.667e+07 iv_rejected=0
  it=12520 processed=1.681e+07 stack_boxes=4.406e+04 min centre F=0.0080121 t=659s iv_checked=1.670e+07 iv_rejected=0
  it=12560 processed=1.686e+07 stack_boxes=4.143e+04 min centre F=0.0080121 t=661s iv_checked=1.675e+07 iv_rejected=0
  it=12600 processed=1.689e+07 stack_boxes=4.014e+04 min centre F=0.0080121 t=662s iv_checked=1.678e+07 iv_rejected=0
  it=12640 processed=1.699e+07 stack_boxes=5.822e+04 min centre F=0.0080121 t=664s iv_checked=1.688e+07 iv_rejected=0
  it=12680 processed=1.715e+07 stack_boxes=3.976e+04 min centre F=0.0080121 t=669s iv_checked=1.704e+07 iv_rejected=0
  it=12720 processed=1.725e+07 stack_boxes=3.986e+04 min centre F=0.0080121 t=673s iv_checked=1.714e+07 iv_rejected=0
  it=12760 processed=1.726e+07 stack_boxes=3.947e+04 min centre F=0.0080121 t=673s iv_checked=1.715e+07 iv_rejected=0
  it=12800 processed=1.727e+07 stack_boxes=3.923e+04 min centre F=0.0080121 t=674s iv_checked=1.716e+07 iv_rejected=0
  it=12840 processed=1.728e+07 stack_boxes=3.914e+04 min centre F=0.0080121 t=674s iv_checked=1.717e+07 iv_rejected=0
  it=12880 processed=1.729e+07 stack_boxes=3.920e+04 min centre F=0.0080121 t=675s iv_checked=1.718e+07 iv_rejected=0
  it=12920 processed=1.730e+07 stack_boxes=3.894e+04 min centre F=0.0080121 t=675s iv_checked=1.719e+07 iv_rejected=0
  it=12960 processed=1.733e+07 stack_boxes=3.904e+04 min centre F=0.0080121 t=676s iv_checked=1.722e+07 iv_rejected=0
  it=13000 processed=1.735e+07 stack_boxes=3.858e+04 min centre F=0.0080121 t=676s iv_checked=1.724e+07 iv_rejected=0
  it=13040 processed=1.736e+07 stack_boxes=3.835e+04 min centre F=0.0080121 t=677s iv_checked=1.725e+07 iv_rejected=0
  it=13080 processed=1.737e+07 stack_boxes=3.832e+04 min centre F=0.0080121 t=677s iv_checked=1.726e+07 iv_rejected=0
  it=13120 processed=1.740e+07 stack_boxes=3.822e+04 min centre F=0.0080121 t=678s iv_checked=1.728e+07 iv_rejected=0
  it=13160 processed=1.742e+07 stack_boxes=3.723e+04 min centre F=0.0080121 t=679s iv_checked=1.731e+07 iv_rejected=0
  it=13200 processed=1.744e+07 stack_boxes=4.052e+04 min centre F=0.0080121 t=680s iv_checked=1.733e+07 iv_rejected=0
  it=13240 processed=1.748e+07 stack_boxes=3.678e+04 min centre F=0.0080121 t=681s iv_checked=1.736e+07 iv_rejected=0
  it=13280 processed=1.754e+07 stack_boxes=4.425e+04 min centre F=0.0080121 t=682s iv_checked=1.742e+07 iv_rejected=0
  it=13320 processed=1.764e+07 stack_boxes=3.681e+04 min centre F=0.0080121 t=686s iv_checked=1.753e+07 iv_rejected=0
  it=13360 processed=1.770e+07 stack_boxes=3.566e+04 min centre F=0.0080121 t=688s iv_checked=1.759e+07 iv_rejected=0
  it=13400 processed=1.785e+07 stack_boxes=5.850e+04 min centre F=0.0080121 t=692s iv_checked=1.774e+07 iv_rejected=0
  it=13440 processed=1.797e+07 stack_boxes=3.653e+04 min centre F=0.0080121 t=696s iv_checked=1.786e+07 iv_rejected=0
  it=13480 processed=1.831e+07 stack_boxes=3.996e+04 min centre F=0.0080121 t=707s iv_checked=1.819e+07 iv_rejected=0
  it=13520 processed=1.837e+07 stack_boxes=3.535e+04 min centre F=0.0080121 t=709s iv_checked=1.825e+07 iv_rejected=0
  it=13560 processed=1.844e+07 stack_boxes=3.527e+04 min centre F=0.0080121 t=711s iv_checked=1.832e+07 iv_rejected=0
  it=13600 processed=1.845e+07 stack_boxes=3.488e+04 min centre F=0.0080121 t=711s iv_checked=1.833e+07 iv_rejected=0
  it=13640 processed=1.846e+07 stack_boxes=3.476e+04 min centre F=0.0080121 t=711s iv_checked=1.834e+07 iv_rejected=0
  it=13680 processed=1.848e+07 stack_boxes=3.486e+04 min centre F=0.0080121 t=712s iv_checked=1.836e+07 iv_rejected=0
  it=13720 processed=1.849e+07 stack_boxes=3.433e+04 min centre F=0.0080121 t=713s iv_checked=1.837e+07 iv_rejected=0
  it=13760 processed=1.849e+07 stack_boxes=3.431e+04 min centre F=0.0080121 t=713s iv_checked=1.837e+07 iv_rejected=0
  it=13800 processed=1.852e+07 stack_boxes=3.414e+04 min centre F=0.0080121 t=714s iv_checked=1.840e+07 iv_rejected=0
  it=13840 processed=1.855e+07 stack_boxes=3.385e+04 min centre F=0.0080121 t=714s iv_checked=1.842e+07 iv_rejected=0
  it=13880 processed=1.856e+07 stack_boxes=3.377e+04 min centre F=0.0080121 t=715s iv_checked=1.844e+07 iv_rejected=0
  it=13920 processed=1.857e+07 stack_boxes=3.353e+04 min centre F=0.0080121 t=715s iv_checked=1.845e+07 iv_rejected=0
  it=13960 processed=1.859e+07 stack_boxes=3.337e+04 min centre F=0.0080121 t=716s iv_checked=1.847e+07 iv_rejected=0
  it=14000 processed=1.860e+07 stack_boxes=3.343e+04 min centre F=0.0080121 t=716s iv_checked=1.848e+07 iv_rejected=0
  it=14040 processed=1.861e+07 stack_boxes=3.274e+04 min centre F=0.0080121 t=717s iv_checked=1.849e+07 iv_rejected=0
  it=14080 processed=1.894e+07 stack_boxes=3.244e+04 min centre F=0.0080121 t=729s iv_checked=1.881e+07 iv_rejected=0
  it=14120 processed=1.898e+07 stack_boxes=3.302e+04 min centre F=0.0080121 t=730s iv_checked=1.885e+07 iv_rejected=0
  it=14160 processed=1.905e+07 stack_boxes=3.236e+04 min centre F=0.0080121 t=732s iv_checked=1.892e+07 iv_rejected=0
  it=14200 processed=1.910e+07 stack_boxes=3.294e+04 min centre F=0.0080121 t=733s iv_checked=1.898e+07 iv_rejected=0
  it=14240 processed=1.921e+07 stack_boxes=3.165e+04 min centre F=0.0080121 t=737s iv_checked=1.909e+07 iv_rejected=0
  it=14280 processed=1.926e+07 stack_boxes=3.138e+04 min centre F=0.0080121 t=738s iv_checked=1.913e+07 iv_rejected=0
  it=14320 processed=1.956e+07 stack_boxes=3.550e+04 min centre F=0.0080121 t=748s iv_checked=1.943e+07 iv_rejected=0
  it=14360 processed=1.985e+07 stack_boxes=3.111e+04 min centre F=0.0080121 t=759s iv_checked=1.972e+07 iv_rejected=0
  it=14400 processed=1.989e+07 stack_boxes=3.109e+04 min centre F=0.0080121 t=760s iv_checked=1.975e+07 iv_rejected=0
  it=14440 processed=1.989e+07 stack_boxes=3.081e+04 min centre F=0.0080121 t=760s iv_checked=1.976e+07 iv_rejected=0
  it=14480 processed=1.990e+07 stack_boxes=3.145e+04 min centre F=0.0080121 t=761s iv_checked=1.977e+07 iv_rejected=0
  it=14520 processed=1.992e+07 stack_boxes=3.046e+04 min centre F=0.0080121 t=761s iv_checked=1.979e+07 iv_rejected=0
  it=14560 processed=1.993e+07 stack_boxes=3.043e+04 min centre F=0.0080121 t=762s iv_checked=1.980e+07 iv_rejected=0
  it=14600 processed=1.993e+07 stack_boxes=3.034e+04 min centre F=0.0080121 t=762s iv_checked=1.980e+07 iv_rejected=0
  it=14640 processed=1.998e+07 stack_boxes=3.079e+04 min centre F=0.0080121 t=763s iv_checked=1.985e+07 iv_rejected=0
  it=14680 processed=2.001e+07 stack_boxes=3.017e+04 min centre F=0.0080121 t=764s iv_checked=1.988e+07 iv_rejected=0
  it=14720 processed=2.004e+07 stack_boxes=2.988e+04 min centre F=0.0080121 t=764s iv_checked=1.991e+07 iv_rejected=0
  it=14760 processed=2.010e+07 stack_boxes=2.963e+04 min centre F=0.0080121 t=766s iv_checked=1.997e+07 iv_rejected=0
  it=14800 processed=2.012e+07 stack_boxes=2.954e+04 min centre F=0.0080121 t=767s iv_checked=1.999e+07 iv_rejected=0
  it=14840 processed=2.015e+07 stack_boxes=3.752e+04 min centre F=0.0080121 t=768s iv_checked=2.002e+07 iv_rejected=0
  it=14880 processed=2.023e+07 stack_boxes=2.960e+04 min centre F=0.0080121 t=770s iv_checked=2.010e+07 iv_rejected=0
  it=14920 processed=2.030e+07 stack_boxes=3.086e+04 min centre F=0.0080121 t=773s iv_checked=2.017e+07 iv_rejected=0
  it=14960 processed=2.051e+07 stack_boxes=2.900e+04 min centre F=0.0080121 t=780s iv_checked=2.037e+07 iv_rejected=0
  it=15000 processed=2.052e+07 stack_boxes=2.906e+04 min centre F=0.0080121 t=780s iv_checked=2.038e+07 iv_rejected=0
  it=15040 processed=2.052e+07 stack_boxes=2.878e+04 min centre F=0.0080121 t=780s iv_checked=2.039e+07 iv_rejected=0
  it=15080 processed=2.054e+07 stack_boxes=2.918e+04 min centre F=0.0080121 t=781s iv_checked=2.040e+07 iv_rejected=0
  it=15120 processed=2.056e+07 stack_boxes=2.878e+04 min centre F=0.0080121 t=781s iv_checked=2.042e+07 iv_rejected=0
  it=15160 processed=2.057e+07 stack_boxes=2.823e+04 min centre F=0.0080121 t=782s iv_checked=2.043e+07 iv_rejected=0
  it=15200 processed=2.058e+07 stack_boxes=3.104e+04 min centre F=0.0080121 t=782s iv_checked=2.044e+07 iv_rejected=0
  it=15240 processed=2.062e+07 stack_boxes=2.788e+04 min centre F=0.0080121 t=783s iv_checked=2.049e+07 iv_rejected=0
  it=15280 processed=2.064e+07 stack_boxes=2.778e+04 min centre F=0.0080121 t=784s iv_checked=2.050e+07 iv_rejected=0
  it=15320 processed=2.067e+07 stack_boxes=2.814e+04 min centre F=0.0080121 t=785s iv_checked=2.054e+07 iv_rejected=0
  it=15360 processed=2.068e+07 stack_boxes=2.771e+04 min centre F=0.0080121 t=785s iv_checked=2.054e+07 iv_rejected=0
  it=15400 processed=2.071e+07 stack_boxes=2.734e+04 min centre F=0.0080121 t=786s iv_checked=2.057e+07 iv_rejected=0
  it=15440 processed=2.083e+07 stack_boxes=3.086e+04 min centre F=0.0080121 t=790s iv_checked=2.069e+07 iv_rejected=0
  it=15480 processed=2.093e+07 stack_boxes=2.841e+04 min centre F=0.0080121 t=793s iv_checked=2.079e+07 iv_rejected=0
  it=15520 processed=2.100e+07 stack_boxes=2.751e+04 min centre F=0.0080121 t=795s iv_checked=2.086e+07 iv_rejected=0
  it=15560 processed=2.108e+07 stack_boxes=2.884e+04 min centre F=0.0080121 t=797s iv_checked=2.094e+07 iv_rejected=0
  it=15600 processed=2.121e+07 stack_boxes=2.638e+04 min centre F=0.0080121 t=802s iv_checked=2.107e+07 iv_rejected=0
  it=15640 processed=2.126e+07 stack_boxes=3.009e+04 min centre F=0.0080121 t=803s iv_checked=2.112e+07 iv_rejected=0
  it=15680 processed=2.128e+07 stack_boxes=2.622e+04 min centre F=0.0080121 t=804s iv_checked=2.114e+07 iv_rejected=0
  it=15720 processed=2.133e+07 stack_boxes=2.630e+04 min centre F=0.0080121 t=805s iv_checked=2.119e+07 iv_rejected=0
  it=15760 processed=2.134e+07 stack_boxes=2.580e+04 min centre F=0.0080121 t=806s iv_checked=2.120e+07 iv_rejected=0
  it=15800 processed=2.135e+07 stack_boxes=2.581e+04 min centre F=0.0080121 t=806s iv_checked=2.121e+07 iv_rejected=0
  it=15840 processed=2.139e+07 stack_boxes=2.542e+04 min centre F=0.0080121 t=807s iv_checked=2.125e+07 iv_rejected=0
  it=15880 processed=2.140e+07 stack_boxes=2.679e+04 min centre F=0.0080121 t=808s iv_checked=2.126e+07 iv_rejected=0
  it=15920 processed=2.144e+07 stack_boxes=2.613e+04 min centre F=0.0080121 t=809s iv_checked=2.130e+07 iv_rejected=0
  it=15960 processed=2.148e+07 stack_boxes=2.524e+04 min centre F=0.0080121 t=810s iv_checked=2.134e+07 iv_rejected=0
  it=16000 processed=2.149e+07 stack_boxes=2.473e+04 min centre F=0.0080121 t=810s iv_checked=2.135e+07 iv_rejected=0
  it=16040 processed=2.150e+07 stack_boxes=2.485e+04 min centre F=0.0080121 t=811s iv_checked=2.136e+07 iv_rejected=0
  it=16080 processed=2.151e+07 stack_boxes=2.530e+04 min centre F=0.0080121 t=811s iv_checked=2.136e+07 iv_rejected=0
  it=16120 processed=2.153e+07 stack_boxes=2.302e+04 min centre F=0.0080121 t=812s iv_checked=2.139e+07 iv_rejected=0
  it=16160 processed=2.153e+07 stack_boxes=2.295e+04 min centre F=0.0080121 t=812s iv_checked=2.139e+07 iv_rejected=0
  it=16200 processed=2.155e+07 stack_boxes=2.332e+04 min centre F=0.0080121 t=812s iv_checked=2.140e+07 iv_rejected=0
  it=16240 processed=2.168e+07 stack_boxes=2.411e+04 min centre F=0.0080121 t=816s iv_checked=2.153e+07 iv_rejected=0
  it=16280 processed=2.183e+07 stack_boxes=2.296e+04 min centre F=0.0080121 t=820s iv_checked=2.169e+07 iv_rejected=0
  it=16320 processed=2.193e+07 stack_boxes=2.213e+04 min centre F=0.0080121 t=824s iv_checked=2.179e+07 iv_rejected=0
  it=16360 processed=2.205e+07 stack_boxes=2.191e+04 min centre F=0.0080121 t=827s iv_checked=2.190e+07 iv_rejected=0
  it=16400 processed=2.207e+07 stack_boxes=2.725e+04 min centre F=0.0080121 t=828s iv_checked=2.192e+07 iv_rejected=0
  it=16440 processed=2.226e+07 stack_boxes=2.156e+04 min centre F=0.0080121 t=834s iv_checked=2.211e+07 iv_rejected=0
  it=16480 processed=2.229e+07 stack_boxes=2.190e+04 min centre F=0.0080121 t=834s iv_checked=2.214e+07 iv_rejected=0
  it=16520 processed=2.238e+07 stack_boxes=2.162e+04 min centre F=0.0080121 t=837s iv_checked=2.223e+07 iv_rejected=0
  it=16560 processed=2.239e+07 stack_boxes=2.124e+04 min centre F=0.0080121 t=838s iv_checked=2.224e+07 iv_rejected=0
  it=16600 processed=2.240e+07 stack_boxes=2.115e+04 min centre F=0.0080121 t=838s iv_checked=2.225e+07 iv_rejected=0
  it=16640 processed=2.242e+07 stack_boxes=2.134e+04 min centre F=0.0080121 t=839s iv_checked=2.227e+07 iv_rejected=0
  it=16680 processed=2.244e+07 stack_boxes=2.096e+04 min centre F=0.0080121 t=839s iv_checked=2.229e+07 iv_rejected=0
  it=16720 processed=2.245e+07 stack_boxes=2.147e+04 min centre F=0.0080121 t=839s iv_checked=2.230e+07 iv_rejected=0
  it=16760 processed=2.249e+07 stack_boxes=2.234e+04 min centre F=0.0080121 t=841s iv_checked=2.235e+07 iv_rejected=0
  it=16800 processed=2.251e+07 stack_boxes=2.020e+04 min centre F=0.0080121 t=841s iv_checked=2.236e+07 iv_rejected=0
  it=16840 processed=2.253e+07 stack_boxes=2.074e+04 min centre F=0.0080121 t=842s iv_checked=2.238e+07 iv_rejected=0
  it=16880 processed=2.254e+07 stack_boxes=2.002e+04 min centre F=0.0080121 t=842s iv_checked=2.239e+07 iv_rejected=0
  it=16920 processed=2.255e+07 stack_boxes=1.981e+04 min centre F=0.0080121 t=843s iv_checked=2.240e+07 iv_rejected=0
  it=16960 processed=2.257e+07 stack_boxes=1.920e+04 min centre F=0.0080121 t=843s iv_checked=2.242e+07 iv_rejected=0
  it=17000 processed=2.260e+07 stack_boxes=1.911e+04 min centre F=0.0080121 t=844s iv_checked=2.245e+07 iv_rejected=0
  it=17040 processed=2.266e+07 stack_boxes=2.258e+04 min centre F=0.0080121 t=845s iv_checked=2.251e+07 iv_rejected=0
  it=17080 processed=2.279e+07 stack_boxes=1.936e+04 min centre F=0.0080121 t=849s iv_checked=2.263e+07 iv_rejected=0
  it=17120 processed=2.287e+07 stack_boxes=2.275e+04 min centre F=0.0080121 t=851s iv_checked=2.272e+07 iv_rejected=0
  it=17160 processed=2.301e+07 stack_boxes=2.118e+04 min centre F=0.0080121 t=855s iv_checked=2.286e+07 iv_rejected=0
  it=17200 processed=2.310e+07 stack_boxes=1.833e+04 min centre F=0.0080121 t=858s iv_checked=2.295e+07 iv_rejected=0
  it=17240 processed=2.321e+07 stack_boxes=1.772e+04 min centre F=0.0080121 t=862s iv_checked=2.306e+07 iv_rejected=0
  it=17280 processed=2.323e+07 stack_boxes=1.810e+04 min centre F=0.0080121 t=862s iv_checked=2.308e+07 iv_rejected=0
  it=17320 processed=2.331e+07 stack_boxes=1.750e+04 min centre F=0.0080121 t=864s iv_checked=2.315e+07 iv_rejected=0
  it=17360 processed=2.336e+07 stack_boxes=1.738e+04 min centre F=0.0080121 t=866s iv_checked=2.321e+07 iv_rejected=0
  it=17400 processed=2.337e+07 stack_boxes=1.718e+04 min centre F=0.0080121 t=866s iv_checked=2.321e+07 iv_rejected=0
  it=17440 processed=2.340e+07 stack_boxes=1.888e+04 min centre F=0.0080121 t=867s iv_checked=2.324e+07 iv_rejected=0
  it=17480 processed=2.341e+07 stack_boxes=1.808e+04 min centre F=0.0080121 t=868s iv_checked=2.326e+07 iv_rejected=0
  it=17520 processed=2.343e+07 stack_boxes=1.677e+04 min centre F=0.0080121 t=868s iv_checked=2.327e+07 iv_rejected=0
  it=17560 processed=2.345e+07 stack_boxes=1.681e+04 min centre F=0.0080121 t=869s iv_checked=2.329e+07 iv_rejected=0
  it=17600 processed=2.347e+07 stack_boxes=1.675e+04 min centre F=0.0080121 t=870s iv_checked=2.331e+07 iv_rejected=0
  it=17640 processed=2.350e+07 stack_boxes=1.626e+04 min centre F=0.0080121 t=871s iv_checked=2.335e+07 iv_rejected=0
  it=17680 processed=2.352e+07 stack_boxes=1.612e+04 min centre F=0.0080121 t=871s iv_checked=2.336e+07 iv_rejected=0
  it=17720 processed=2.352e+07 stack_boxes=1.597e+04 min centre F=0.0080121 t=871s iv_checked=2.337e+07 iv_rejected=0
  it=17760 processed=2.353e+07 stack_boxes=1.349e+04 min centre F=0.0080121 t=872s iv_checked=2.338e+07 iv_rejected=0
  it=17800 processed=2.355e+07 stack_boxes=1.105e+04 min centre F=0.0080121 t=872s iv_checked=2.339e+07 iv_rejected=0
  it=17840 processed=2.360e+07 stack_boxes=1.311e+04 min centre F=0.0080121 t=874s iv_checked=2.344e+07 iv_rejected=0
  it=17880 processed=2.366e+07 stack_boxes=1.093e+04 min centre F=0.0080121 t=875s iv_checked=2.350e+07 iv_rejected=0
  it=17920 processed=2.388e+07 stack_boxes=3.005e+04 min centre F=0.0080121 t=883s iv_checked=2.372e+07 iv_rejected=0
  it=17960 processed=2.414e+07 stack_boxes=1.043e+04 min centre F=0.0080121 t=891s iv_checked=2.398e+07 iv_rejected=0
  it=18000 processed=2.416e+07 stack_boxes=1.124e+04 min centre F=0.0080121 t=891s iv_checked=2.400e+07 iv_rejected=0
  it=18040 processed=2.422e+07 stack_boxes=1.018e+04 min centre F=0.0080121 t=893s iv_checked=2.406e+07 iv_rejected=0
  it=18080 processed=2.422e+07 stack_boxes=9.944e+03 min centre F=0.0080121 t=893s iv_checked=2.406e+07 iv_rejected=0
  it=18120 processed=2.424e+07 stack_boxes=1.030e+04 min centre F=0.0080121 t=894s iv_checked=2.408e+07 iv_rejected=0
  it=18160 processed=2.426e+07 stack_boxes=1.042e+04 min centre F=0.0080121 t=894s iv_checked=2.410e+07 iv_rejected=0
  it=18200 processed=2.426e+07 stack_boxes=9.478e+03 min centre F=0.0080121 t=895s iv_checked=2.410e+07 iv_rejected=0
  it=18240 processed=2.431e+07 stack_boxes=9.652e+03 min centre F=0.0080121 t=896s iv_checked=2.415e+07 iv_rejected=0
  it=18280 processed=2.433e+07 stack_boxes=9.274e+03 min centre F=0.0080121 t=896s iv_checked=2.416e+07 iv_rejected=0
  it=18320 processed=2.438e+07 stack_boxes=9.209e+03 min centre F=0.0080121 t=898s iv_checked=2.422e+07 iv_rejected=0
  it=18360 processed=2.441e+07 stack_boxes=9.767e+03 min centre F=0.0080121 t=899s iv_checked=2.425e+07 iv_rejected=0
  it=18400 processed=2.442e+07 stack_boxes=9.212e+03 min centre F=0.0080121 t=899s iv_checked=2.426e+07 iv_rejected=0
  it=18440 processed=2.443e+07 stack_boxes=8.630e+03 min centre F=0.0080121 t=899s iv_checked=2.426e+07 iv_rejected=0
  it=18480 processed=2.446e+07 stack_boxes=7.319e+03 min centre F=0.0080121 t=900s iv_checked=2.429e+07 iv_rejected=0
  it=18520 processed=2.447e+07 stack_boxes=7.083e+03 min centre F=0.0080121 t=901s iv_checked=2.430e+07 iv_rejected=0
  it=18560 processed=2.448e+07 stack_boxes=6.894e+03 min centre F=0.0080121 t=901s iv_checked=2.431e+07 iv_rejected=0
  it=18600 processed=2.456e+07 stack_boxes=8.276e+03 min centre F=0.0080121 t=903s iv_checked=2.440e+07 iv_rejected=0
  it=18640 processed=2.466e+07 stack_boxes=7.797e+03 min centre F=0.0080121 t=906s iv_checked=2.450e+07 iv_rejected=0
  it=18680 processed=2.476e+07 stack_boxes=6.509e+03 min centre F=0.0080121 t=909s iv_checked=2.460e+07 iv_rejected=0
  it=18720 processed=2.480e+07 stack_boxes=6.058e+03 min centre F=0.0080121 t=910s iv_checked=2.464e+07 iv_rejected=0
  it=18760 processed=2.489e+07 stack_boxes=1.076e+04 min centre F=0.0080121 t=913s iv_checked=2.472e+07 iv_rejected=0
  it=18800 processed=2.493e+07 stack_boxes=5.772e+03 min centre F=0.0080121 t=915s iv_checked=2.477e+07 iv_rejected=0
  it=18840 processed=2.511e+07 stack_boxes=5.618e+03 min centre F=0.0080121 t=920s iv_checked=2.494e+07 iv_rejected=0
  it=18880 processed=2.513e+07 stack_boxes=6.833e+03 min centre F=0.0080121 t=921s iv_checked=2.496e+07 iv_rejected=0
  it=18920 processed=2.514e+07 stack_boxes=5.577e+03 min centre F=0.0080121 t=921s iv_checked=2.497e+07 iv_rejected=0
  it=18960 processed=2.515e+07 stack_boxes=5.324e+03 min centre F=0.0080121 t=922s iv_checked=2.498e+07 iv_rejected=0
  it=19000 processed=2.517e+07 stack_boxes=5.033e+03 min centre F=0.0080121 t=922s iv_checked=2.500e+07 iv_rejected=0
  it=19040 processed=2.518e+07 stack_boxes=4.863e+03 min centre F=0.0080121 t=922s iv_checked=2.501e+07 iv_rejected=0
  it=19080 processed=2.518e+07 stack_boxes=4.943e+03 min centre F=0.0080121 t=923s iv_checked=2.502e+07 iv_rejected=0
  it=19120 processed=2.522e+07 stack_boxes=5.241e+03 min centre F=0.0080121 t=924s iv_checked=2.505e+07 iv_rejected=0
  it=19160 processed=2.525e+07 stack_boxes=4.383e+03 min centre F=0.0080121 t=925s iv_checked=2.508e+07 iv_rejected=0
  it=19200 processed=2.526e+07 stack_boxes=4.228e+03 min centre F=0.0080121 t=925s iv_checked=2.509e+07 iv_rejected=0
  it=19240 processed=2.527e+07 stack_boxes=4.223e+03 min centre F=0.0080121 t=925s iv_checked=2.510e+07 iv_rejected=0
  it=19280 processed=2.527e+07 stack_boxes=3.932e+03 min centre F=0.0080121 t=926s iv_checked=2.510e+07 iv_rejected=0
  it=19320 processed=2.529e+07 stack_boxes=3.329e+03 min centre F=0.0080121 t=926s iv_checked=2.512e+07 iv_rejected=0
  it=19360 processed=2.529e+07 stack_boxes=3.142e+03 min centre F=0.0080121 t=926s iv_checked=2.512e+07 iv_rejected=0
  it=19400 processed=2.530e+07 stack_boxes=4.047e+03 min centre F=0.0080121 t=926s iv_checked=2.513e+07 iv_rejected=0
  it=19440 processed=2.538e+07 stack_boxes=5.049e+03 min centre F=0.0080121 t=929s iv_checked=2.521e+07 iv_rejected=0
  it=19480 processed=2.547e+07 stack_boxes=4.086e+03 min centre F=0.0080121 t=931s iv_checked=2.529e+07 iv_rejected=0
  it=19520 processed=2.555e+07 stack_boxes=8.472e+03 min centre F=0.0080121 t=934s iv_checked=2.538e+07 iv_rejected=0
  it=19560 processed=2.568e+07 stack_boxes=2.549e+03 min centre F=0.0080121 t=937s iv_checked=2.551e+07 iv_rejected=0
  it=19600 processed=2.594e+07 stack_boxes=5.447e+03 min centre F=0.0080121 t=946s iv_checked=2.577e+07 iv_rejected=0
  it=19640 processed=2.607e+07 stack_boxes=2.353e+03 min centre F=0.0080121 t=950s iv_checked=2.589e+07 iv_rejected=0
  it=19680 processed=2.612e+07 stack_boxes=2.741e+03 min centre F=0.0080121 t=951s iv_checked=2.594e+07 iv_rejected=0
  it=19720 processed=2.614e+07 stack_boxes=1.665e+03 min centre F=0.0080121 t=952s iv_checked=2.596e+07 iv_rejected=0
  it=19760 processed=2.616e+07 stack_boxes=1.473e+03 min centre F=0.0080121 t=952s iv_checked=2.598e+07 iv_rejected=0
  it=19800 processed=2.617e+07 stack_boxes=2.377e+03 min centre F=0.0080121 t=952s iv_checked=2.599e+07 iv_rejected=0
  it=19840 processed=2.618e+07 stack_boxes=1.083e+03 min centre F=0.0080121 t=953s iv_checked=2.601e+07 iv_rejected=0
  it=19880 processed=2.621e+07 stack_boxes=1.543e+03 min centre F=0.0080121 t=954s iv_checked=2.604e+07 iv_rejected=0
  it=19920 processed=2.623e+07 stack_boxes=1.138e+03 min centre F=0.0080121 t=954s iv_checked=2.605e+07 iv_rejected=0
  it=19960 processed=2.629e+07 stack_boxes=2.237e+03 min centre F=0.0080121 t=956s iv_checked=2.612e+07 iv_rejected=0
  it=20000 processed=2.632e+07 stack_boxes=1.664e+03 min centre F=0.0080121 t=957s iv_checked=2.614e+07 iv_rejected=0
  it=20040 processed=2.634e+07 stack_boxes=3.110e+02 min centre F=0.0080121 t=957s iv_checked=2.616e+07 iv_rejected=0
  it=20080 processed=2.635e+07 stack_boxes=1.460e+02 min centre F=0.0080121 t=958s iv_checked=2.617e+07 iv_rejected=0
  it=20120 processed=2.636e+07 stack_boxes=2.420e+02 min centre F=0.0080121 t=958s iv_checked=2.618e+07 iv_rejected=0
{'ok': True, 'processed': 26357567, 'worst': (0.008012143984198236, array([1.046875  , 2.921875  , 1.0390625 , 1.03515625, 1.0390625 ,
       2.921875  , 1.046875  ])), 'time': 957.9328875541687, 'backend': 'flint', 'prec': 64, 'engine': 'numpy', 'mode': 'hybrid', 'iv_checked': 26179005, 'iv_rejected': 0, 'domain_pruned': 178562, 'iv_time': 862.543, 'kernel_cache': 0, 'lb3': True, 'sym': True, 'acc_by_lb3_only': 5292419, 'theoremG': {'m': 147, 'H': '[0.67219332138207632060 +/- 2.63e-21]', 'p_lower': 0.6733736895411908, 'p': '[0.673373689541191 +/- 1.62e-16]'}}
