bnb_interval: alpha=poly8A K=8 mu=1/1700 c_claim=0.00796 backend=auto prec=64 engine=numpy mode=hybrid workers=1 lb3=True sym=True axis=grad
objective: sha256=9b09b50eb8f0b5dfd0d95055a994f206cbf3700c3c02098b51e7af2d3e5536f7 (K=8 alpha=poly8A mu=1/1700 claim=199/25000 weights=w_poly8A_K8_mu1700.json sha256=257b340d9da4f343600a21589f16d8915f3e082499d475e153c5453980671e78 window=win_poly8A.json sha256=c4005f57a7920f78aa2df33b093c9c5030efac2b8e39fc6cf7371b0c0f32dc14 sym=True lb3=True engine=numpy pure=False backend=auto prec=64)
  resumed from runs/R1003/r4_3.ckpt: processed=0.000e+00 stack_boxes=1.148e+05
  resumed checkpoint sha256=ed985b3afc2543b56d4cd7df2c54d6b1784b6e19f7518b1681853db219a7df65
  it=40 processed=8.787e+04 stack_boxes=1.168e+05 min centre F=0.0080121 t=4s iv_checked=8.719e+04 iv_rejected=0
  it=80 processed=1.841e+05 stack_boxes=1.238e+05 min centre F=0.0080121 t=8s iv_checked=1.831e+05 iv_rejected=0
  it=120 processed=3.143e+05 stack_boxes=1.225e+05 min centre F=0.0080121 t=13s iv_checked=3.128e+05 iv_rejected=0
  it=160 processed=4.207e+05 stack_boxes=1.143e+05 min centre F=0.0080121 t=18s iv_checked=4.190e+05 iv_rejected=0
  it=200 processed=4.715e+05 stack_boxes=1.139e+05 min centre F=0.0080121 t=20s iv_checked=4.680e+05 iv_rejected=0
  it=240 processed=4.970e+05 stack_boxes=1.144e+05 min centre F=0.0080121 t=21s iv_checked=4.930e+05 iv_rejected=0
  it=280 processed=6.130e+05 stack_boxes=1.135e+05 min centre F=0.0080121 t=26s iv_checked=6.090e+05 iv_rejected=0
  it=320 processed=6.634e+05 stack_boxes=1.134e+05 min centre F=0.0080121 t=28s iv_checked=6.593e+05 iv_rejected=0
  it=360 processed=6.758e+05 stack_boxes=1.152e+05 min centre F=0.0080121 t=29s iv_checked=6.716e+05 iv_rejected=0
  it=400 processed=7.021e+05 stack_boxes=1.135e+05 min centre F=0.0080121 t=30s iv_checked=6.975e+05 iv_rejected=0
  it=440 processed=7.143e+05 stack_boxes=1.130e+05 min centre F=0.0080121 t=31s iv_checked=7.097e+05 iv_rejected=0
  it=480 processed=7.162e+05 stack_boxes=1.128e+05 min centre F=0.0080121 t=31s iv_checked=7.116e+05 iv_rejected=0
  it=520 processed=7.506e+05 stack_boxes=1.153e+05 min centre F=0.0080121 t=33s iv_checked=7.456e+05 iv_rejected=0
  it=560 processed=7.801e+05 stack_boxes=1.126e+05 min centre F=0.0080121 t=34s iv_checked=7.749e+05 iv_rejected=0
  it=600 processed=8.033e+05 stack_boxes=1.165e+05 min centre F=0.0080121 t=34s iv_checked=7.978e+05 iv_rejected=0
  it=640 processed=8.379e+05 stack_boxes=1.134e+05 min centre F=0.0080121 t=36s iv_checked=8.322e+05 iv_rejected=0
  it=680 processed=8.606e+05 stack_boxes=1.129e+05 min centre F=0.0080121 t=37s iv_checked=8.545e+05 iv_rejected=0
  it=720 processed=8.935e+05 stack_boxes=1.109e+05 min centre F=0.0080121 t=38s iv_checked=8.873e+05 iv_rejected=0
  it=760 processed=9.249e+05 stack_boxes=1.104e+05 min centre F=0.0080121 t=39s iv_checked=9.187e+05 iv_rejected=0
  it=800 processed=9.287e+05 stack_boxes=1.102e+05 min centre F=0.0080121 t=40s iv_checked=9.224e+05 iv_rejected=0
  it=840 processed=9.843e+05 stack_boxes=1.100e+05 min centre F=0.0080121 t=42s iv_checked=9.778e+05 iv_rejected=0
  it=880 processed=1.080e+06 stack_boxes=1.100e+05 min centre F=0.0080121 t=46s iv_checked=1.073e+06 iv_rejected=0
  it=920 processed=1.177e+06 stack_boxes=1.097e+05 min centre F=0.0080121 t=50s iv_checked=1.169e+06 iv_rejected=0
  it=960 processed=1.276e+06 stack_boxes=1.264e+05 min centre F=0.0080121 t=53s iv_checked=1.268e+06 iv_rejected=0
  it=1000 processed=1.518e+06 stack_boxes=1.097e+05 min centre F=0.0080121 t=63s iv_checked=1.509e+06 iv_rejected=0
  it=1040 processed=1.649e+06 stack_boxes=1.091e+05 min centre F=0.0080121 t=69s iv_checked=1.640e+06 iv_rejected=0
  it=1080 processed=1.666e+06 stack_boxes=1.094e+05 min centre F=0.0080121 t=70s iv_checked=1.657e+06 iv_rejected=0
  it=1120 processed=1.673e+06 stack_boxes=1.090e+05 min centre F=0.0080121 t=70s iv_checked=1.665e+06 iv_rejected=0
  it=1160 processed=1.775e+06 stack_boxes=1.087e+05 min centre F=0.0080121 t=74s iv_checked=1.766e+06 iv_rejected=0
  it=1200 processed=1.786e+06 stack_boxes=1.105e+05 min centre F=0.0080121 t=75s iv_checked=1.777e+06 iv_rejected=0
  it=1240 processed=1.803e+06 stack_boxes=1.084e+05 min centre F=0.0080121 t=75s iv_checked=1.794e+06 iv_rejected=0
  it=1280 processed=1.810e+06 stack_boxes=1.081e+05 min centre F=0.0080121 t=76s iv_checked=1.801e+06 iv_rejected=0
  it=1320 processed=1.813e+06 stack_boxes=1.081e+05 min centre F=0.0080121 t=76s iv_checked=1.803e+06 iv_rejected=0
  it=1360 processed=1.846e+06 stack_boxes=1.107e+05 min centre F=0.0080121 t=78s iv_checked=1.836e+06 iv_rejected=0
  it=1400 processed=1.882e+06 stack_boxes=1.084e+05 min centre F=0.0080121 t=79s iv_checked=1.871e+06 iv_rejected=0
  it=1440 processed=1.890e+06 stack_boxes=1.076e+05 min centre F=0.0080121 t=80s iv_checked=1.880e+06 iv_rejected=0
  it=1480 processed=1.897e+06 stack_boxes=1.074e+05 min centre F=0.0080121 t=80s iv_checked=1.887e+06 iv_rejected=0
  it=1520 processed=1.919e+06 stack_boxes=1.073e+05 min centre F=0.0080121 t=81s iv_checked=1.908e+06 iv_rejected=0
  it=1560 processed=1.929e+06 stack_boxes=1.068e+05 min centre F=0.0080121 t=82s iv_checked=1.918e+06 iv_rejected=0
  it=1600 processed=1.945e+06 stack_boxes=1.065e+05 min centre F=0.0080121 t=83s iv_checked=1.934e+06 iv_rejected=0
  it=1640 processed=1.951e+06 stack_boxes=1.064e+05 min centre F=0.0080121 t=83s iv_checked=1.940e+06 iv_rejected=0
  it=1680 processed=2.010e+06 stack_boxes=1.061e+05 min centre F=0.0080121 t=85s iv_checked=1.999e+06 iv_rejected=0
  it=1720 processed=2.117e+06 stack_boxes=1.061e+05 min centre F=0.0080121 t=90s iv_checked=2.105e+06 iv_rejected=0
  it=1760 processed=2.220e+06 stack_boxes=1.060e+05 min centre F=0.0080121 t=94s iv_checked=2.207e+06 iv_rejected=0
  it=1800 processed=2.282e+06 stack_boxes=1.056e+05 min centre F=0.0080121 t=97s iv_checked=2.269e+06 iv_rejected=0
  it=1840 processed=2.424e+06 stack_boxes=1.330e+05 min centre F=0.0080121 t=103s iv_checked=2.411e+06 iv_rejected=0
  it=1880 processed=2.512e+06 stack_boxes=1.055e+05 min centre F=0.0080121 t=107s iv_checked=2.498e+06 iv_rejected=0
  it=1920 processed=2.529e+06 stack_boxes=1.050e+05 min centre F=0.0080121 t=108s iv_checked=2.514e+06 iv_rejected=0
  it=1960 processed=2.569e+06 stack_boxes=1.049e+05 min centre F=0.0080121 t=109s iv_checked=2.555e+06 iv_rejected=0
  it=2000 processed=2.576e+06 stack_boxes=1.051e+05 min centre F=0.0080121 t=109s iv_checked=2.562e+06 iv_rejected=0
  it=2040 processed=2.592e+06 stack_boxes=1.050e+05 min centre F=0.0080121 t=110s iv_checked=2.577e+06 iv_rejected=0
  it=2080 processed=2.621e+06 stack_boxes=1.092e+05 min centre F=0.0080121 t=111s iv_checked=2.606e+06 iv_rejected=0
  it=2120 processed=2.644e+06 stack_boxes=1.042e+05 min centre F=0.0080121 t=113s iv_checked=2.629e+06 iv_rejected=0
  it=2160 processed=2.666e+06 stack_boxes=1.041e+05 min centre F=0.0080121 t=113s iv_checked=2.651e+06 iv_rejected=0
  it=2200 processed=2.695e+06 stack_boxes=1.039e+05 min centre F=0.0080121 t=114s iv_checked=2.679e+06 iv_rejected=0
  it=2240 processed=2.717e+06 stack_boxes=1.038e+05 min centre F=0.0080121 t=115s iv_checked=2.701e+06 iv_rejected=0
  it=2280 processed=2.725e+06 stack_boxes=1.038e+05 min centre F=0.0080121 t=116s iv_checked=2.709e+06 iv_rejected=0
  it=2320 processed=2.760e+06 stack_boxes=1.034e+05 min centre F=0.0080121 t=117s iv_checked=2.743e+06 iv_rejected=0
  it=2360 processed=2.770e+06 stack_boxes=1.007e+05 min centre F=0.0080121 t=118s iv_checked=2.754e+06 iv_rejected=0
  it=2400 processed=2.800e+06 stack_boxes=1.028e+05 min centre F=0.0080121 t=119s iv_checked=2.784e+06 iv_rejected=0
  it=2440 processed=2.891e+06 stack_boxes=9.978e+04 min centre F=0.0080121 t=124s iv_checked=2.874e+06 iv_rejected=0
  it=2480 processed=3.065e+06 stack_boxes=9.796e+04 min centre F=0.0080121 t=131s iv_checked=3.045e+06 iv_rejected=0
  it=2520 processed=3.155e+06 stack_boxes=9.857e+04 min centre F=0.0080121 t=135s iv_checked=3.135e+06 iv_rejected=0
  it=2560 processed=3.394e+06 stack_boxes=9.775e+04 min centre F=0.0080121 t=146s iv_checked=3.375e+06 iv_rejected=0
  it=2600 processed=3.573e+06 stack_boxes=9.797e+04 min centre F=0.0080121 t=154s iv_checked=3.553e+06 iv_rejected=0
  it=2640 processed=3.911e+06 stack_boxes=9.755e+04 min centre F=0.0080121 t=170s iv_checked=3.891e+06 iv_rejected=0
  it=2680 processed=3.915e+06 stack_boxes=9.731e+04 min centre F=0.0080121 t=170s iv_checked=3.896e+06 iv_rejected=0
  it=2720 processed=3.925e+06 stack_boxes=9.750e+04 min centre F=0.0080121 t=170s iv_checked=3.905e+06 iv_rejected=0
  it=2760 processed=3.939e+06 stack_boxes=9.731e+04 min centre F=0.0080121 t=171s iv_checked=3.919e+06 iv_rejected=0
  it=2800 processed=3.967e+06 stack_boxes=9.690e+04 min centre F=0.0080121 t=172s iv_checked=3.947e+06 iv_rejected=0
  it=2840 processed=3.982e+06 stack_boxes=9.852e+04 min centre F=0.0080121 t=173s iv_checked=3.962e+06 iv_rejected=0
  it=2880 processed=4.010e+06 stack_boxes=9.665e+04 min centre F=0.0080121 t=174s iv_checked=3.990e+06 iv_rejected=0
  it=2920 processed=4.027e+06 stack_boxes=9.642e+04 min centre F=0.0080121 t=175s iv_checked=4.007e+06 iv_rejected=0
  it=2960 processed=4.082e+06 stack_boxes=9.627e+04 min centre F=0.0080121 t=177s iv_checked=4.061e+06 iv_rejected=0
  it=3000 processed=4.115e+06 stack_boxes=9.640e+04 min centre F=0.0080121 t=179s iv_checked=4.094e+06 iv_rejected=0
  it=3040 processed=4.126e+06 stack_boxes=9.745e+04 min centre F=0.0080121 t=179s iv_checked=4.105e+06 iv_rejected=0
  it=3080 processed=4.150e+06 stack_boxes=9.455e+04 min centre F=0.0080121 t=180s iv_checked=4.129e+06 iv_rejected=0
  it=3120 processed=4.188e+06 stack_boxes=9.448e+04 min centre F=0.0080121 t=181s iv_checked=4.167e+06 iv_rejected=0
  it=3160 processed=4.201e+06 stack_boxes=9.439e+04 min centre F=0.0080121 t=182s iv_checked=4.180e+06 iv_rejected=0
  it=3200 processed=4.278e+06 stack_boxes=9.790e+04 min centre F=0.0080121 t=185s iv_checked=4.256e+06 iv_rejected=0
  it=3240 processed=4.432e+06 stack_boxes=9.413e+04 min centre F=0.0080121 t=192s iv_checked=4.410e+06 iv_rejected=0
  it=3280 processed=4.542e+06 stack_boxes=9.477e+04 min centre F=0.0080121 t=196s iv_checked=4.520e+06 iv_rejected=0
  it=3320 processed=4.689e+06 stack_boxes=9.828e+04 min centre F=0.0080121 t=202s iv_checked=4.666e+06 iv_rejected=0
  it=3360 processed=4.801e+06 stack_boxes=9.331e+04 min centre F=0.0080121 t=206s iv_checked=4.779e+06 iv_rejected=0
  it=3400 processed=4.816e+06 stack_boxes=9.321e+04 min centre F=0.0080121 t=207s iv_checked=4.793e+06 iv_rejected=0
  it=3440 processed=5.002e+06 stack_boxes=9.413e+04 min centre F=0.0080121 t=216s iv_checked=4.978e+06 iv_rejected=0
  it=3480 processed=5.473e+06 stack_boxes=9.318e+04 min centre F=0.0080121 t=238s iv_checked=5.449e+06 iv_rejected=0
  it=3520 processed=5.481e+06 stack_boxes=9.284e+04 min centre F=0.0080121 t=238s iv_checked=5.457e+06 iv_rejected=0
  it=3560 processed=5.486e+06 stack_boxes=9.261e+04 min centre F=0.0080121 t=239s iv_checked=5.462e+06 iv_rejected=0
  it=3600 processed=5.498e+06 stack_boxes=9.358e+04 min centre F=0.0080121 t=240s iv_checked=5.474e+06 iv_rejected=0
  it=3640 processed=5.527e+06 stack_boxes=9.474e+04 min centre F=0.0080121 t=240s iv_checked=5.503e+06 iv_rejected=0
  it=3680 processed=5.540e+06 stack_boxes=9.295e+04 min centre F=0.0080121 t=241s iv_checked=5.516e+06 iv_rejected=0
  it=3720 processed=5.578e+06 stack_boxes=9.214e+04 min centre F=0.0080121 t=243s iv_checked=5.554e+06 iv_rejected=0
  it=3760 processed=5.606e+06 stack_boxes=9.260e+04 min centre F=0.0080121 t=244s iv_checked=5.581e+06 iv_rejected=0
  it=3800 processed=5.651e+06 stack_boxes=9.179e+04 min centre F=0.0080121 t=246s iv_checked=5.626e+06 iv_rejected=0
  it=3840 processed=5.676e+06 stack_boxes=9.158e+04 min centre F=0.0080121 t=247s iv_checked=5.651e+06 iv_rejected=0
  it=3880 processed=5.684e+06 stack_boxes=9.155e+04 min centre F=0.0080121 t=248s iv_checked=5.659e+06 iv_rejected=0
  it=3920 processed=5.709e+06 stack_boxes=9.140e+04 min centre F=0.0080121 t=248s iv_checked=5.684e+06 iv_rejected=0
  it=3960 processed=5.725e+06 stack_boxes=9.084e+04 min centre F=0.0080121 t=249s iv_checked=5.699e+06 iv_rejected=0
  it=4000 processed=5.729e+06 stack_boxes=9.056e+04 min centre F=0.0080121 t=249s iv_checked=5.703e+06 iv_rejected=0
  it=4040 processed=5.739e+06 stack_boxes=9.056e+04 min centre F=0.0080121 t=250s iv_checked=5.714e+06 iv_rejected=0
  it=4080 processed=5.841e+06 stack_boxes=9.004e+04 min centre F=0.0080121 t=254s iv_checked=5.815e+06 iv_rejected=0
  it=4120 processed=5.931e+06 stack_boxes=8.991e+04 min centre F=0.0080121 t=259s iv_checked=5.904e+06 iv_rejected=0
  it=4160 processed=6.150e+06 stack_boxes=8.998e+04 min centre F=0.0080121 t=268s iv_checked=6.124e+06 iv_rejected=0
  it=4200 processed=6.177e+06 stack_boxes=9.123e+04 min centre F=0.0080121 t=269s iv_checked=6.151e+06 iv_rejected=0
  it=4240 processed=6.292e+06 stack_boxes=8.958e+04 min centre F=0.0080121 t=274s iv_checked=6.265e+06 iv_rejected=0
  it=4280 processed=6.439e+06 stack_boxes=1.231e+05 min centre F=0.0080121 t=280s iv_checked=6.412e+06 iv_rejected=0
  it=4320 processed=6.634e+06 stack_boxes=8.914e+04 min centre F=0.0080121 t=289s iv_checked=6.606e+06 iv_rejected=0
  it=4360 processed=7.007e+06 stack_boxes=8.901e+04 min centre F=0.0080121 t=307s iv_checked=6.979e+06 iv_rejected=0
  it=4400 processed=7.064e+06 stack_boxes=8.889e+04 min centre F=0.0080121 t=310s iv_checked=7.036e+06 iv_rejected=0
  it=4440 processed=7.071e+06 stack_boxes=8.908e+04 min centre F=0.0080121 t=310s iv_checked=7.043e+06 iv_rejected=0
  it=4480 processed=7.109e+06 stack_boxes=8.873e+04 min centre F=0.0080121 t=312s iv_checked=7.081e+06 iv_rejected=0
  it=4520 processed=7.155e+06 stack_boxes=8.842e+04 min centre F=0.0080121 t=314s iv_checked=7.126e+06 iv_rejected=0
  it=4560 processed=7.158e+06 stack_boxes=8.828e+04 min centre F=0.0080121 t=314s iv_checked=7.130e+06 iv_rejected=0
  it=4600 processed=7.203e+06 stack_boxes=8.912e+04 min centre F=0.0080121 t=316s iv_checked=7.174e+06 iv_rejected=0
  it=4640 processed=7.221e+06 stack_boxes=8.792e+04 min centre F=0.0080121 t=317s iv_checked=7.192e+06 iv_rejected=0
  it=4680 processed=7.254e+06 stack_boxes=8.772e+04 min centre F=0.0080121 t=318s iv_checked=7.224e+06 iv_rejected=0
  it=4720 processed=7.266e+06 stack_boxes=8.756e+04 min centre F=0.0080121 t=319s iv_checked=7.235e+06 iv_rejected=0
  it=4760 processed=7.273e+06 stack_boxes=8.787e+04 min centre F=0.0080121 t=319s iv_checked=7.242e+06 iv_rejected=0
  it=4800 processed=7.300e+06 stack_boxes=8.780e+04 min centre F=0.0080121 t=320s iv_checked=7.269e+06 iv_rejected=0
  it=4840 processed=7.312e+06 stack_boxes=8.743e+04 min centre F=0.0080121 t=321s iv_checked=7.281e+06 iv_rejected=0
  it=4880 processed=7.320e+06 stack_boxes=8.723e+04 min centre F=0.0080121 t=321s iv_checked=7.289e+06 iv_rejected=0
  it=4920 processed=7.390e+06 stack_boxes=8.686e+04 min centre F=0.0080121 t=324s iv_checked=7.358e+06 iv_rejected=0
  it=4960 processed=7.399e+06 stack_boxes=8.714e+04 min centre F=0.0080121 t=324s iv_checked=7.367e+06 iv_rejected=0
  it=5000 processed=7.467e+06 stack_boxes=8.833e+04 min centre F=0.0080121 t=327s iv_checked=7.435e+06 iv_rejected=0
  it=5040 processed=7.557e+06 stack_boxes=8.675e+04 min centre F=0.0080121 t=331s iv_checked=7.523e+06 iv_rejected=0
  it=5080 processed=7.649e+06 stack_boxes=8.610e+04 min centre F=0.0080121 t=334s iv_checked=7.614e+06 iv_rejected=0
  it=5120 processed=7.800e+06 stack_boxes=1.097e+05 min centre F=0.0080121 t=340s iv_checked=7.766e+06 iv_rejected=0
  it=5160 processed=7.938e+06 stack_boxes=8.597e+04 min centre F=0.0080121 t=346s iv_checked=7.903e+06 iv_rejected=0
  it=5200 processed=8.090e+06 stack_boxes=9.150e+04 min centre F=0.0080121 t=352s iv_checked=8.054e+06 iv_rejected=0
  it=5240 processed=8.142e+06 stack_boxes=8.570e+04 min centre F=0.0080121 t=354s iv_checked=8.106e+06 iv_rejected=0
  it=5280 processed=8.234e+06 stack_boxes=8.544e+04 min centre F=0.0080121 t=359s iv_checked=8.198e+06 iv_rejected=0
  it=5320 processed=8.242e+06 stack_boxes=8.585e+04 min centre F=0.0080121 t=360s iv_checked=8.205e+06 iv_rejected=0
  it=5360 processed=8.256e+06 stack_boxes=8.672e+04 min centre F=0.0080121 t=360s iv_checked=8.220e+06 iv_rejected=0
  it=5400 processed=8.273e+06 stack_boxes=8.508e+04 min centre F=0.0080121 t=361s iv_checked=8.236e+06 iv_rejected=0
  it=5440 processed=8.277e+06 stack_boxes=8.498e+04 min centre F=0.0080121 t=362s iv_checked=8.240e+06 iv_rejected=0
  it=5480 processed=8.300e+06 stack_boxes=8.485e+04 min centre F=0.0080121 t=363s iv_checked=8.263e+06 iv_rejected=0
  it=5520 processed=8.326e+06 stack_boxes=8.448e+04 min centre F=0.0080121 t=364s iv_checked=8.289e+06 iv_rejected=0
  it=5560 processed=8.334e+06 stack_boxes=8.471e+04 min centre F=0.0080121 t=364s iv_checked=8.297e+06 iv_rejected=0
  it=5600 processed=8.347e+06 stack_boxes=8.414e+04 min centre F=0.0080121 t=365s iv_checked=8.310e+06 iv_rejected=0
  it=5640 processed=8.364e+06 stack_boxes=8.399e+04 min centre F=0.0080121 t=365s iv_checked=8.326e+06 iv_rejected=0
  it=5680 processed=8.384e+06 stack_boxes=8.295e+04 min centre F=0.0080121 t=366s iv_checked=8.347e+06 iv_rejected=0
  it=5720 processed=8.421e+06 stack_boxes=8.262e+04 min centre F=0.0080121 t=367s iv_checked=8.384e+06 iv_rejected=0
  it=5760 processed=8.497e+06 stack_boxes=8.237e+04 min centre F=0.0080121 t=371s iv_checked=8.459e+06 iv_rejected=0
  it=5800 processed=8.554e+06 stack_boxes=8.304e+04 min centre F=0.0080121 t=373s iv_checked=8.516e+06 iv_rejected=0
  it=5840 processed=8.677e+06 stack_boxes=8.238e+04 min centre F=0.0080121 t=378s iv_checked=8.638e+06 iv_rejected=0
  it=5880 processed=8.760e+06 stack_boxes=8.464e+04 min centre F=0.0080121 t=382s iv_checked=8.721e+06 iv_rejected=0
  it=5920 processed=8.833e+06 stack_boxes=8.751e+04 min centre F=0.0080121 t=385s iv_checked=8.794e+06 iv_rejected=0
  it=5960 processed=8.938e+06 stack_boxes=8.152e+04 min centre F=0.0080121 t=390s iv_checked=8.899e+06 iv_rejected=0
  it=6000 processed=9.049e+06 stack_boxes=9.554e+04 min centre F=0.0080121 t=394s iv_checked=9.010e+06 iv_rejected=0
  it=6040 processed=9.137e+06 stack_boxes=8.135e+04 min centre F=0.0080121 t=397s iv_checked=9.097e+06 iv_rejected=0
  it=6080 processed=9.208e+06 stack_boxes=8.277e+04 min centre F=0.0080121 t=400s iv_checked=9.168e+06 iv_rejected=0
  it=6120 processed=9.322e+06 stack_boxes=8.080e+04 min centre F=0.0080121 t=404s iv_checked=9.281e+06 iv_rejected=0
  it=6160 processed=9.329e+06 stack_boxes=8.056e+04 min centre F=0.0080121 t=405s iv_checked=9.288e+06 iv_rejected=0
  it=6200 processed=9.365e+06 stack_boxes=8.058e+04 min centre F=0.0080121 t=406s iv_checked=9.323e+06 iv_rejected=0
  it=6240 processed=9.380e+06 stack_boxes=8.052e+04 min centre F=0.0080121 t=407s iv_checked=9.338e+06 iv_rejected=0
  it=6280 processed=9.383e+06 stack_boxes=8.013e+04 min centre F=0.0080121 t=407s iv_checked=9.341e+06 iv_rejected=0
  it=6320 processed=9.408e+06 stack_boxes=8.005e+04 min centre F=0.0080121 t=408s iv_checked=9.366e+06 iv_rejected=0
  it=6360 processed=9.433e+06 stack_boxes=8.028e+04 min centre F=0.0080121 t=409s iv_checked=9.391e+06 iv_rejected=0
  it=6400 processed=9.452e+06 stack_boxes=7.975e+04 min centre F=0.0080121 t=410s iv_checked=9.409e+06 iv_rejected=0
  it=6440 processed=9.460e+06 stack_boxes=8.070e+04 min centre F=0.0080121 t=410s iv_checked=9.418e+06 iv_rejected=0
  it=6480 processed=9.468e+06 stack_boxes=7.936e+04 min centre F=0.0080121 t=411s iv_checked=9.426e+06 iv_rejected=0
  it=6520 processed=9.481e+06 stack_boxes=7.931e+04 min centre F=0.0080121 t=412s iv_checked=9.438e+06 iv_rejected=0
  it=6560 processed=9.491e+06 stack_boxes=7.850e+04 min centre F=0.0080121 t=412s iv_checked=9.448e+06 iv_rejected=0
  it=6600 processed=9.498e+06 stack_boxes=7.941e+04 min centre F=0.0080121 t=413s iv_checked=9.455e+06 iv_rejected=0
  it=6640 processed=9.592e+06 stack_boxes=7.871e+04 min centre F=0.0080121 t=416s iv_checked=9.548e+06 iv_rejected=0
  it=6680 processed=9.696e+06 stack_boxes=7.778e+04 min centre F=0.0080121 t=420s iv_checked=9.652e+06 iv_rejected=0
  it=6720 processed=9.924e+06 stack_boxes=8.164e+04 min centre F=0.0080121 t=430s iv_checked=9.879e+06 iv_rejected=0
  it=6760 processed=9.989e+06 stack_boxes=8.203e+04 min centre F=0.0080121 t=432s iv_checked=9.943e+06 iv_rejected=0
  it=6800 processed=1.007e+07 stack_boxes=7.767e+04 min centre F=0.0080121 t=435s iv_checked=1.002e+07 iv_rejected=0
  it=6840 processed=1.020e+07 stack_boxes=7.758e+04 min centre F=0.0080121 t=441s iv_checked=1.015e+07 iv_rejected=0
  it=6880 processed=1.021e+07 stack_boxes=7.790e+04 min centre F=0.0080121 t=441s iv_checked=1.016e+07 iv_rejected=0
  it=6920 processed=1.025e+07 stack_boxes=7.687e+04 min centre F=0.0080121 t=443s iv_checked=1.020e+07 iv_rejected=0
  it=6960 processed=1.025e+07 stack_boxes=7.668e+04 min centre F=0.0080121 t=443s iv_checked=1.020e+07 iv_rejected=0
  it=7000 processed=1.027e+07 stack_boxes=7.647e+04 min centre F=0.0080121 t=444s iv_checked=1.022e+07 iv_rejected=0
  it=7040 processed=1.028e+07 stack_boxes=7.637e+04 min centre F=0.0080121 t=445s iv_checked=1.024e+07 iv_rejected=0
  it=7080 processed=1.029e+07 stack_boxes=7.620e+04 min centre F=0.0080121 t=445s iv_checked=1.024e+07 iv_rejected=0
  it=7120 processed=1.030e+07 stack_boxes=7.703e+04 min centre F=0.0080121 t=445s iv_checked=1.025e+07 iv_rejected=0
  it=7160 processed=1.034e+07 stack_boxes=7.780e+04 min centre F=0.0080121 t=447s iv_checked=1.029e+07 iv_rejected=0
  it=7200 processed=1.035e+07 stack_boxes=7.572e+04 min centre F=0.0080121 t=447s iv_checked=1.030e+07 iv_rejected=0
  it=7240 processed=1.036e+07 stack_boxes=7.557e+04 min centre F=0.0080121 t=448s iv_checked=1.031e+07 iv_rejected=0
  it=7280 processed=1.042e+07 stack_boxes=7.935e+04 min centre F=0.0080121 t=450s iv_checked=1.036e+07 iv_rejected=0
  it=7320 processed=1.043e+07 stack_boxes=7.351e+04 min centre F=0.0080121 t=451s iv_checked=1.038e+07 iv_rejected=0
  it=7360 processed=1.045e+07 stack_boxes=7.135e+04 min centre F=0.0080121 t=452s iv_checked=1.040e+07 iv_rejected=0
  it=7400 processed=1.053e+07 stack_boxes=7.152e+04 min centre F=0.0080121 t=455s iv_checked=1.048e+07 iv_rejected=0
  it=7440 processed=1.064e+07 stack_boxes=7.041e+04 min centre F=0.0080121 t=460s iv_checked=1.059e+07 iv_rejected=0
  it=7480 processed=1.068e+07 stack_boxes=7.036e+04 min centre F=0.0080121 t=461s iv_checked=1.063e+07 iv_rejected=0
  it=7520 processed=1.073e+07 stack_boxes=7.010e+04 min centre F=0.0080121 t=463s iv_checked=1.068e+07 iv_rejected=0
  it=7560 processed=1.081e+07 stack_boxes=7.730e+04 min centre F=0.0080121 t=467s iv_checked=1.075e+07 iv_rejected=0
  it=7600 processed=1.094e+07 stack_boxes=6.965e+04 min centre F=0.0080121 t=472s iv_checked=1.088e+07 iv_rejected=0
  it=7640 processed=1.095e+07 stack_boxes=6.970e+04 min centre F=0.0080121 t=473s iv_checked=1.089e+07 iv_rejected=0
  it=7680 processed=1.096e+07 stack_boxes=6.989e+04 min centre F=0.0080121 t=473s iv_checked=1.091e+07 iv_rejected=0
  it=7720 processed=1.098e+07 stack_boxes=6.924e+04 min centre F=0.0080121 t=474s iv_checked=1.092e+07 iv_rejected=0
  it=7760 processed=1.099e+07 stack_boxes=6.894e+04 min centre F=0.0080121 t=474s iv_checked=1.093e+07 iv_rejected=0
  it=7800 processed=1.101e+07 stack_boxes=7.209e+04 min centre F=0.0080121 t=475s iv_checked=1.095e+07 iv_rejected=0
  it=7840 processed=1.104e+07 stack_boxes=7.085e+04 min centre F=0.0080121 t=476s iv_checked=1.098e+07 iv_rejected=0
  it=7880 processed=1.109e+07 stack_boxes=6.961e+04 min centre F=0.0080121 t=478s iv_checked=1.103e+07 iv_rejected=0
  it=7920 processed=1.110e+07 stack_boxes=7.012e+04 min centre F=0.0080121 t=479s iv_checked=1.105e+07 iv_rejected=0
  it=7960 processed=1.113e+07 stack_boxes=6.925e+04 min centre F=0.0080121 t=480s iv_checked=1.107e+07 iv_rejected=0
  it=8000 processed=1.118e+07 stack_boxes=6.810e+04 min centre F=0.0080121 t=483s iv_checked=1.113e+07 iv_rejected=0
  it=8040 processed=1.121e+07 stack_boxes=6.661e+04 min centre F=0.0080121 t=484s iv_checked=1.116e+07 iv_rejected=0
  it=8080 processed=1.122e+07 stack_boxes=6.665e+04 min centre F=0.0080121 t=485s iv_checked=1.116e+07 iv_rejected=0
  it=8120 processed=1.123e+07 stack_boxes=6.661e+04 min centre F=0.0080121 t=485s iv_checked=1.117e+07 iv_rejected=0
  it=8160 processed=1.133e+07 stack_boxes=6.756e+04 min centre F=0.0080121 t=489s iv_checked=1.127e+07 iv_rejected=0
  it=8200 processed=1.139e+07 stack_boxes=6.669e+04 min centre F=0.0080121 t=491s iv_checked=1.133e+07 iv_rejected=0
  it=8240 processed=1.146e+07 stack_boxes=6.782e+04 min centre F=0.0080121 t=493s iv_checked=1.140e+07 iv_rejected=0
  it=8280 processed=1.163e+07 stack_boxes=6.540e+04 min centre F=0.0080121 t=499s iv_checked=1.157e+07 iv_rejected=0
  it=8320 processed=1.172e+07 stack_boxes=6.911e+04 min centre F=0.0080121 t=501s iv_checked=1.166e+07 iv_rejected=0
  it=8360 processed=1.179e+07 stack_boxes=6.547e+04 min centre F=0.0080121 t=503s iv_checked=1.172e+07 iv_rejected=0
  it=8400 processed=1.182e+07 stack_boxes=6.599e+04 min centre F=0.0080121 t=504s iv_checked=1.176e+07 iv_rejected=0
  it=8440 processed=1.213e+07 stack_boxes=6.847e+04 min centre F=0.0080121 t=515s iv_checked=1.207e+07 iv_rejected=0
  it=8480 processed=1.217e+07 stack_boxes=6.478e+04 min centre F=0.0080121 t=516s iv_checked=1.210e+07 iv_rejected=0
  it=8520 processed=1.219e+07 stack_boxes=6.460e+04 min centre F=0.0080121 t=517s iv_checked=1.213e+07 iv_rejected=0
  it=8560 processed=1.221e+07 stack_boxes=6.452e+04 min centre F=0.0080121 t=517s iv_checked=1.214e+07 iv_rejected=0
  it=8600 processed=1.222e+07 stack_boxes=6.440e+04 min centre F=0.0080121 t=518s iv_checked=1.215e+07 iv_rejected=0
  it=8640 processed=1.222e+07 stack_boxes=6.438e+04 min centre F=0.0080121 t=518s iv_checked=1.216e+07 iv_rejected=0
  it=8680 processed=1.225e+07 stack_boxes=6.464e+04 min centre F=0.0080121 t=519s iv_checked=1.218e+07 iv_rejected=0
  it=8720 processed=1.232e+07 stack_boxes=6.426e+04 min centre F=0.0080121 t=521s iv_checked=1.225e+07 iv_rejected=0
  it=8760 processed=1.233e+07 stack_boxes=6.384e+04 min centre F=0.0080121 t=522s iv_checked=1.227e+07 iv_rejected=0
  it=8800 processed=1.239e+07 stack_boxes=6.353e+04 min centre F=0.0080121 t=524s iv_checked=1.233e+07 iv_rejected=0
  it=8840 processed=1.240e+07 stack_boxes=6.340e+04 min centre F=0.0080121 t=524s iv_checked=1.233e+07 iv_rejected=0
  it=8880 processed=1.241e+07 stack_boxes=6.321e+04 min centre F=0.0080121 t=524s iv_checked=1.234e+07 iv_rejected=0
  it=8920 processed=1.249e+07 stack_boxes=6.262e+04 min centre F=0.0080121 t=527s iv_checked=1.242e+07 iv_rejected=0
  it=8960 processed=1.249e+07 stack_boxes=6.255e+04 min centre F=0.0080121 t=527s iv_checked=1.242e+07 iv_rejected=0
  it=9000 processed=1.254e+07 stack_boxes=6.523e+04 min centre F=0.0080121 t=529s iv_checked=1.247e+07 iv_rejected=0
  it=9040 processed=1.264e+07 stack_boxes=6.257e+04 min centre F=0.0080121 t=532s iv_checked=1.257e+07 iv_rejected=0
  it=9080 processed=1.275e+07 stack_boxes=6.734e+04 min centre F=0.0080121 t=535s iv_checked=1.268e+07 iv_rejected=0
  it=9120 processed=1.281e+07 stack_boxes=6.283e+04 min centre F=0.0080121 t=537s iv_checked=1.274e+07 iv_rejected=0
  it=9160 processed=1.286e+07 stack_boxes=6.168e+04 min centre F=0.0080121 t=539s iv_checked=1.278e+07 iv_rejected=0
  it=9200 processed=1.300e+07 stack_boxes=6.147e+04 min centre F=0.0080121 t=544s iv_checked=1.293e+07 iv_rejected=0
  it=9240 processed=1.310e+07 stack_boxes=6.133e+04 min centre F=0.0080121 t=546s iv_checked=1.303e+07 iv_rejected=0
  it=9280 processed=1.313e+07 stack_boxes=6.112e+04 min centre F=0.0080121 t=547s iv_checked=1.306e+07 iv_rejected=0
  it=9320 processed=1.314e+07 stack_boxes=6.117e+04 min centre F=0.0080121 t=547s iv_checked=1.306e+07 iv_rejected=0
  it=9360 processed=1.315e+07 stack_boxes=6.107e+04 min centre F=0.0080121 t=548s iv_checked=1.308e+07 iv_rejected=0
  it=9400 processed=1.316e+07 stack_boxes=6.076e+04 min centre F=0.0080121 t=548s iv_checked=1.309e+07 iv_rejected=0
  it=9440 processed=1.317e+07 stack_boxes=6.052e+04 min centre F=0.0080121 t=549s iv_checked=1.310e+07 iv_rejected=0
  it=9480 processed=1.319e+07 stack_boxes=6.045e+04 min centre F=0.0080121 t=549s iv_checked=1.312e+07 iv_rejected=0
  it=9520 processed=1.322e+07 stack_boxes=6.065e+04 min centre F=0.0080121 t=550s iv_checked=1.314e+07 iv_rejected=0
  it=9560 processed=1.325e+07 stack_boxes=6.158e+04 min centre F=0.0080121 t=551s iv_checked=1.317e+07 iv_rejected=0
  it=9600 processed=1.326e+07 stack_boxes=5.977e+04 min centre F=0.0080121 t=551s iv_checked=1.318e+07 iv_rejected=0
  it=9640 processed=1.327e+07 stack_boxes=6.007e+04 min centre F=0.0080121 t=551s iv_checked=1.320e+07 iv_rejected=0
  it=9680 processed=1.328e+07 stack_boxes=5.986e+04 min centre F=0.0080121 t=552s iv_checked=1.320e+07 iv_rejected=0
  it=9720 processed=1.330e+07 stack_boxes=6.221e+04 min centre F=0.0080121 t=552s iv_checked=1.322e+07 iv_rejected=0
  it=9760 processed=1.378e+07 stack_boxes=9.452e+04 min centre F=0.0080121 t=570s iv_checked=1.370e+07 iv_rejected=0
  it=9800 processed=1.394e+07 stack_boxes=5.905e+04 min centre F=0.0080121 t=576s iv_checked=1.387e+07 iv_rejected=0
  it=9840 processed=1.397e+07 stack_boxes=5.827e+04 min centre F=0.0080121 t=576s iv_checked=1.390e+07 iv_rejected=0
  it=9880 processed=1.398e+07 stack_boxes=5.803e+04 min centre F=0.0080121 t=577s iv_checked=1.390e+07 iv_rejected=0
  it=9920 processed=1.399e+07 stack_boxes=5.789e+04 min centre F=0.0080121 t=577s iv_checked=1.391e+07 iv_rejected=0
  it=9960 processed=1.401e+07 stack_boxes=5.771e+04 min centre F=0.0080121 t=578s iv_checked=1.394e+07 iv_rejected=0
  it=10000 processed=1.402e+07 stack_boxes=5.760e+04 min centre F=0.0080121 t=578s iv_checked=1.395e+07 iv_rejected=0
  it=10040 processed=1.406e+07 stack_boxes=5.772e+04 min centre F=0.0080121 t=579s iv_checked=1.398e+07 iv_rejected=0
  it=10080 processed=1.409e+07 stack_boxes=5.840e+04 min centre F=0.0080121 t=580s iv_checked=1.402e+07 iv_rejected=0
  it=10120 processed=1.416e+07 stack_boxes=5.776e+04 min centre F=0.0080121 t=582s iv_checked=1.408e+07 iv_rejected=0
  it=10160 processed=1.417e+07 stack_boxes=5.714e+04 min centre F=0.0080121 t=582s iv_checked=1.409e+07 iv_rejected=0
  it=10200 processed=1.419e+07 stack_boxes=6.414e+04 min centre F=0.0080121 t=583s iv_checked=1.411e+07 iv_rejected=0
  it=10240 processed=1.426e+07 stack_boxes=5.676e+04 min centre F=0.0080121 t=585s iv_checked=1.418e+07 iv_rejected=0
  it=10280 processed=1.436e+07 stack_boxes=6.105e+04 min centre F=0.0080121 t=588s iv_checked=1.428e+07 iv_rejected=0
  it=10320 processed=1.443e+07 stack_boxes=6.148e+04 min centre F=0.0080121 t=590s iv_checked=1.435e+07 iv_rejected=0
  it=10360 processed=1.450e+07 stack_boxes=6.073e+04 min centre F=0.0080121 t=592s iv_checked=1.442e+07 iv_rejected=0
  it=10400 processed=1.469e+07 stack_boxes=5.607e+04 min centre F=0.0080121 t=599s iv_checked=1.461e+07 iv_rejected=0
  it=10440 processed=1.474e+07 stack_boxes=5.686e+04 min centre F=0.0080121 t=601s iv_checked=1.466e+07 iv_rejected=0
  it=10480 processed=1.476e+07 stack_boxes=5.606e+04 min centre F=0.0080121 t=601s iv_checked=1.468e+07 iv_rejected=0
  it=10520 processed=1.477e+07 stack_boxes=5.554e+04 min centre F=0.0080121 t=602s iv_checked=1.469e+07 iv_rejected=0
  it=10560 processed=1.478e+07 stack_boxes=5.548e+04 min centre F=0.0080121 t=602s iv_checked=1.469e+07 iv_rejected=0
  it=10600 processed=1.479e+07 stack_boxes=5.691e+04 min centre F=0.0080121 t=602s iv_checked=1.471e+07 iv_rejected=0
  it=10640 processed=1.481e+07 stack_boxes=5.542e+04 min centre F=0.0080121 t=603s iv_checked=1.473e+07 iv_rejected=0
  it=10680 processed=1.482e+07 stack_boxes=5.513e+04 min centre F=0.0080121 t=603s iv_checked=1.474e+07 iv_rejected=0
  it=10720 processed=1.485e+07 stack_boxes=5.480e+04 min centre F=0.0080121 t=604s iv_checked=1.477e+07 iv_rejected=0
  it=10760 processed=1.487e+07 stack_boxes=5.501e+04 min centre F=0.0080121 t=605s iv_checked=1.479e+07 iv_rejected=0
  it=10800 processed=1.490e+07 stack_boxes=5.535e+04 min centre F=0.0080121 t=606s iv_checked=1.481e+07 iv_rejected=0
  it=10840 processed=1.493e+07 stack_boxes=5.482e+04 min centre F=0.0080121 t=606s iv_checked=1.484e+07 iv_rejected=0
  it=10880 processed=1.494e+07 stack_boxes=5.428e+04 min centre F=0.0080121 t=607s iv_checked=1.485e+07 iv_rejected=0
  it=10920 processed=1.495e+07 stack_boxes=5.429e+04 min centre F=0.0080121 t=607s iv_checked=1.486e+07 iv_rejected=0
  it=10960 processed=1.497e+07 stack_boxes=5.270e+04 min centre F=0.0080121 t=608s iv_checked=1.489e+07 iv_rejected=0
  it=11000 processed=1.498e+07 stack_boxes=5.239e+04 min centre F=0.0080121 t=609s iv_checked=1.490e+07 iv_rejected=0
  it=11040 processed=1.499e+07 stack_boxes=5.230e+04 min centre F=0.0080121 t=609s iv_checked=1.491e+07 iv_rejected=0
  it=11080 processed=1.504e+07 stack_boxes=5.235e+04 min centre F=0.0080121 t=610s iv_checked=1.496e+07 iv_rejected=0
  it=11120 processed=1.516e+07 stack_boxes=5.179e+04 min centre F=0.0080121 t=614s iv_checked=1.508e+07 iv_rejected=0
  it=11160 processed=1.531e+07 stack_boxes=5.156e+04 min centre F=0.0080121 t=618s iv_checked=1.522e+07 iv_rejected=0
  it=11200 processed=1.548e+07 stack_boxes=5.152e+04 min centre F=0.0080121 t=624s iv_checked=1.539e+07 iv_rejected=0
  it=11240 processed=1.558e+07 stack_boxes=5.798e+04 min centre F=0.0080121 t=627s iv_checked=1.550e+07 iv_rejected=0
  it=11280 processed=1.566e+07 stack_boxes=5.212e+04 min centre F=0.0080121 t=630s iv_checked=1.557e+07 iv_rejected=0
  it=11320 processed=1.606e+07 stack_boxes=5.103e+04 min centre F=0.0080121 t=644s iv_checked=1.597e+07 iv_rejected=0
  it=11360 processed=1.607e+07 stack_boxes=5.120e+04 min centre F=0.0080121 t=644s iv_checked=1.598e+07 iv_rejected=0
  it=11400 processed=1.611e+07 stack_boxes=5.076e+04 min centre F=0.0080121 t=646s iv_checked=1.602e+07 iv_rejected=0
  it=11440 processed=1.612e+07 stack_boxes=5.061e+04 min centre F=0.0080121 t=646s iv_checked=1.603e+07 iv_rejected=0
  it=11480 processed=1.613e+07 stack_boxes=5.206e+04 min centre F=0.0080121 t=646s iv_checked=1.605e+07 iv_rejected=0
  it=11520 processed=1.617e+07 stack_boxes=5.014e+04 min centre F=0.0080121 t=648s iv_checked=1.608e+07 iv_rejected=0
  it=11560 processed=1.618e+07 stack_boxes=5.268e+04 min centre F=0.0080121 t=648s iv_checked=1.609e+07 iv_rejected=0
  it=11600 processed=1.622e+07 stack_boxes=5.070e+04 min centre F=0.0080121 t=649s iv_checked=1.613e+07 iv_rejected=0
  it=11640 processed=1.624e+07 stack_boxes=4.965e+04 min centre F=0.0080121 t=650s iv_checked=1.615e+07 iv_rejected=0
  it=11680 processed=1.625e+07 stack_boxes=4.946e+04 min centre F=0.0080121 t=650s iv_checked=1.616e+07 iv_rejected=0
  it=11720 processed=1.626e+07 stack_boxes=4.967e+04 min centre F=0.0080121 t=650s iv_checked=1.617e+07 iv_rejected=0
  it=11760 processed=1.626e+07 stack_boxes=4.972e+04 min centre F=0.0080121 t=651s iv_checked=1.618e+07 iv_rejected=0
  it=11800 processed=1.628e+07 stack_boxes=4.874e+04 min centre F=0.0080121 t=651s iv_checked=1.619e+07 iv_rejected=0
  it=11840 processed=1.629e+07 stack_boxes=4.833e+04 min centre F=0.0080121 t=652s iv_checked=1.620e+07 iv_rejected=0
  it=11880 processed=1.635e+07 stack_boxes=4.954e+04 min centre F=0.0080121 t=653s iv_checked=1.626e+07 iv_rejected=0
  it=11920 processed=1.642e+07 stack_boxes=5.616e+04 min centre F=0.0080121 t=655s iv_checked=1.633e+07 iv_rejected=0
  it=11960 processed=1.649e+07 stack_boxes=5.019e+04 min centre F=0.0080121 t=657s iv_checked=1.640e+07 iv_rejected=0
  it=12000 processed=1.657e+07 stack_boxes=4.761e+04 min centre F=0.0080121 t=660s iv_checked=1.648e+07 iv_rejected=0
  it=12040 processed=1.663e+07 stack_boxes=4.736e+04 min centre F=0.0080121 t=662s iv_checked=1.654e+07 iv_rejected=0
  it=12080 processed=1.700e+07 stack_boxes=4.718e+04 min centre F=0.0080121 t=675s iv_checked=1.691e+07 iv_rejected=0
  it=12120 processed=1.706e+07 stack_boxes=6.126e+04 min centre F=0.0080121 t=676s iv_checked=1.697e+07 iv_rejected=0
  it=12160 processed=1.725e+07 stack_boxes=4.756e+04 min centre F=0.0080121 t=682s iv_checked=1.715e+07 iv_rejected=0
  it=12200 processed=1.729e+07 stack_boxes=4.680e+04 min centre F=0.0080121 t=683s iv_checked=1.719e+07 iv_rejected=0
  it=12240 processed=1.730e+07 stack_boxes=4.660e+04 min centre F=0.0080121 t=684s iv_checked=1.719e+07 iv_rejected=0
  it=12280 processed=1.731e+07 stack_boxes=4.719e+04 min centre F=0.0080121 t=684s iv_checked=1.721e+07 iv_rejected=0
  it=12320 processed=1.733e+07 stack_boxes=4.746e+04 min centre F=0.0080121 t=685s iv_checked=1.723e+07 iv_rejected=0
  it=12360 processed=1.737e+07 stack_boxes=4.642e+04 min centre F=0.0080121 t=686s iv_checked=1.727e+07 iv_rejected=0
  it=12400 processed=1.740e+07 stack_boxes=4.610e+04 min centre F=0.0080121 t=687s iv_checked=1.730e+07 iv_rejected=0
  it=12440 processed=1.745e+07 stack_boxes=4.585e+04 min centre F=0.0080121 t=688s iv_checked=1.734e+07 iv_rejected=0
  it=12480 processed=1.747e+07 stack_boxes=4.582e+04 min centre F=0.0080121 t=689s iv_checked=1.737e+07 iv_rejected=0
  it=12520 processed=1.748e+07 stack_boxes=4.548e+04 min centre F=0.0080121 t=690s iv_checked=1.738e+07 iv_rejected=0
  it=12560 processed=1.749e+07 stack_boxes=4.543e+04 min centre F=0.0080121 t=690s iv_checked=1.738e+07 iv_rejected=0
  it=12600 processed=1.750e+07 stack_boxes=4.211e+04 min centre F=0.0080121 t=690s iv_checked=1.739e+07 iv_rejected=0
  it=12640 processed=1.754e+07 stack_boxes=4.104e+04 min centre F=0.0080121 t=692s iv_checked=1.744e+07 iv_rejected=0
  it=12680 processed=1.762e+07 stack_boxes=4.541e+04 min centre F=0.0080121 t=694s iv_checked=1.751e+07 iv_rejected=0
  it=12720 processed=1.766e+07 stack_boxes=4.157e+04 min centre F=0.0080121 t=695s iv_checked=1.756e+07 iv_rejected=0
  it=12760 processed=1.816e+07 stack_boxes=5.772e+04 min centre F=0.0080121 t=713s iv_checked=1.806e+07 iv_rejected=0
  it=12800 processed=1.821e+07 stack_boxes=4.135e+04 min centre F=0.0080121 t=714s iv_checked=1.810e+07 iv_rejected=0
  it=12840 processed=1.857e+07 stack_boxes=3.994e+04 min centre F=0.0080121 t=727s iv_checked=1.846e+07 iv_rejected=0
  it=12880 processed=1.867e+07 stack_boxes=3.951e+04 min centre F=0.0080121 t=730s iv_checked=1.856e+07 iv_rejected=0
  it=12920 processed=1.867e+07 stack_boxes=3.967e+04 min centre F=0.0080121 t=730s iv_checked=1.856e+07 iv_rejected=0
  it=12960 processed=1.869e+07 stack_boxes=4.000e+04 min centre F=0.0080121 t=731s iv_checked=1.858e+07 iv_rejected=0
  it=13000 processed=1.872e+07 stack_boxes=3.905e+04 min centre F=0.0080121 t=732s iv_checked=1.861e+07 iv_rejected=0
  it=13040 processed=1.873e+07 stack_boxes=3.892e+04 min centre F=0.0080121 t=732s iv_checked=1.862e+07 iv_rejected=0
  it=13080 processed=1.876e+07 stack_boxes=4.111e+04 min centre F=0.0080121 t=733s iv_checked=1.865e+07 iv_rejected=0
  it=13120 processed=1.880e+07 stack_boxes=3.864e+04 min centre F=0.0080121 t=735s iv_checked=1.869e+07 iv_rejected=0
  it=13160 processed=1.883e+07 stack_boxes=3.854e+04 min centre F=0.0080121 t=735s iv_checked=1.872e+07 iv_rejected=0
  it=13200 processed=1.884e+07 stack_boxes=3.853e+04 min centre F=0.0080121 t=736s iv_checked=1.873e+07 iv_rejected=0
  it=13240 processed=1.885e+07 stack_boxes=3.816e+04 min centre F=0.0080121 t=736s iv_checked=1.874e+07 iv_rejected=0
  it=13280 processed=1.887e+07 stack_boxes=3.753e+04 min centre F=0.0080121 t=737s iv_checked=1.876e+07 iv_rejected=0
  it=13320 processed=1.889e+07 stack_boxes=4.199e+04 min centre F=0.0080121 t=737s iv_checked=1.878e+07 iv_rejected=0
  it=13360 processed=1.903e+07 stack_boxes=3.637e+04 min centre F=0.0080121 t=742s iv_checked=1.892e+07 iv_rejected=0
  it=13400 processed=1.908e+07 stack_boxes=3.636e+04 min centre F=0.0080121 t=743s iv_checked=1.897e+07 iv_rejected=0
  it=13440 processed=1.918e+07 stack_boxes=3.599e+04 min centre F=0.0080121 t=746s iv_checked=1.907e+07 iv_rejected=0
  it=13480 processed=1.928e+07 stack_boxes=3.568e+04 min centre F=0.0080121 t=749s iv_checked=1.917e+07 iv_rejected=0
  it=13520 processed=1.936e+07 stack_boxes=3.570e+04 min centre F=0.0080121 t=751s iv_checked=1.925e+07 iv_rejected=0
  it=13560 processed=1.940e+07 stack_boxes=3.869e+04 min centre F=0.0080121 t=753s iv_checked=1.929e+07 iv_rejected=0
  it=13600 processed=1.946e+07 stack_boxes=3.543e+04 min centre F=0.0080121 t=755s iv_checked=1.935e+07 iv_rejected=0
  it=13640 processed=1.958e+07 stack_boxes=4.083e+04 min centre F=0.0080121 t=758s iv_checked=1.946e+07 iv_rejected=0
  it=13680 processed=1.978e+07 stack_boxes=3.675e+04 min centre F=0.0080121 t=764s iv_checked=1.966e+07 iv_rejected=0
  it=13720 processed=2.021e+07 stack_boxes=6.659e+04 min centre F=0.0080121 t=779s iv_checked=2.010e+07 iv_rejected=0
  it=13760 processed=2.038e+07 stack_boxes=3.483e+04 min centre F=0.0080121 t=785s iv_checked=2.027e+07 iv_rejected=0
  it=13800 processed=2.039e+07 stack_boxes=3.462e+04 min centre F=0.0080121 t=785s iv_checked=2.027e+07 iv_rejected=0
  it=13840 processed=2.041e+07 stack_boxes=3.452e+04 min centre F=0.0080121 t=786s iv_checked=2.029e+07 iv_rejected=0
  it=13880 processed=2.043e+07 stack_boxes=3.433e+04 min centre F=0.0080121 t=786s iv_checked=2.031e+07 iv_rejected=0
  it=13920 processed=2.044e+07 stack_boxes=3.420e+04 min centre F=0.0080121 t=787s iv_checked=2.032e+07 iv_rejected=0
  it=13960 processed=2.045e+07 stack_boxes=3.574e+04 min centre F=0.0080121 t=787s iv_checked=2.033e+07 iv_rejected=0
  it=14000 processed=2.049e+07 stack_boxes=3.470e+04 min centre F=0.0080121 t=788s iv_checked=2.037e+07 iv_rejected=0
  it=14040 processed=2.051e+07 stack_boxes=3.382e+04 min centre F=0.0080121 t=789s iv_checked=2.039e+07 iv_rejected=0
  it=14080 processed=2.052e+07 stack_boxes=3.362e+04 min centre F=0.0080121 t=789s iv_checked=2.040e+07 iv_rejected=0
  it=14120 processed=2.056e+07 stack_boxes=3.954e+04 min centre F=0.0080121 t=791s iv_checked=2.045e+07 iv_rejected=0
  it=14160 processed=2.058e+07 stack_boxes=3.324e+04 min centre F=0.0080121 t=791s iv_checked=2.046e+07 iv_rejected=0
  it=14200 processed=2.059e+07 stack_boxes=3.283e+04 min centre F=0.0080121 t=792s iv_checked=2.047e+07 iv_rejected=0
  it=14240 processed=2.061e+07 stack_boxes=3.256e+04 min centre F=0.0080121 t=792s iv_checked=2.049e+07 iv_rejected=0
  it=14280 processed=2.064e+07 stack_boxes=3.823e+04 min centre F=0.0080121 t=793s iv_checked=2.052e+07 iv_rejected=0
  it=14320 processed=2.076e+07 stack_boxes=3.519e+04 min centre F=0.0080121 t=797s iv_checked=2.064e+07 iv_rejected=0
  it=14360 processed=2.086e+07 stack_boxes=3.883e+04 min centre F=0.0080121 t=800s iv_checked=2.074e+07 iv_rejected=0
  it=14400 processed=2.099e+07 stack_boxes=3.265e+04 min centre F=0.0080121 t=804s iv_checked=2.087e+07 iv_rejected=0
  it=14440 processed=2.111e+07 stack_boxes=3.167e+04 min centre F=0.0080121 t=808s iv_checked=2.099e+07 iv_rejected=0
  it=14480 processed=2.117e+07 stack_boxes=3.143e+04 min centre F=0.0080121 t=810s iv_checked=2.105e+07 iv_rejected=0
  it=14520 processed=2.132e+07 stack_boxes=3.151e+04 min centre F=0.0080121 t=814s iv_checked=2.119e+07 iv_rejected=0
  it=14560 processed=2.145e+07 stack_boxes=4.275e+04 min centre F=0.0080121 t=819s iv_checked=2.133e+07 iv_rejected=0
  it=14600 processed=2.170e+07 stack_boxes=3.094e+04 min centre F=0.0080121 t=827s iv_checked=2.157e+07 iv_rejected=0
  it=14640 processed=2.170e+07 stack_boxes=3.071e+04 min centre F=0.0080121 t=828s iv_checked=2.158e+07 iv_rejected=0
  it=14680 processed=2.171e+07 stack_boxes=3.054e+04 min centre F=0.0080121 t=828s iv_checked=2.159e+07 iv_rejected=0
  it=14720 processed=2.172e+07 stack_boxes=3.043e+04 min centre F=0.0080121 t=828s iv_checked=2.159e+07 iv_rejected=0
  it=14760 processed=2.173e+07 stack_boxes=3.027e+04 min centre F=0.0080121 t=829s iv_checked=2.160e+07 iv_rejected=0
  it=14800 processed=2.174e+07 stack_boxes=3.350e+04 min centre F=0.0080121 t=829s iv_checked=2.161e+07 iv_rejected=0
  it=14840 processed=2.179e+07 stack_boxes=3.220e+04 min centre F=0.0080121 t=830s iv_checked=2.166e+07 iv_rejected=0
  it=14880 processed=2.181e+07 stack_boxes=3.011e+04 min centre F=0.0080121 t=831s iv_checked=2.169e+07 iv_rejected=0
  it=14920 processed=2.183e+07 stack_boxes=2.966e+04 min centre F=0.0080121 t=831s iv_checked=2.170e+07 iv_rejected=0
  it=14960 processed=2.184e+07 stack_boxes=2.978e+04 min centre F=0.0080121 t=832s iv_checked=2.172e+07 iv_rejected=0
  it=15000 processed=2.185e+07 stack_boxes=3.020e+04 min centre F=0.0080121 t=832s iv_checked=2.172e+07 iv_rejected=0
  it=15040 processed=2.193e+07 stack_boxes=2.927e+04 min centre F=0.0080121 t=835s iv_checked=2.180e+07 iv_rejected=0
  it=15080 processed=2.197e+07 stack_boxes=3.136e+04 min centre F=0.0080121 t=836s iv_checked=2.184e+07 iv_rejected=0
  it=15120 processed=2.210e+07 stack_boxes=2.900e+04 min centre F=0.0080121 t=840s iv_checked=2.197e+07 iv_rejected=0
  it=15160 processed=2.227e+07 stack_boxes=2.904e+04 min centre F=0.0080121 t=845s iv_checked=2.214e+07 iv_rejected=0
  it=15200 processed=2.228e+07 stack_boxes=2.914e+04 min centre F=0.0080121 t=846s iv_checked=2.215e+07 iv_rejected=0
  it=15240 processed=2.229e+07 stack_boxes=2.884e+04 min centre F=0.0080121 t=846s iv_checked=2.216e+07 iv_rejected=0
  it=15280 processed=2.230e+07 stack_boxes=2.837e+04 min centre F=0.0080121 t=847s iv_checked=2.217e+07 iv_rejected=0
  it=15320 processed=2.230e+07 stack_boxes=2.830e+04 min centre F=0.0080121 t=847s iv_checked=2.217e+07 iv_rejected=0
  it=15360 processed=2.231e+07 stack_boxes=2.816e+04 min centre F=0.0080121 t=847s iv_checked=2.218e+07 iv_rejected=0
  it=15400 processed=2.234e+07 stack_boxes=3.192e+04 min centre F=0.0080121 t=848s iv_checked=2.221e+07 iv_rejected=0
  it=15440 processed=2.239e+07 stack_boxes=2.973e+04 min centre F=0.0080121 t=849s iv_checked=2.226e+07 iv_rejected=0
  it=15480 processed=2.241e+07 stack_boxes=2.775e+04 min centre F=0.0080121 t=850s iv_checked=2.227e+07 iv_rejected=0
  it=15520 processed=2.243e+07 stack_boxes=3.422e+04 min centre F=0.0080121 t=850s iv_checked=2.230e+07 iv_rejected=0
  it=15560 processed=2.248e+07 stack_boxes=2.747e+04 min centre F=0.0080121 t=852s iv_checked=2.234e+07 iv_rejected=0
  it=15600 processed=2.252e+07 stack_boxes=2.728e+04 min centre F=0.0080121 t=853s iv_checked=2.239e+07 iv_rejected=0
  it=15640 processed=2.262e+07 stack_boxes=2.720e+04 min centre F=0.0080121 t=856s iv_checked=2.249e+07 iv_rejected=0
  it=15680 processed=2.267e+07 stack_boxes=2.679e+04 min centre F=0.0080121 t=858s iv_checked=2.254e+07 iv_rejected=0
  it=15720 processed=2.294e+07 stack_boxes=5.025e+04 min centre F=0.0080121 t=867s iv_checked=2.281e+07 iv_rejected=0
  it=15760 processed=2.303e+07 stack_boxes=2.680e+04 min centre F=0.0080121 t=870s iv_checked=2.290e+07 iv_rejected=0
  it=15800 processed=2.307e+07 stack_boxes=2.671e+04 min centre F=0.0080121 t=871s iv_checked=2.294e+07 iv_rejected=0
  it=15840 processed=2.320e+07 stack_boxes=2.631e+04 min centre F=0.0080121 t=874s iv_checked=2.306e+07 iv_rejected=0
  it=15880 processed=2.322e+07 stack_boxes=2.683e+04 min centre F=0.0080121 t=875s iv_checked=2.308e+07 iv_rejected=0
  it=15920 processed=2.323e+07 stack_boxes=2.612e+04 min centre F=0.0080121 t=875s iv_checked=2.310e+07 iv_rejected=0
  it=15960 processed=2.324e+07 stack_boxes=2.608e+04 min centre F=0.0080121 t=876s iv_checked=2.311e+07 iv_rejected=0
  it=16000 processed=2.326e+07 stack_boxes=2.572e+04 min centre F=0.0080121 t=876s iv_checked=2.313e+07 iv_rejected=0
  it=16040 processed=2.327e+07 stack_boxes=2.557e+04 min centre F=0.0080121 t=877s iv_checked=2.313e+07 iv_rejected=0
  it=16080 processed=2.329e+07 stack_boxes=2.736e+04 min centre F=0.0080121 t=877s iv_checked=2.315e+07 iv_rejected=0
  it=16120 processed=2.333e+07 stack_boxes=2.508e+04 min centre F=0.0080121 t=878s iv_checked=2.319e+07 iv_rejected=0
  it=16160 processed=2.335e+07 stack_boxes=2.490e+04 min centre F=0.0080121 t=879s iv_checked=2.321e+07 iv_rejected=0
  it=16200 processed=2.338e+07 stack_boxes=2.498e+04 min centre F=0.0080121 t=880s iv_checked=2.324e+07 iv_rejected=0
  it=16240 processed=2.339e+07 stack_boxes=2.556e+04 min centre F=0.0080121 t=880s iv_checked=2.325e+07 iv_rejected=0
  it=16280 processed=2.343e+07 stack_boxes=2.605e+04 min centre F=0.0080121 t=882s iv_checked=2.329e+07 iv_rejected=0
  it=16320 processed=2.345e+07 stack_boxes=2.305e+04 min centre F=0.0080121 t=882s iv_checked=2.331e+07 iv_rejected=0
  it=16360 processed=2.347e+07 stack_boxes=2.320e+04 min centre F=0.0080121 t=883s iv_checked=2.333e+07 iv_rejected=0
  it=16400 processed=2.348e+07 stack_boxes=2.333e+04 min centre F=0.0080121 t=883s iv_checked=2.335e+07 iv_rejected=0
  it=16440 processed=2.360e+07 stack_boxes=2.259e+04 min centre F=0.0080121 t=887s iv_checked=2.346e+07 iv_rejected=0
  it=16480 processed=2.380e+07 stack_boxes=2.223e+04 min centre F=0.0080121 t=892s iv_checked=2.366e+07 iv_rejected=0
  it=16520 processed=2.384e+07 stack_boxes=2.208e+04 min centre F=0.0080121 t=893s iv_checked=2.370e+07 iv_rejected=0
  it=16560 processed=2.387e+07 stack_boxes=2.188e+04 min centre F=0.0080121 t=894s iv_checked=2.373e+07 iv_rejected=0
  it=16600 processed=2.391e+07 stack_boxes=2.813e+04 min centre F=0.0080121 t=895s iv_checked=2.377e+07 iv_rejected=0
  it=16640 processed=2.400e+07 stack_boxes=2.164e+04 min centre F=0.0080121 t=898s iv_checked=2.386e+07 iv_rejected=0
  it=16680 processed=2.402e+07 stack_boxes=2.419e+04 min centre F=0.0080121 t=898s iv_checked=2.388e+07 iv_rejected=0
  it=16720 processed=2.404e+07 stack_boxes=2.134e+04 min centre F=0.0080121 t=899s iv_checked=2.390e+07 iv_rejected=0
  it=16760 processed=2.405e+07 stack_boxes=2.109e+04 min centre F=0.0080121 t=899s iv_checked=2.391e+07 iv_rejected=0
  it=16800 processed=2.406e+07 stack_boxes=2.104e+04 min centre F=0.0080121 t=899s iv_checked=2.392e+07 iv_rejected=0
  it=16840 processed=2.407e+07 stack_boxes=2.091e+04 min centre F=0.0080121 t=900s iv_checked=2.393e+07 iv_rejected=0
  it=16880 processed=2.408e+07 stack_boxes=2.064e+04 min centre F=0.0080121 t=900s iv_checked=2.394e+07 iv_rejected=0
  it=16920 processed=2.411e+07 stack_boxes=2.089e+04 min centre F=0.0080121 t=901s iv_checked=2.397e+07 iv_rejected=0
  it=16960 processed=2.415e+07 stack_boxes=2.086e+04 min centre F=0.0080121 t=902s iv_checked=2.401e+07 iv_rejected=0
  it=17000 processed=2.417e+07 stack_boxes=2.071e+04 min centre F=0.0080121 t=903s iv_checked=2.403e+07 iv_rejected=0
  it=17040 processed=2.419e+07 stack_boxes=2.138e+04 min centre F=0.0080121 t=903s iv_checked=2.404e+07 iv_rejected=0
  it=17080 processed=2.423e+07 stack_boxes=1.997e+04 min centre F=0.0080121 t=904s iv_checked=2.409e+07 iv_rejected=0
  it=17120 processed=2.424e+07 stack_boxes=1.984e+04 min centre F=0.0080121 t=905s iv_checked=2.409e+07 iv_rejected=0
  it=17160 processed=2.425e+07 stack_boxes=1.918e+04 min centre F=0.0080121 t=905s iv_checked=2.411e+07 iv_rejected=0
  it=17200 processed=2.426e+07 stack_boxes=1.903e+04 min centre F=0.0080121 t=905s iv_checked=2.411e+07 iv_rejected=0
  it=17240 processed=2.427e+07 stack_boxes=1.890e+04 min centre F=0.0080121 t=906s iv_checked=2.412e+07 iv_rejected=0
  it=17280 processed=2.435e+07 stack_boxes=1.937e+04 min centre F=0.0080121 t=908s iv_checked=2.420e+07 iv_rejected=0
  it=17320 processed=2.448e+07 stack_boxes=1.836e+04 min centre F=0.0080121 t=912s iv_checked=2.434e+07 iv_rejected=0
  it=17360 processed=2.466e+07 stack_boxes=2.168e+04 min centre F=0.0080121 t=918s iv_checked=2.452e+07 iv_rejected=0
  it=17400 processed=2.473e+07 stack_boxes=2.103e+04 min centre F=0.0080121 t=919s iv_checked=2.458e+07 iv_rejected=0
  it=17440 processed=2.489e+07 stack_boxes=1.803e+04 min centre F=0.0080121 t=925s iv_checked=2.474e+07 iv_rejected=0
  it=17480 processed=2.493e+07 stack_boxes=1.925e+04 min centre F=0.0080121 t=926s iv_checked=2.479e+07 iv_rejected=0
  it=17520 processed=2.499e+07 stack_boxes=1.762e+04 min centre F=0.0080121 t=927s iv_checked=2.484e+07 iv_rejected=0
  it=17560 processed=2.501e+07 stack_boxes=1.859e+04 min centre F=0.0080121 t=928s iv_checked=2.486e+07 iv_rejected=0
  it=17600 processed=2.502e+07 stack_boxes=1.739e+04 min centre F=0.0080121 t=928s iv_checked=2.487e+07 iv_rejected=0
  it=17640 processed=2.503e+07 stack_boxes=1.713e+04 min centre F=0.0080121 t=928s iv_checked=2.488e+07 iv_rejected=0
  it=17680 processed=2.504e+07 stack_boxes=1.704e+04 min centre F=0.0080121 t=929s iv_checked=2.489e+07 iv_rejected=0
  it=17720 processed=2.508e+07 stack_boxes=1.682e+04 min centre F=0.0080121 t=930s iv_checked=2.493e+07 iv_rejected=0
  it=17760 processed=2.508e+07 stack_boxes=1.676e+04 min centre F=0.0080121 t=930s iv_checked=2.494e+07 iv_rejected=0
  it=17800 processed=2.511e+07 stack_boxes=1.826e+04 min centre F=0.0080121 t=931s iv_checked=2.496e+07 iv_rejected=0
  it=17840 processed=2.513e+07 stack_boxes=1.637e+04 min centre F=0.0080121 t=932s iv_checked=2.498e+07 iv_rejected=0
  it=17880 processed=2.515e+07 stack_boxes=1.620e+04 min centre F=0.0080121 t=932s iv_checked=2.500e+07 iv_rejected=0
  it=17920 processed=2.516e+07 stack_boxes=1.604e+04 min centre F=0.0080121 t=933s iv_checked=2.501e+07 iv_rejected=0
  it=17960 processed=2.516e+07 stack_boxes=1.592e+04 min centre F=0.0080121 t=933s iv_checked=2.501e+07 iv_rejected=0
  it=18000 processed=2.517e+07 stack_boxes=1.294e+04 min centre F=0.0080121 t=933s iv_checked=2.503e+07 iv_rejected=0
  it=18040 processed=2.525e+07 stack_boxes=2.469e+04 min centre F=0.0080121 t=936s iv_checked=2.510e+07 iv_rejected=0
  it=18080 processed=2.542e+07 stack_boxes=1.187e+04 min centre F=0.0080121 t=941s iv_checked=2.526e+07 iv_rejected=0
  it=18120 processed=2.553e+07 stack_boxes=1.062e+04 min centre F=0.0080121 t=944s iv_checked=2.538e+07 iv_rejected=0
  it=18160 processed=2.580e+07 stack_boxes=9.339e+04 min centre F=0.0080121 t=954s iv_checked=2.565e+07 iv_rejected=0
  it=18200 processed=2.614e+07 stack_boxes=1.261e+04 min centre F=0.0080121 t=965s iv_checked=2.598e+07 iv_rejected=0
  it=18240 processed=2.615e+07 stack_boxes=1.043e+04 min centre F=0.0080121 t=965s iv_checked=2.599e+07 iv_rejected=0
  it=18280 processed=2.618e+07 stack_boxes=1.406e+04 min centre F=0.0080121 t=966s iv_checked=2.602e+07 iv_rejected=0
  it=18320 processed=2.626e+07 stack_boxes=9.990e+03 min centre F=0.0080121 t=968s iv_checked=2.610e+07 iv_rejected=0
  it=18360 processed=2.627e+07 stack_boxes=9.902e+03 min centre F=0.0080121 t=968s iv_checked=2.611e+07 iv_rejected=0
  it=18400 processed=2.630e+07 stack_boxes=9.675e+03 min centre F=0.0080121 t=969s iv_checked=2.614e+07 iv_rejected=0
  it=18440 processed=2.630e+07 stack_boxes=9.632e+03 min centre F=0.0080121 t=969s iv_checked=2.614e+07 iv_rejected=0
  it=18480 processed=2.631e+07 stack_boxes=9.515e+03 min centre F=0.0080121 t=970s iv_checked=2.615e+07 iv_rejected=0
  it=18520 processed=2.634e+07 stack_boxes=9.320e+03 min centre F=0.0080121 t=970s iv_checked=2.618e+07 iv_rejected=0
  it=18560 processed=2.636e+07 stack_boxes=9.251e+03 min centre F=0.0080121 t=971s iv_checked=2.620e+07 iv_rejected=0
  it=18600 processed=2.638e+07 stack_boxes=9.220e+03 min centre F=0.0080121 t=971s iv_checked=2.621e+07 iv_rejected=0
  it=18640 processed=2.641e+07 stack_boxes=9.119e+03 min centre F=0.0080121 t=972s iv_checked=2.625e+07 iv_rejected=0
  it=18680 processed=2.647e+07 stack_boxes=8.684e+03 min centre F=0.0080121 t=974s iv_checked=2.630e+07 iv_rejected=0
  it=18720 processed=2.649e+07 stack_boxes=7.144e+03 min centre F=0.0080121 t=975s iv_checked=2.633e+07 iv_rejected=0
  it=18760 processed=2.651e+07 stack_boxes=7.120e+03 min centre F=0.0080121 t=975s iv_checked=2.634e+07 iv_rejected=0
  it=18800 processed=2.651e+07 stack_boxes=7.336e+03 min centre F=0.0080121 t=976s iv_checked=2.635e+07 iv_rejected=0
  it=18840 processed=2.658e+07 stack_boxes=1.565e+04 min centre F=0.0080121 t=978s iv_checked=2.642e+07 iv_rejected=0
  it=18880 processed=2.671e+07 stack_boxes=7.127e+03 min centre F=0.0080121 t=981s iv_checked=2.654e+07 iv_rejected=0
  it=18920 processed=2.680e+07 stack_boxes=6.249e+03 min centre F=0.0080121 t=983s iv_checked=2.663e+07 iv_rejected=0
  it=18960 processed=2.688e+07 stack_boxes=6.025e+03 min centre F=0.0080121 t=986s iv_checked=2.671e+07 iv_rejected=0
  it=19000 processed=2.704e+07 stack_boxes=2.875e+04 min centre F=0.0080121 t=991s iv_checked=2.688e+07 iv_rejected=0
  it=19040 processed=2.737e+07 stack_boxes=5.899e+03 min centre F=0.0080121 t=1003s iv_checked=2.720e+07 iv_rejected=0
  it=19080 processed=2.745e+07 stack_boxes=6.262e+03 min centre F=0.0080121 t=1005s iv_checked=2.728e+07 iv_rejected=0
  it=19120 processed=2.761e+07 stack_boxes=5.688e+03 min centre F=0.0080121 t=1010s iv_checked=2.744e+07 iv_rejected=0
  it=19160 processed=2.765e+07 stack_boxes=5.698e+03 min centre F=0.0080121 t=1011s iv_checked=2.748e+07 iv_rejected=0
  it=19200 processed=2.766e+07 stack_boxes=5.117e+03 min centre F=0.0080121 t=1012s iv_checked=2.749e+07 iv_rejected=0
  it=19240 processed=2.767e+07 stack_boxes=4.999e+03 min centre F=0.0080121 t=1012s iv_checked=2.750e+07 iv_rejected=0
  it=19280 processed=2.768e+07 stack_boxes=4.887e+03 min centre F=0.0080121 t=1012s iv_checked=2.751e+07 iv_rejected=0
  it=19320 processed=2.769e+07 stack_boxes=5.603e+03 min centre F=0.0080121 t=1013s iv_checked=2.752e+07 iv_rejected=0
  it=19360 processed=2.774e+07 stack_boxes=4.789e+03 min centre F=0.0080121 t=1014s iv_checked=2.757e+07 iv_rejected=0
  it=19400 processed=2.775e+07 stack_boxes=4.322e+03 min centre F=0.0080121 t=1015s iv_checked=2.758e+07 iv_rejected=0
  it=19440 processed=2.776e+07 stack_boxes=4.387e+03 min centre F=0.0080121 t=1015s iv_checked=2.759e+07 iv_rejected=0
  it=19480 processed=2.785e+07 stack_boxes=8.139e+03 min centre F=0.0080121 t=1017s iv_checked=2.768e+07 iv_rejected=0
  it=19520 processed=2.786e+07 stack_boxes=4.117e+03 min centre F=0.0080121 t=1018s iv_checked=2.769e+07 iv_rejected=0
  it=19560 processed=2.787e+07 stack_boxes=3.285e+03 min centre F=0.0080121 t=1018s iv_checked=2.770e+07 iv_rejected=0
  it=19600 processed=2.787e+07 stack_boxes=3.129e+03 min centre F=0.0080121 t=1018s iv_checked=2.770e+07 iv_rejected=0
  it=19640 processed=2.789e+07 stack_boxes=3.584e+03 min centre F=0.0080121 t=1019s iv_checked=2.772e+07 iv_rejected=0
  it=19680 processed=2.798e+07 stack_boxes=3.848e+03 min centre F=0.0080121 t=1022s iv_checked=2.781e+07 iv_rejected=0
  it=19720 processed=2.807e+07 stack_boxes=2.645e+03 min centre F=0.0080121 t=1024s iv_checked=2.790e+07 iv_rejected=0
  it=19760 processed=2.819e+07 stack_boxes=4.978e+03 min centre F=0.0080121 t=1028s iv_checked=2.802e+07 iv_rejected=0
  it=19800 processed=2.825e+07 stack_boxes=1.201e+04 min centre F=0.0080121 t=1030s iv_checked=2.807e+07 iv_rejected=0
  it=19840 processed=2.840e+07 stack_boxes=1.933e+03 min centre F=0.0080121 t=1035s iv_checked=2.822e+07 iv_rejected=0
  it=19880 processed=2.843e+07 stack_boxes=2.526e+03 min centre F=0.0080121 t=1036s iv_checked=2.825e+07 iv_rejected=0
  it=19920 processed=2.849e+07 stack_boxes=1.672e+03 min centre F=0.0080121 t=1037s iv_checked=2.831e+07 iv_rejected=0
  it=19960 processed=2.852e+07 stack_boxes=2.467e+03 min centre F=0.0080121 t=1038s iv_checked=2.834e+07 iv_rejected=0
  it=20000 processed=2.863e+07 stack_boxes=1.609e+03 min centre F=0.0080121 t=1041s iv_checked=2.845e+07 iv_rejected=0
  it=20040 processed=2.864e+07 stack_boxes=2.136e+03 min centre F=0.0080121 t=1042s iv_checked=2.846e+07 iv_rejected=0
  it=20080 processed=2.866e+07 stack_boxes=2.048e+03 min centre F=0.0080121 t=1042s iv_checked=2.848e+07 iv_rejected=0
  it=20120 processed=2.869e+07 stack_boxes=1.519e+03 min centre F=0.0080121 t=1043s iv_checked=2.852e+07 iv_rejected=0
  it=20160 processed=2.870e+07 stack_boxes=8.790e+02 min centre F=0.0080121 t=1044s iv_checked=2.852e+07 iv_rejected=0
  it=20200 processed=2.873e+07 stack_boxes=8.830e+02 min centre F=0.0080121 t=1045s iv_checked=2.856e+07 iv_rejected=0
  it=20240 processed=2.875e+07 stack_boxes=9.470e+02 min centre F=0.0080121 t=1045s iv_checked=2.858e+07 iv_rejected=0
  it=20280 processed=2.877e+07 stack_boxes=9.790e+02 min centre F=0.0080121 t=1046s iv_checked=2.859e+07 iv_rejected=0
  it=20320 processed=2.878e+07 stack_boxes=7.220e+02 min centre F=0.0080121 t=1046s iv_checked=2.860e+07 iv_rejected=0
  it=20360 processed=2.879e+07 stack_boxes=3.620e+02 min centre F=0.0080121 t=1046s iv_checked=2.861e+07 iv_rejected=0
{'ok': True, 'processed': 28791735, 'worst': (0.008012143984198236, array([1.046875  , 2.921875  , 1.0390625 , 1.03515625, 1.0390625 ,
       2.921875  , 1.046875  ])), 'time': 1046.634361743927, 'backend': 'flint', 'prec': 64, 'engine': 'numpy', 'mode': 'hybrid', 'iv_checked': 28615736, 'iv_rejected': 0, 'domain_pruned': 175999, 'iv_time': 941.942, 'kernel_cache': 0, 'lb3': True, 'sym': True, 'acc_by_lb3_only': 5983519, 'theoremG': {'m': 147, 'H': '[0.67219332138207632060 +/- 2.63e-21]', 'p_lower': 0.6733736895411908, 'p': '[0.673373689541191 +/- 1.62e-16]'}}
