parents ['runs/P8b/init.ckpt']: args=('poly:1,127/2500,-8997/10000,6187/10000,3/1250', 8, '1700', '0.00796', 'flint', 64, False, 'numpy+lb3+sym') stack_boxes=824 processed(sum)=1.9164e+04 cpu_time(sum)=0s worst=0.0124626
sha256(sorted rows): union of parents = union of shards = 867ada2c29319e0f15cb42deacde1b31c175c85acf67662393527611f1cb28e7 (824 rows)
shard 0: runs/P8b/r0_0.ckpt boxes=103
shard 1: runs/P8b/r0_1.ckpt boxes=103
shard 2: runs/P8b/r0_2.ckpt boxes=103
shard 3: runs/P8b/r0_3.ckpt boxes=103
shard 4: runs/P8b/r0_4.ckpt boxes=103
shard 5: runs/P8b/r0_5.ckpt boxes=103
shard 6: runs/P8b/r0_6.ckpt boxes=103
shard 7: runs/P8b/r0_7.ckpt boxes=103
2026-09-27 01:04:18 round 0 start N=8 CHUNK=1200 alpha=poly8A K=8 mu=1/1700 claim=0.00796 weights=w_poly8A_K8_mu1700.json extra=--window win_poly8A.json --lb3 --sym --qp-sweeps 6
{'ok': True, 'processed': 13972283, 'worst': (0.008330833971074772, array([1.984375 , 2.0078125, 1.0390625, 1.96875  , 1.0390625, 2.0078125,

{'ok': True, 'processed': 9407885, 'worst': (0.008274251830993744, array([2.015625  , 1.046875  , 2.921875  , 1.05078125, 1.03125   ,

2026-09-27 01:24:19 round 0 done: 2 shards ok, 6 left
  it=1080 processed=1.434e+07 stack_boxes=3.686e+05 min centre F=0.0080661 t=1183s iv_checked=1.426e+07 iv_rejected=0
  it=1040 processed=1.471e+07 stack_boxes=1.053e+05 min centre F=0.0083615 t=1193s iv_checked=1.457e+07 iv_rejected=0
  it=1040 processed=1.462e+07 stack_boxes=2.187e+05 min centre F=0.0080828 t=1189s iv_checked=1.446e+07 iv_rejected=0
  it=1040 processed=1.456e+07 stack_boxes=1.256e+05 min centre F=0.0081446 t=1188s iv_checked=1.444e+07 iv_rejected=0
  it=960 processed=1.455e+07 stack_boxes=3.372e+05 min centre F=0.0081401 t=1187s iv_checked=1.443e+07 iv_rejected=0
  it=960 processed=1.419e+07 stack_boxes=3.557e+05 min centre F=0.0081367 t=1173s iv_checked=1.406e+07 iv_rejected=0
parents ['runs/P8b/r0_2.ckpt', 'runs/P8b/r0_3.ckpt', 'runs/P8b/r0_4.ckpt', 'runs/P8b/r0_5.ckpt', 'runs/P8b/r0_6.ckpt', 'runs/P8b/r0_7.ckpt']: args=('poly:1,127/2500,-8997/10000,6187/10000,3/1250', 8, '1700', '0.00796', 'flint', 64, False, 'numpy+lb3+sym') stack_boxes=1511154 processed(sum)=8.6985e+07 cpu_time(sum)=7113s worst=0.0080661
sha256(sorted rows): union of parents = union of shards = f27eaf883c918eceb0df638241ffc2771fce8fe0589561681c8e07c6db48b44f (1511154 rows)
shard 0: runs/P8b/r1_0.ckpt boxes=188895
shard 1: runs/P8b/r1_1.ckpt boxes=188895
shard 2: runs/P8b/r1_2.ckpt boxes=188894
shard 3: runs/P8b/r1_3.ckpt boxes=188894
shard 4: runs/P8b/r1_4.ckpt boxes=188894
shard 5: runs/P8b/r1_5.ckpt boxes=188894
shard 6: runs/P8b/r1_6.ckpt boxes=188894
shard 7: runs/P8b/r1_7.ckpt boxes=188894
2026-09-27 01:24:23 round 1 start N=8 CHUNK=1200 alpha=poly8A K=8 mu=1/1700 claim=0.00796 weights=w_poly8A_K8_mu1700.json extra=--window win_poly8A.json --lb3 --sym --qp-sweeps 6
2026-09-27 01:44:28 round 1 done: 0 shards ok, 8 left
  it=7360 processed=1.005e+08 stack_boxes=1.158e+05 min centre F=0.0080227 t=8253s iv_checked=9.965e+07 iv_rejected=0
  it=1280 processed=1.396e+07 stack_boxes=1.203e+05 min centre F=0.0080563 t=1201s iv_checked=1.387e+07 iv_rejected=0
  it=1240 processed=1.373e+07 stack_boxes=1.452e+05 min centre F=0.0080661 t=1180s iv_checked=1.364e+07 iv_rejected=0
  it=1200 processed=1.352e+07 stack_boxes=1.355e+05 min centre F=0.0080661 t=1154s iv_checked=1.343e+07 iv_rejected=0
  it=1240 processed=1.404e+07 stack_boxes=1.485e+05 min centre F=0.0080313 t=1198s iv_checked=1.394e+07 iv_rejected=0
  it=1200 processed=1.378e+07 stack_boxes=1.894e+05 min centre F=0.0080661 t=1194s iv_checked=1.369e+07 iv_rejected=0
  it=1240 processed=1.385e+07 stack_boxes=1.539e+05 min centre F=0.0080661 t=1187s iv_checked=1.375e+07 iv_rejected=0
  it=1240 processed=1.395e+07 stack_boxes=1.465e+05 min centre F=0.0080661 t=1171s iv_checked=1.385e+07 iv_rejected=0
parents ['runs/P8b/r1_0.ckpt', 'runs/P8b/r1_1.ckpt', 'runs/P8b/r1_2.ckpt', 'runs/P8b/r1_3.ckpt', 'runs/P8b/r1_4.ckpt', 'runs/P8b/r1_5.ckpt', 'runs/P8b/r1_6.ckpt', 'runs/P8b/r1_7.ckpt']: args=('poly:1,127/2500,-8997/10000,6187/10000,3/1250', 8, '1700', '0.00796', 'flint', 64, False, 'numpy+lb3+sym') stack_boxes=1155044 processed(sum)=1.9734e+08 cpu_time(sum)=16538s worst=0.0080227
sha256(sorted rows): union of parents = union of shards = bbbcde36284e0319057377ea8e757a72ff0dc4fb650e06bdeb5a46a6f9b59adc (1155044 rows)
shard 0: runs/P8b/r2_0.ckpt boxes=144381
shard 1: runs/P8b/r2_1.ckpt boxes=144381
shard 2: runs/P8b/r2_2.ckpt boxes=144381
shard 3: runs/P8b/r2_3.ckpt boxes=144381
shard 4: runs/P8b/r2_4.ckpt boxes=144380
shard 5: runs/P8b/r2_5.ckpt boxes=144380
shard 6: runs/P8b/r2_6.ckpt boxes=144380
shard 7: runs/P8b/r2_7.ckpt boxes=144380
2026-09-27 01:44:36 round 2 start N=8 CHUNK=1200 alpha=poly8A K=8 mu=1/1700 claim=0.00796 weights=w_poly8A_K8_mu1700.json extra=--window win_poly8A.json --lb3 --sym --qp-sweeps 6
2026-09-27 02:04:36 round 2 done: 0 shards ok, 8 left
  it=20800 processed=2.137e+08 stack_boxes=5.171e+04 min centre F=0.0080131 t=17716s iv_checked=2.121e+08 iv_rejected=0
  it=4920 processed=1.700e+07 stack_boxes=4.820e+04 min centre F=0.0080145 t=1196s iv_checked=1.690e+07 iv_rejected=0
  it=4800 processed=1.648e+07 stack_boxes=6.658e+04 min centre F=0.0080149 t=1168s iv_checked=1.639e+07 iv_rejected=0
  it=4800 processed=1.683e+07 stack_boxes=5.285e+04 min centre F=0.0080140 t=1197s iv_checked=1.673e+07 iv_rejected=0
  it=4400 processed=1.653e+07 stack_boxes=5.691e+04 min centre F=0.0080159 t=1196s iv_checked=1.644e+07 iv_rejected=0
  it=4920 processed=1.669e+07 stack_boxes=7.341e+04 min centre F=0.0080121 t=1178s iv_checked=1.658e+07 iv_rejected=0
  it=4920 processed=1.662e+07 stack_boxes=6.050e+04 min centre F=0.0080227 t=1188s iv_checked=1.653e+07 iv_rejected=0
  it=4880 processed=1.682e+07 stack_boxes=5.056e+04 min centre F=0.0080227 t=1195s iv_checked=1.672e+07 iv_rejected=0
parents ['runs/P8b/r2_0.ckpt', 'runs/P8b/r2_1.ckpt', 'runs/P8b/r2_2.ckpt', 'runs/P8b/r2_3.ckpt', 'runs/P8b/r2_4.ckpt', 'runs/P8b/r2_5.ckpt', 'runs/P8b/r2_6.ckpt', 'runs/P8b/r2_7.ckpt']: args=('poly:1,127/2500,-8997/10000,6187/10000,3/1250', 8, '1700', '0.00796', 'flint', 64, False, 'numpy+lb3+sym') stack_boxes=460720 processed(sum)=3.3071e+08 cpu_time(sum)=26034s worst=0.0080121
sha256(sorted rows): union of parents = union of shards = f4f0ab8d2ac691a4361a463c0f91caec7b810a8df3cd0aa81ad0e1d9591e31c9 (460720 rows)
shard 0: runs/P8b/r3_0.ckpt boxes=57590
shard 1: runs/P8b/r3_1.ckpt boxes=57590
shard 2: runs/P8b/r3_2.ckpt boxes=57590
shard 3: runs/P8b/r3_3.ckpt boxes=57590
shard 4: runs/P8b/r3_4.ckpt boxes=57590
shard 5: runs/P8b/r3_5.ckpt boxes=57590
shard 6: runs/P8b/r3_6.ckpt boxes=57590
shard 7: runs/P8b/r3_7.ckpt boxes=57590
2026-09-27 02:04:38 round 3 start N=8 CHUNK=1200 alpha=poly8A K=8 mu=1/1700 claim=0.00796 weights=w_poly8A_K8_mu1700.json extra=--window win_poly8A.json --lb3 --sym --qp-sweeps 6
{'ok': True, 'processed': 343371136, 'worst': (0.008012143984198236, array([1.046875  , 2.921875  , 1.0390625 , 1.03515625, 1.0390625 ,

{'ok': True, 'processed': 11592666, 'worst': (0.008012143984198236, array([1.046875  , 2.921875  , 1.0390625 , 1.03515625, 1.0390625 ,

{'ok': True, 'processed': 11886220, 'worst': (0.008012143984198236, array([1.046875  , 2.921875  , 1.0390625 , 1.03515625, 1.0390625 ,

{'ok': True, 'processed': 11954968, 'worst': (0.008012143984198236, array([1.046875  , 2.921875  , 1.0390625 , 1.03515625, 1.0390625 ,

{'ok': True, 'processed': 11562396, 'worst': (0.008012143984198236, array([1.046875  , 2.921875  , 1.0390625 , 1.03515625, 1.0390625 ,

{'ok': True, 'processed': 11423380, 'worst': (0.008012143984198236, array([1.046875  , 2.921875  , 1.0390625 , 1.03515625, 1.0390625 ,

{'ok': True, 'processed': 12854134, 'worst': (0.008012143984198236, array([1.046875  , 2.921875  , 1.0390625 , 1.03515625, 1.0390625 ,

{'ok': True, 'processed': 12810938, 'worst': (0.008012143984198236, array([1.046875  , 2.921875  , 1.0390625 , 1.03515625, 1.0390625 ,

2026-09-27 02:17:40 round 3 done: 8 shards ok, 0 left
2026-09-27 02:17:40 ALL SHARDS OK: certificate claim=0.00796 holds (K=8 alpha=poly8A mu=1/1700 w_poly8A_K8_mu1700.json --window win_poly8A.json --lb3 --sym --qp-sweeps 6)
