gates:
  (fb.gates ran at import; see stdout)
A0 = 81.261112, 36 pi A0 = 9190.415, lam* = 1.2507321515, P_cert = 0.7212, zone_fixed(0.858) = 0.12046
C_ends(c', L) at 1e100 (L = 309.503): c'=4: 3.5979e+05 ; c'=31.2649: 1.1699e+07 ; c'=548.0857: 2.9335e+09

=== S0  REPRODUCE THE PRINTED A6 TABLE: envelope zone, buffer 6D0/T, ends 3.7e5 flat, lam reopt, P0 = optimum ===
  kw: {'zone': 'envelope', 'c_buf': 6, 'ends': ('flat', 370000.0), 'lam': 'reopt', 'P0': 'opt'}
        Q      LL       a     zone     ramp   buffer       ends    minor      TOTAL |     P_eff       w         D0 wD0/LL2
     1e25    69.9  0.6733   0.2514   0.1201   0.1202      75.91   0.0252      76.43 |  -75.7083    1.43  2.901e+04    8.51
    1e100   247.5  0.8683   0.0784   0.0210   0.0075      2.724   0.0027      2.834 |   -2.1123    1.00  2.325e+05    3.80
    1e300   711.8  0.9436   0.0305   0.0070   0.0010     0.1997   0.0006     0.2388 |   +0.4825    1.00  1.452e+06    2.87
   1e1000  2327.8  0.9793   0.0107   0.0021   0.0001     0.0114   0.0001    0.02449 |   +0.6968    1.00  1.377e+07    2.54
   1e3000  6936.9  0.9920   0.0041   0.0007   0.0000  0.0008286   0.0000   0.005666 |   +0.7156    1.00  1.176e+08    2.44
  1e10000 23059.2  0.9973   0.0014   0.0002   0.0000  4.627e-05   0.0000   0.001661 |   +0.7196    1.00  1.281e+09    2.41
   non-vacuous              from 1e182
   P_eff>0.5                from 1e311
   P_eff>record (0.6725)    from 1e667
   P_eff>2/3                from 1e627

=== S0b as S0 but lam = lam* fixed and P0 = 0.7212 (isolates the lam/P0 convention change) ===
  kw: {'zone': 'envelope', 'c_buf': 6, 'ends': ('flat', 370000.0), 'lam': 'star', 'P0': 'cert'}
        Q      LL       a     zone     ramp   buffer       ends    minor      TOTAL |     P_eff       w         D0 wD0/LL2
     1e25    69.9  0.6733   0.2514   0.1202   0.1197      75.91   0.0216      76.43 |  -75.7045    1.75  2.888e+04   10.35
    1e100   247.5  0.8683   0.0784   0.0194   0.0085      2.724   0.0026      2.833 |   -2.1116    1.00  2.628e+05    4.29
    1e300   711.8  0.9436   0.0305   0.0067   0.0011     0.1997   0.0006     0.2386 |   +0.4826    1.00  1.545e+06    3.05
   1e1000  2327.8  0.9793   0.0107   0.0021   0.0001     0.0114   0.0001    0.02447 |   +0.6967    1.00  1.411e+07    2.60
   1e3000  6936.9  0.9920   0.0041   0.0007   0.0000  0.0008286   0.0000   0.005662 |   +0.7155    1.00  1.188e+08    2.47
  1e10000 23059.2  0.9973   0.0014   0.0002   0.0000  4.627e-05   0.0000   0.001661 |   +0.7195    1.00  1.285e+09    2.42
   non-vacuous              from 1e181
   P_eff>0.5                from 1e311
   P_eff>record (0.6725)    from 1e667
   P_eff>2/3                from 1e627

=== S1z fixed-profile zone only (buffer 6, ends 3.7e5, lam*, P0 = 0.7212) ===
  kw: {'zone': 'fixed', 'c_buf': 6, 'ends': ('flat', 370000.0), 'lam': 'star', 'P0': 'cert'}
        Q      LL       a     zone     ramp   buffer       ends    minor      TOTAL |     P_eff       w         D0 wD0/LL2
     1e25    69.9  0.6733   0.4156   0.1202   0.1197      75.91   0.0216      76.59 |  -75.8687    1.75  2.888e+04   10.35
    1e100   247.5  0.8683   0.1083   0.0194   0.0085      2.724   0.0026      2.863 |   -2.1415    1.00  2.628e+05    4.29
    1e300   711.8  0.9436   0.0360   0.0067   0.0011     0.1997   0.0006      0.244 |   +0.4772    1.00  1.545e+06    3.05
   1e1000  2327.8  0.9793   0.0115   0.0021   0.0001     0.0114   0.0001    0.02519 |   +0.6960    1.00  1.411e+07    2.60
   1e3000  6936.9  0.9920   0.0042   0.0007   0.0000  0.0008286   0.0000   0.005774 |   +0.7154    1.00  1.188e+08    2.47
  1e10000 23059.2  0.9973   0.0014   0.0002   0.0000  4.627e-05   0.0000   0.001676 |   +0.7195    1.00  1.285e+09    2.42
   non-vacuous              from 1e183
   P_eff>0.5                from 1e314
   P_eff>record (0.6725)    from 1e678
   P_eff>2/3                from 1e637

=== S1b proved buffer only, rebalanced (envelope zone, ends 3.7e5, lam*, P0 = 0.7212) ===
  kw: {'zone': 'envelope', 'c_buf': 'proved', 'ends': ('flat', 370000.0), 'lam': 'star', 'P0': 'cert'}
        Q      LL       a     zone     ramp   buffer       ends    minor      TOTAL |     P_eff       w         D0 wD0/LL2
     1e25    69.9  0.6733   0.2514   0.7500  35.9422      75.91   0.0216      112.9 | -112.1568   10.93  4.629e+03   10.35
    1e100   247.5  0.8683   0.0784   0.5238   0.5224      2.724   0.0026      3.851 |   -3.1299   27.02  9.726e+03    4.29
    1e300   711.8  0.9436   0.0305   0.1072   0.1065     0.1997   0.0006     0.4445 |   +0.2767   15.91  9.711e+04    3.05
   1e1000  2327.8  0.9793   0.0107   0.0214   0.0216     0.0114   0.0001    0.06524 |   +0.6560   10.38  1.359e+06    2.60
   1e3000  6936.9  0.9920   0.0041   0.0053   0.0053  0.0008286   0.0000    0.01547 |   +0.7057    7.62  1.559e+07    2.47
  1e10000 23059.2  0.9973   0.0014   0.0011   0.0012  4.627e-05   0.0000   0.003754 |   +0.7174    5.51  2.331e+08    2.42
   non-vacuous              from 1e230
   P_eff>0.5                from 1e450
   P_eff>record (0.6725)    from 1e1234
   P_eff>2/3                from 1e1136

=== S1  TASK 2 MAIN: fixed-profile zone + proved buffer (rebalanced) + ends 3.7e5 flat (A2), lam*, P0 = 0.7212 ===
  kw: {'zone': 'fixed', 'c_buf': 'proved', 'ends': ('flat', 370000.0), 'lam': 'star', 'P0': 'cert'}
        Q      LL       a     zone     ramp   buffer       ends    minor      TOTAL |     P_eff       w         D0 wD0/LL2
     1e25    69.9  0.6733   0.4156   0.7500  35.9422      75.91   0.0216        113 | -112.3210   10.93  4.629e+03   10.35
    1e100   247.5  0.8683   0.1083   0.5238   0.5224      2.724   0.0026      3.881 |   -3.1598   27.02  9.726e+03    4.29
    1e300   711.8  0.9436   0.0360   0.1072   0.1065     0.1997   0.0006       0.45 |   +0.2712   15.91  9.711e+04    3.05
   1e1000  2327.8  0.9793   0.0115   0.0214   0.0216     0.0114   0.0001    0.06597 |   +0.6552   10.38  1.359e+06    2.60
   1e3000  6936.9  0.9920   0.0042   0.0053   0.0053  0.0008286   0.0000    0.01558 |   +0.7056    7.62  1.559e+07    2.47
  1e10000 23059.2  0.9973   0.0014   0.0011   0.0012  4.627e-05   0.0000   0.003769 |   +0.7174    5.51  2.331e+08    2.42
   non-vacuous              from 1e232
   P_eff>0.5                from 1e453
   P_eff>record (0.6725)    from 1e1243
   P_eff>2/3                from 1e1145

=== S1n as S1 but NOT rebalanced (old (w, D0) of the sharp-buffer design, re-priced at the proved buffer) ===
  kw: {'zone': 'fixed', 'c_buf': 'proved', 'ends': ('flat', 370000.0), 'lam': 'star', 'P0': 'cert', 'rebalance': False}
        Q      LL       a     zone     ramp   buffer       ends    minor      TOTAL |     P_eff       w         D0 wD0/LL2
     1e25    69.9  0.6733   0.4156   0.1202 224.2300      75.91   0.0216      300.7 | -299.9790    1.75  2.888e+04   10.35
    1e100   247.5  0.8683   0.1083   0.0194  14.1139      2.724   0.0026      16.97 |  -16.2470    1.00  2.628e+05    4.29
    1e300   711.8  0.9436   0.0360   0.0067   1.6947     0.1997   0.0006      1.938 |   -1.2165    1.00  1.545e+06    3.05
   1e1000  2327.8  0.9793   0.0115   0.0021   0.2241     0.0114   0.0001     0.2491 |   +0.4721    1.00  1.411e+07    2.60
   1e3000  6936.9  0.9920   0.0042   0.0007   0.0400  0.0008286   0.0000    0.04578 |   +0.6754    1.00  1.188e+08    2.47
  1e10000 23059.2  0.9973   0.0014   0.0002   0.0064  4.627e-05   0.0000   0.008058 |   +0.7131    1.00  1.285e+09    2.42
   non-vacuous              from 1e526
   P_eff>0.5                from 1e1077
   P_eff>record (0.6725)    from 1e2878
   P_eff>2/3                from 1e2668

=== S2  as S1 but ends at C_ends(c' = c_rho(rho2) = 31.2649, L) per Q (the Gevrey ramp's own window constant; sharp w/LL-suppressed form) ===
  kw: {'zone': 'fixed', 'c_buf': 'proved', 'ends': ('cprime', 31.26487817), 'lam': 'star', 'P0': 'cert'}
        Q      LL       a     zone     ramp   buffer       ends    minor      TOTAL |     P_eff       w         D0 wD0/LL2
     1e25    69.9  0.6733   0.4156   0.7500  35.9422       1955   0.0216       1992 | -1991.0266   10.93  4.629e+03   10.35
    1e100   247.5  0.8683   0.1083   0.5238   0.5224      86.13   0.0026      87.28 |  -86.5633   27.02  9.726e+03    4.29
    1e300   711.8  0.9436   0.0360   0.1072   0.1065      7.293   0.0006      7.543 |   -6.8222   15.91  9.711e+04    3.05
   1e1000  2327.8  0.9793   0.0115   0.0214   0.0216     0.4791   0.0001     0.5336 |   +0.1876   10.38  1.359e+06    2.60
   1e3000  6936.9  0.9920   0.0042   0.0053   0.0053    0.03903   0.0000    0.05378 |   +0.6674    7.62  1.559e+07    2.47
  1e10000 23059.2  0.9973   0.0014   0.0011   0.0012   0.002437   0.0000    0.00616 |   +0.7150    5.51  2.331e+08    2.42
   non-vacuous              from 1e870
   P_eff>0.5                from 1e1508
   P_eff>record (0.6725)    from 1e3154
   P_eff>2/3                from 1e2979

=== S2f as S1 but ends at C_ends(c' = 4, L) per Q (the floor, per-Q instead of flat 3.7e5) ===
  kw: {'zone': 'fixed', 'c_buf': 'proved', 'ends': ('cprime', 4.0), 'lam': 'star', 'P0': 'cert'}
        Q      LL       a     zone     ramp   buffer       ends    minor      TOTAL |     P_eff       w         D0 wD0/LL2
     1e25    69.9  0.6733   0.4156   0.7500  35.9422      60.06   0.0216      97.19 |  -96.4653   10.93  4.629e+03   10.35
    1e100   247.5  0.8683   0.1083   0.5238   0.5224      2.649   0.0026      3.806 |   -3.0847   27.02  9.726e+03    4.29
    1e300   711.8  0.9436   0.0360   0.1072   0.1065     0.2244   0.0006     0.4747 |   +0.2465   15.91  9.711e+04    3.05
   1e1000  2327.8  0.9793   0.0115   0.0214   0.0216    0.01475   0.0001    0.06932 |   +0.6519   10.38  1.359e+06    2.60
   1e3000  6936.9  0.9920   0.0042   0.0053   0.0053   0.001202   0.0000    0.01595 |   +0.7052    7.62  1.559e+07    2.47
  1e10000 23059.2  0.9973   0.0014   0.0011   0.0012  7.508e-05   0.0000   0.003797 |   +0.7174    5.51  2.331e+08    2.42
   non-vacuous              from 1e238
   P_eff>0.5                from 1e470
   P_eff>record (0.6725)    from 1e1283
   P_eff>2/3                from 1e1183

=== S3  as S1 but ends at C_ends(c' = c_win = 548.0857, L) per Q (THE ARTIFACT'S uniform majorant, Lean Mpoly majorants) ===
  kw: {'zone': 'fixed', 'c_buf': 'proved', 'ends': ('cprime', 548.0857), 'lam': 'star', 'P0': 'cert'}
        Q      LL       a     zone     ramp   buffer       ends    minor      TOTAL |     P_eff       w         D0 wD0/LL2
     1e25    69.9  0.6733   0.4156   0.7500  35.9422  4.904e+05   0.0216  4.904e+05 | -490426.0345   10.93  4.629e+03   10.35
    1e100   247.5  0.8683   0.1083   0.5238   0.5224   2.16e+04   0.0026   2.16e+04 | -21596.8972   27.02  9.726e+03    4.29
    1e300   711.8  0.9436   0.0360   0.1072   0.1065       1828   0.0006       1828 | -1827.6935   15.91  9.711e+04    3.05
   1e1000  2327.8  0.9793   0.0115   0.0214   0.0216      120.1   0.0001      120.1 | -119.3891   10.38  1.359e+06    2.60
   1e3000  6936.9  0.9920   0.0042   0.0053   0.0053      9.779   0.0000      9.793 |   -9.0723    7.62  1.559e+07    2.47
  1e10000 23059.2  0.9973   0.0014   0.0011   0.0012     0.6106   0.0000     0.6143 |   +0.1069    5.51  2.331e+08    2.42
   non-vacuous              from 1e9328
   P_eff>0.5                from 1e15567
   P_eff>record (0.6725)    from 1e30002
   P_eff>2/3                from 1e28564

=== S3s as S1 but ends at C_ends(c' = c_win with exact suprema = 248.6855, L) per Q ===
  kw: {'zone': 'fixed', 'c_buf': 'proved', 'ends': ('cprime', 248.6855), 'lam': 'star', 'P0': 'cert'}
        Q      LL       a     zone     ramp   buffer       ends    minor      TOTAL |     P_eff       w         D0 wD0/LL2
     1e25    69.9  0.6733   0.4156   0.7500  35.9422  1.031e+05   0.0216  1.031e+05 | -103116.0549   10.93  4.629e+03   10.35
    1e100   247.5  0.8683   0.1083   0.5238   0.5224       4540   0.0026       4541 | -4540.2832   27.02  9.726e+03    4.29
    1e300   711.8  0.9436   0.0360   0.1072   0.1065      384.3   0.0006      384.6 | -383.8463   15.91  9.711e+04    3.05
   1e1000  2327.8  0.9793   0.0115   0.0214   0.0216      25.24   0.0001      25.29 |  -24.5723   10.38  1.359e+06    2.60
   1e3000  6936.9  0.9920   0.0042   0.0053   0.0053      2.056   0.0000      2.071 |   -1.3493    7.62  1.559e+07    2.47
  1e10000 23059.2  0.9973   0.0014   0.0011   0.0012     0.1284   0.0000     0.1321 |   +0.5891    5.51  2.331e+08    2.42
   non-vacuous              from 1e4758
   P_eff>0.5                from 1e7978
   P_eff>record (0.6725)    from 1e15510
   P_eff>2/3                from 1e14755

=== row dominance at 1e100 and 1e300 (which rows dominate) ===
  S1 1e100: ends 2.724, ramp 0.5238, buffer 0.5224, zone 0.1083, minor 0.002568  | total 3.881, P_eff -3.1598
  S1 1e300: ends 0.1997, ramp 0.1072, buffer 0.1065, zone 0.03597, minor 0.0005755  | total 0.45, P_eff +0.2712
  S1 1e1000: buffer 0.02159, ramp 0.02139, zone 0.01146, ends 0.0114, minor 0.0001343  | total 0.06597, P_eff +0.6552
  S2 1e100: ends 86.13, ramp 0.5238, buffer 0.5224, zone 0.1083, minor 0.002568  | total 87.28, P_eff -86.5633
  S2 1e300: ends 7.293, ramp 0.1072, buffer 0.1065, zone 0.03597, minor 0.0005755  | total 7.543, P_eff -6.8222
  S2 1e1000: ends 0.4791, buffer 0.02159, ramp 0.02139, zone 0.01146, minor 0.0001343  | total 0.5336, P_eff +0.1876
  S3 1e100: ends 2.16e+04, ramp 0.5238, buffer 0.5224, zone 0.1083, minor 0.002568  | total 2.16e+04, P_eff -21596.8972
  S3 1e300: ends 1828, ramp 0.1072, buffer 0.1065, zone 0.03597, minor 0.0005755  | total 1828, P_eff -1827.6935
  S3 1e1000: ends 120.1, buffer 0.02159, ramp 0.02139, zone 0.01146, minor 0.0001343  | total 120.1, P_eff -119.3891
