bnb_interval: alpha=poly8A K=8 mu=1/1700 c_claim=0.00796 backend=auto prec=64 engine=numpy mode=hybrid workers=1 lb3=True sym=True axis=grad
objective: sha256=9b09b50eb8f0b5dfd0d95055a994f206cbf3700c3c02098b51e7af2d3e5536f7 (K=8 alpha=poly8A mu=1/1700 claim=199/25000 weights=w_poly8A_K8_mu1700.json sha256=257b340d9da4f343600a21589f16d8915f3e082499d475e153c5453980671e78 window=win_poly8A.json sha256=c4005f57a7920f78aa2df33b093c9c5030efac2b8e39fc6cf7371b0c0f32dc14 sym=True lb3=True engine=numpy pure=False backend=auto prec=64)
  resumed from runs/R1003/r0_2.ckpt: processed=0.000e+00 stack_boxes=2.060e+02
  resumed checkpoint sha256=3cf7f3d30fcd71e36922cae4b42abab3c6bc56438dcffa418bccdb0bdf1dfaf2
  it=40 processed=1.149e+06 stack_boxes=5.738e+05 min centre F=0.0083814 t=90s iv_checked=1.132e+06 iv_rejected=0
  it=80 processed=1.713e+06 stack_boxes=5.565e+05 min centre F=0.0082623 t=128s iv_checked=1.694e+06 iv_rejected=0
  it=120 processed=2.284e+06 stack_boxes=5.765e+05 min centre F=0.0082078 t=165s iv_checked=2.262e+06 iv_rejected=0
  it=160 processed=2.640e+06 stack_boxes=4.942e+05 min centre F=0.0082078 t=187s iv_checked=2.616e+06 iv_rejected=0
  it=200 processed=3.119e+06 stack_boxes=5.310e+05 min centre F=0.0082078 t=219s iv_checked=3.091e+06 iv_rejected=0
  it=240 processed=3.661e+06 stack_boxes=4.626e+05 min centre F=0.0082078 t=254s iv_checked=3.630e+06 iv_rejected=0
  it=280 processed=4.131e+06 stack_boxes=5.369e+05 min centre F=0.0082078 t=286s iv_checked=4.096e+06 iv_rejected=0
  it=320 processed=4.762e+06 stack_boxes=4.748e+05 min centre F=0.0081144 t=328s iv_checked=4.722e+06 iv_rejected=0
  it=360 processed=5.367e+06 stack_boxes=4.448e+05 min centre F=0.0081144 t=367s iv_checked=5.323e+06 iv_rejected=0
  it=400 processed=5.971e+06 stack_boxes=5.318e+05 min centre F=0.0081144 t=409s iv_checked=5.922e+06 iv_rejected=0
  it=440 processed=6.581e+06 stack_boxes=4.751e+05 min centre F=0.0081144 t=449s iv_checked=6.528e+06 iv_rejected=0
  it=480 processed=7.074e+06 stack_boxes=4.714e+05 min centre F=0.0081144 t=483s iv_checked=7.017e+06 iv_rejected=0
  it=520 processed=7.650e+06 stack_boxes=5.154e+05 min centre F=0.0081144 t=522s iv_checked=7.589e+06 iv_rejected=0
  it=560 processed=8.262e+06 stack_boxes=4.394e+05 min centre F=0.0081144 t=562s iv_checked=8.197e+06 iv_rejected=0
  it=600 processed=9.039e+06 stack_boxes=5.177e+05 min centre F=0.0081144 t=614s iv_checked=8.969e+06 iv_rejected=0
  it=640 processed=9.627e+06 stack_boxes=4.686e+05 min centre F=0.0081144 t=654s iv_checked=9.554e+06 iv_rejected=0
  it=680 processed=1.009e+07 stack_boxes=4.680e+05 min centre F=0.0081144 t=685s iv_checked=1.001e+07 iv_rejected=0
  it=720 processed=1.055e+07 stack_boxes=5.198e+05 min centre F=0.0081144 t=715s iv_checked=1.047e+07 iv_rejected=0
  it=760 processed=1.091e+07 stack_boxes=4.600e+05 min centre F=0.0081144 t=739s iv_checked=1.083e+07 iv_rejected=0
  it=800 processed=1.150e+07 stack_boxes=4.052e+05 min centre F=0.0081144 t=782s iv_checked=1.142e+07 iv_rejected=0
  it=840 processed=1.215e+07 stack_boxes=4.640e+05 min centre F=0.0080661 t=825s iv_checked=1.206e+07 iv_rejected=0
  it=880 processed=1.276e+07 stack_boxes=4.223e+05 min centre F=0.0080661 t=865s iv_checked=1.266e+07 iv_rejected=0
  it=920 processed=1.325e+07 stack_boxes=3.919e+05 min centre F=0.0080661 t=897s iv_checked=1.315e+07 iv_rejected=0
  it=960 processed=1.376e+07 stack_boxes=5.796e+05 min centre F=0.0080661 t=932s iv_checked=1.365e+07 iv_rejected=0
  it=1000 processed=1.420e+07 stack_boxes=5.268e+05 min centre F=0.0080661 t=960s iv_checked=1.409e+07 iv_rejected=0
  it=1040 processed=1.477e+07 stack_boxes=4.682e+05 min centre F=0.0080661 t=997s iv_checked=1.466e+07 iv_rejected=0
  it=1080 processed=1.525e+07 stack_boxes=4.675e+05 min centre F=0.0080661 t=1029s iv_checked=1.514e+07 iv_rejected=0
  it=1120 processed=1.591e+07 stack_boxes=4.763e+05 min centre F=0.0080661 t=1073s iv_checked=1.580e+07 iv_rejected=0
  it=1160 processed=1.649e+07 stack_boxes=4.331e+05 min centre F=0.0080661 t=1110s iv_checked=1.637e+07 iv_rejected=0
  it=1200 processed=1.664e+07 stack_boxes=4.210e+05 min centre F=0.0080661 t=1120s iv_checked=1.652e+07 iv_rejected=0
  it=1240 processed=1.720e+07 stack_boxes=4.622e+05 min centre F=0.0080661 t=1157s iv_checked=1.708e+07 iv_rejected=0
  it=1280 processed=1.779e+07 stack_boxes=4.067e+05 min centre F=0.0080661 t=1193s iv_checked=1.766e+07 iv_rejected=0
