bnb_interval: alpha=poly8A K=8 mu=1/1700 c_claim=0.00796 backend=auto prec=64 engine=numpy mode=hybrid workers=1 lb3=True sym=True axis=grad
objective: sha256=9b09b50eb8f0b5dfd0d95055a994f206cbf3700c3c02098b51e7af2d3e5536f7 (K=8 alpha=poly8A mu=1/1700 claim=199/25000 weights=w_poly8A_K8_mu1700.json sha256=257b340d9da4f343600a21589f16d8915f3e082499d475e153c5453980671e78 window=win_poly8A.json sha256=c4005f57a7920f78aa2df33b093c9c5030efac2b8e39fc6cf7371b0c0f32dc14 sym=True lb3=True engine=numpy pure=False backend=auto prec=64)
  resumed from runs/R1003/r1_1.ckpt: processed=0.000e+00 stack_boxes=2.839e+05
  resumed checkpoint sha256=8b6a61b149b7d7611f51e53a015153c556b4b6c3df89146d0f3b30af86f90542
  it=40 processed=7.088e+05 stack_boxes=2.721e+05 min centre F=0.0080661 t=52s iv_checked=7.022e+05 iv_rejected=0
  it=80 processed=1.304e+06 stack_boxes=4.064e+05 min centre F=0.0080661 t=96s iv_checked=1.291e+06 iv_rejected=0
  it=120 processed=1.660e+06 stack_boxes=3.339e+05 min centre F=0.0080661 t=120s iv_checked=1.645e+06 iv_rejected=0
  it=160 processed=2.234e+06 stack_boxes=2.841e+05 min centre F=0.0080661 t=162s iv_checked=2.214e+06 iv_rejected=0
  it=200 processed=2.660e+06 stack_boxes=2.713e+05 min centre F=0.0080661 t=192s iv_checked=2.636e+06 iv_rejected=0
  it=240 processed=2.767e+06 stack_boxes=2.561e+05 min centre F=0.0080661 t=198s iv_checked=2.743e+06 iv_rejected=0
  it=280 processed=3.414e+06 stack_boxes=3.393e+05 min centre F=0.0080661 t=245s iv_checked=3.385e+06 iv_rejected=0
  it=320 processed=4.156e+06 stack_boxes=2.849e+05 min centre F=0.0080661 t=296s iv_checked=4.121e+06 iv_rejected=0
  it=360 processed=4.496e+06 stack_boxes=2.481e+05 min centre F=0.0080661 t=319s iv_checked=4.460e+06 iv_rejected=0
  it=400 processed=5.168e+06 stack_boxes=3.230e+05 min centre F=0.0080661 t=368s iv_checked=5.126e+06 iv_rejected=0
  it=440 processed=5.814e+06 stack_boxes=2.653e+05 min centre F=0.0080661 t=411s iv_checked=5.766e+06 iv_rejected=0
  it=480 processed=6.234e+06 stack_boxes=2.501e+05 min centre F=0.0080661 t=443s iv_checked=6.183e+06 iv_rejected=0
  it=520 processed=6.915e+06 stack_boxes=3.082e+05 min centre F=0.0080661 t=493s iv_checked=6.860e+06 iv_rejected=0
  it=560 processed=7.494e+06 stack_boxes=2.736e+05 min centre F=0.0080661 t=533s iv_checked=7.435e+06 iv_rejected=0
  it=600 processed=8.262e+06 stack_boxes=3.474e+05 min centre F=0.0080661 t=592s iv_checked=8.197e+06 iv_rejected=0
  it=640 processed=8.696e+06 stack_boxes=2.771e+05 min centre F=0.0080661 t=623s iv_checked=8.630e+06 iv_rejected=0
  it=680 processed=9.170e+06 stack_boxes=2.369e+05 min centre F=0.0080661 t=655s iv_checked=9.102e+06 iv_rejected=0
  it=720 processed=9.876e+06 stack_boxes=2.918e+05 min centre F=0.0080661 t=707s iv_checked=9.799e+06 iv_rejected=0
  it=760 processed=1.017e+07 stack_boxes=2.713e+05 min centre F=0.0080661 t=727s iv_checked=1.009e+07 iv_rejected=0
  it=800 processed=1.060e+07 stack_boxes=2.249e+05 min centre F=0.0080661 t=755s iv_checked=1.051e+07 iv_rejected=0
  it=840 processed=1.132e+07 stack_boxes=3.042e+05 min centre F=0.0080661 t=811s iv_checked=1.123e+07 iv_rejected=0
  it=880 processed=1.173e+07 stack_boxes=2.790e+05 min centre F=0.0080661 t=839s iv_checked=1.164e+07 iv_rejected=0
  it=920 processed=1.240e+07 stack_boxes=2.212e+05 min centre F=0.0080661 t=888s iv_checked=1.230e+07 iv_rejected=0
  it=960 processed=1.316e+07 stack_boxes=2.928e+05 min centre F=0.0080661 t=944s iv_checked=1.306e+07 iv_rejected=0
  it=1000 processed=1.344e+07 stack_boxes=2.597e+05 min centre F=0.0080661 t=963s iv_checked=1.333e+07 iv_rejected=0
  it=1040 processed=1.416e+07 stack_boxes=2.359e+05 min centre F=0.0080661 t=1016s iv_checked=1.405e+07 iv_rejected=0
  it=1080 processed=1.491e+07 stack_boxes=3.106e+05 min centre F=0.0080661 t=1071s iv_checked=1.479e+07 iv_rejected=0
  it=1120 processed=1.515e+07 stack_boxes=2.595e+05 min centre F=0.0080661 t=1087s iv_checked=1.503e+07 iv_rejected=0
  it=1160 processed=1.574e+07 stack_boxes=2.310e+05 min centre F=0.0080661 t=1129s iv_checked=1.562e+07 iv_rejected=0
  it=1200 processed=1.640e+07 stack_boxes=3.008e+05 min centre F=0.0080661 t=1180s iv_checked=1.627e+07 iv_rejected=0
