bnb_interval: alpha=poly8A K=8 mu=1/1700 c_claim=0.00796 backend=auto prec=64 engine=numpy mode=hybrid workers=1 lb3=True sym=True axis=grad
objective: sha256=9b09b50eb8f0b5dfd0d95055a994f206cbf3700c3c02098b51e7af2d3e5536f7 (K=8 alpha=poly8A mu=1/1700 claim=199/25000 weights=w_poly8A_K8_mu1700.json sha256=257b340d9da4f343600a21589f16d8915f3e082499d475e153c5453980671e78 window=win_poly8A.json sha256=c4005f57a7920f78aa2df33b093c9c5030efac2b8e39fc6cf7371b0c0f32dc14 sym=True lb3=True engine=numpy pure=False backend=auto prec=64)
  resumed from runs/R1003/r2_0.ckpt: processed=1.383e+08 stack_boxes=2.561e+05
  resumed checkpoint sha256=89817a78b1080e14958cfa1b6339c46bbecfae12eddb20f1ab34d2bf71f6fe3b
  it=9760 processed=1.385e+08 stack_boxes=2.700e+05 min centre F=0.0080227 t=9412s iv_checked=1.373e+08 iv_rejected=0
  it=9800 processed=1.389e+08 stack_boxes=2.475e+05 min centre F=0.0080227 t=9444s iv_checked=1.377e+08 iv_rejected=0
  it=9840 processed=1.390e+08 stack_boxes=2.449e+05 min centre F=0.0080227 t=9448s iv_checked=1.378e+08 iv_rejected=0
  it=9880 processed=1.394e+08 stack_boxes=3.273e+05 min centre F=0.0080227 t=9483s iv_checked=1.382e+08 iv_rejected=0
  it=9920 processed=1.397e+08 stack_boxes=2.655e+05 min centre F=0.0080145 t=9505s iv_checked=1.385e+08 iv_rejected=0
  it=9960 processed=1.403e+08 stack_boxes=2.868e+05 min centre F=0.0080145 t=9551s iv_checked=1.391e+08 iv_rejected=0
  it=10000 processed=1.406e+08 stack_boxes=2.614e+05 min centre F=0.0080145 t=9570s iv_checked=1.394e+08 iv_rejected=0
  it=10040 processed=1.412e+08 stack_boxes=2.765e+05 min centre F=0.0080145 t=9616s iv_checked=1.400e+08 iv_rejected=0
  it=10080 processed=1.415e+08 stack_boxes=2.370e+05 min centre F=0.0080145 t=9637s iv_checked=1.403e+08 iv_rejected=0
  it=10120 processed=1.421e+08 stack_boxes=2.825e+05 min centre F=0.0080145 t=9682s iv_checked=1.409e+08 iv_rejected=0
  it=10160 processed=1.424e+08 stack_boxes=2.522e+05 min centre F=0.0080145 t=9700s iv_checked=1.411e+08 iv_rejected=0
  it=10200 processed=1.430e+08 stack_boxes=2.752e+05 min centre F=0.0080145 t=9751s iv_checked=1.418e+08 iv_rejected=0
  it=10240 processed=1.433e+08 stack_boxes=2.448e+05 min centre F=0.0080145 t=9764s iv_checked=1.420e+08 iv_rejected=0
  it=10280 processed=1.439e+08 stack_boxes=2.554e+05 min centre F=0.0080145 t=9805s iv_checked=1.426e+08 iv_rejected=0
  it=10320 processed=1.440e+08 stack_boxes=2.350e+05 min centre F=0.0080145 t=9814s iv_checked=1.428e+08 iv_rejected=0
  it=10360 processed=1.446e+08 stack_boxes=2.707e+05 min centre F=0.0080145 t=9841s iv_checked=1.434e+08 iv_rejected=0
  it=10400 processed=1.450e+08 stack_boxes=2.302e+05 min centre F=0.0080145 t=9855s iv_checked=1.437e+08 iv_rejected=0
  it=10440 processed=1.456e+08 stack_boxes=2.802e+05 min centre F=0.0080145 t=9883s iv_checked=1.443e+08 iv_rejected=0
  it=10480 processed=1.460e+08 stack_boxes=2.328e+05 min centre F=0.0080145 t=9902s iv_checked=1.448e+08 iv_rejected=0
  it=10520 processed=1.466e+08 stack_boxes=2.794e+05 min centre F=0.0080145 t=9929s iv_checked=1.453e+08 iv_rejected=0
  it=10560 processed=1.469e+08 stack_boxes=2.537e+05 min centre F=0.0080145 t=9940s iv_checked=1.456e+08 iv_rejected=0
  it=10600 processed=1.476e+08 stack_boxes=3.167e+05 min centre F=0.0080145 t=9972s iv_checked=1.463e+08 iv_rejected=0
  it=10640 processed=1.480e+08 stack_boxes=2.767e+05 min centre F=0.0080145 t=9990s iv_checked=1.467e+08 iv_rejected=0
  it=10680 processed=1.486e+08 stack_boxes=2.408e+05 min centre F=0.0080145 t=10020s iv_checked=1.474e+08 iv_rejected=0
  it=10720 processed=1.488e+08 stack_boxes=2.327e+05 min centre F=0.0080145 t=10025s iv_checked=1.475e+08 iv_rejected=0
  it=10760 processed=1.494e+08 stack_boxes=2.863e+05 min centre F=0.0080145 t=10053s iv_checked=1.482e+08 iv_rejected=0
  it=10800 processed=1.500e+08 stack_boxes=2.434e+05 min centre F=0.0080145 t=10080s iv_checked=1.487e+08 iv_rejected=0
  it=10840 processed=1.507e+08 stack_boxes=3.140e+05 min centre F=0.0080145 t=10114s iv_checked=1.494e+08 iv_rejected=0
  it=10880 processed=1.511e+08 stack_boxes=2.666e+05 min centre F=0.0080145 t=10129s iv_checked=1.498e+08 iv_rejected=0
  it=10920 processed=1.518e+08 stack_boxes=2.444e+05 min centre F=0.0080145 t=10160s iv_checked=1.505e+08 iv_rejected=0
  it=10960 processed=1.520e+08 stack_boxes=2.237e+05 min centre F=0.0080145 t=10167s iv_checked=1.507e+08 iv_rejected=0
  it=11000 processed=1.525e+08 stack_boxes=2.241e+05 min centre F=0.0080145 t=10188s iv_checked=1.512e+08 iv_rejected=0
  it=11040 processed=1.530e+08 stack_boxes=2.944e+05 min centre F=0.0080145 t=10213s iv_checked=1.517e+08 iv_rejected=0
  it=11080 processed=1.534e+08 stack_boxes=2.632e+05 min centre F=0.0080145 t=10231s iv_checked=1.521e+08 iv_rejected=0
  it=11120 processed=1.536e+08 stack_boxes=2.237e+05 min centre F=0.0080145 t=10239s iv_checked=1.523e+08 iv_rejected=0
  it=11160 processed=1.537e+08 stack_boxes=2.168e+05 min centre F=0.0080145 t=10242s iv_checked=1.524e+08 iv_rejected=0
  it=11200 processed=1.540e+08 stack_boxes=2.144e+05 min centre F=0.0080145 t=10253s iv_checked=1.527e+08 iv_rejected=0
  it=11240 processed=1.542e+08 stack_boxes=2.164e+05 min centre F=0.0080145 t=10260s iv_checked=1.529e+08 iv_rejected=0
  it=11280 processed=1.543e+08 stack_boxes=2.119e+05 min centre F=0.0080145 t=10265s iv_checked=1.530e+08 iv_rejected=0
  it=11320 processed=1.544e+08 stack_boxes=2.125e+05 min centre F=0.0080145 t=10268s iv_checked=1.531e+08 iv_rejected=0
  it=11360 processed=1.548e+08 stack_boxes=2.104e+05 min centre F=0.0080145 t=10284s iv_checked=1.534e+08 iv_rejected=0
  it=11400 processed=1.552e+08 stack_boxes=2.265e+05 min centre F=0.0080145 t=10303s iv_checked=1.539e+08 iv_rejected=0
  it=11440 processed=1.556e+08 stack_boxes=2.064e+05 min centre F=0.0080145 t=10319s iv_checked=1.543e+08 iv_rejected=0
  it=11480 processed=1.558e+08 stack_boxes=2.019e+05 min centre F=0.0080145 t=10330s iv_checked=1.545e+08 iv_rejected=0
  it=11520 processed=1.561e+08 stack_boxes=2.131e+05 min centre F=0.0080145 t=10339s iv_checked=1.547e+08 iv_rejected=0
  it=11560 processed=1.563e+08 stack_boxes=1.989e+05 min centre F=0.0080145 t=10349s iv_checked=1.550e+08 iv_rejected=0
  it=11600 processed=1.565e+08 stack_boxes=1.976e+05 min centre F=0.0080145 t=10354s iv_checked=1.551e+08 iv_rejected=0
  it=11640 processed=1.566e+08 stack_boxes=1.920e+05 min centre F=0.0080145 t=10360s iv_checked=1.553e+08 iv_rejected=0
  it=11680 processed=1.571e+08 stack_boxes=1.962e+05 min centre F=0.0080145 t=10382s iv_checked=1.558e+08 iv_rejected=0
  it=11720 processed=1.576e+08 stack_boxes=2.199e+05 min centre F=0.0080145 t=10406s iv_checked=1.563e+08 iv_rejected=0
  it=11760 processed=1.578e+08 stack_boxes=1.886e+05 min centre F=0.0080145 t=10413s iv_checked=1.565e+08 iv_rejected=0
  it=11800 processed=1.580e+08 stack_boxes=1.868e+05 min centre F=0.0080145 t=10421s iv_checked=1.567e+08 iv_rejected=0
  it=11840 processed=1.585e+08 stack_boxes=2.663e+05 min centre F=0.0080145 t=10441s iv_checked=1.571e+08 iv_rejected=0
  it=11880 processed=1.587e+08 stack_boxes=2.079e+05 min centre F=0.0080145 t=10452s iv_checked=1.574e+08 iv_rejected=0
  it=11920 processed=1.589e+08 stack_boxes=1.843e+05 min centre F=0.0080145 t=10459s iv_checked=1.576e+08 iv_rejected=0
  it=11960 processed=1.595e+08 stack_boxes=2.147e+05 min centre F=0.0080145 t=10485s iv_checked=1.581e+08 iv_rejected=0
  it=12000 processed=1.602e+08 stack_boxes=2.260e+05 min centre F=0.0080145 t=10515s iv_checked=1.588e+08 iv_rejected=0
  it=12040 processed=1.604e+08 stack_boxes=1.961e+05 min centre F=0.0080145 t=10526s iv_checked=1.591e+08 iv_rejected=0
  it=12080 processed=1.610e+08 stack_boxes=2.456e+05 min centre F=0.0080145 t=10552s iv_checked=1.596e+08 iv_rejected=0
  it=12120 processed=1.612e+08 stack_boxes=2.058e+05 min centre F=0.0080145 t=10563s iv_checked=1.599e+08 iv_rejected=0
  it=12160 processed=1.618e+08 stack_boxes=2.542e+05 min centre F=0.0080145 t=10590s iv_checked=1.605e+08 iv_rejected=0
