bnb_interval: alpha=poly8A K=8 mu=1/1700 c_claim=0.00796 backend=auto prec=64 engine=numpy mode=hybrid workers=1 lb3=True sym=True axis=grad
objective: sha256=9b09b50eb8f0b5dfd0d95055a994f206cbf3700c3c02098b51e7af2d3e5536f7 (K=8 alpha=poly8A mu=1/1700 claim=199/25000 weights=w_poly8A_K8_mu1700.json sha256=257b340d9da4f343600a21589f16d8915f3e082499d475e153c5453980671e78 window=win_poly8A.json sha256=c4005f57a7920f78aa2df33b093c9c5030efac2b8e39fc6cf7371b0c0f32dc14 sym=True lb3=True engine=numpy pure=False backend=auto prec=64)
  resumed from runs/R1003/r2_1.ckpt: processed=0.000e+00 stack_boxes=2.561e+05
  resumed checkpoint sha256=357c9aafb8f7a6ea10204dbc4aa3c44e91b6c240360ecf36be08675d7db94076
  it=40 processed=1.626e+05 stack_boxes=2.524e+05 min centre F=0.0080227 t=11s iv_checked=1.610e+05 iv_rejected=0
  it=80 processed=3.783e+05 stack_boxes=2.475e+05 min centre F=0.0080227 t=26s iv_checked=3.693e+05 iv_rejected=0
  it=120 processed=4.534e+05 stack_boxes=2.602e+05 min centre F=0.0080227 t=31s iv_checked=4.438e+05 iv_rejected=0
  it=160 processed=1.070e+06 stack_boxes=2.792e+05 min centre F=0.0080227 t=76s iv_checked=1.056e+06 iv_rejected=0
  it=200 processed=1.316e+06 stack_boxes=2.428e+05 min centre F=0.0080227 t=92s iv_checked=1.301e+06 iv_rejected=0
  it=240 processed=1.827e+06 stack_boxes=2.858e+05 min centre F=0.0080227 t=130s iv_checked=1.809e+06 iv_rejected=0
  it=280 processed=2.124e+06 stack_boxes=2.564e+05 min centre F=0.0080227 t=149s iv_checked=2.103e+06 iv_rejected=0
  it=320 processed=2.693e+06 stack_boxes=2.798e+05 min centre F=0.0080227 t=192s iv_checked=2.668e+06 iv_rejected=0
  it=360 processed=3.030e+06 stack_boxes=2.368e+05 min centre F=0.0080227 t=217s iv_checked=3.003e+06 iv_rejected=0
  it=400 processed=3.626e+06 stack_boxes=2.854e+05 min centre F=0.0080227 t=263s iv_checked=3.596e+06 iv_rejected=0
  it=440 processed=4.120e+06 stack_boxes=2.364e+05 min centre F=0.0080140 t=298s iv_checked=4.089e+06 iv_rejected=0
  it=480 processed=4.731e+06 stack_boxes=2.726e+05 min centre F=0.0080140 t=343s iv_checked=4.697e+06 iv_rejected=0
  it=520 processed=5.099e+06 stack_boxes=2.663e+05 min centre F=0.0080140 t=366s iv_checked=5.064e+06 iv_rejected=0
  it=560 processed=5.664e+06 stack_boxes=2.637e+05 min centre F=0.0080140 t=406s iv_checked=5.625e+06 iv_rejected=0
  it=600 processed=6.288e+06 stack_boxes=3.387e+05 min centre F=0.0080140 t=438s iv_checked=6.245e+06 iv_rejected=0
  it=640 processed=6.708e+06 stack_boxes=2.781e+05 min centre F=0.0080140 t=457s iv_checked=6.663e+06 iv_rejected=0
  it=680 processed=7.112e+06 stack_boxes=2.353e+05 min centre F=0.0080140 t=475s iv_checked=7.065e+06 iv_rejected=0
  it=720 processed=7.675e+06 stack_boxes=2.539e+05 min centre F=0.0080140 t=500s iv_checked=7.625e+06 iv_rejected=0
  it=760 processed=8.086e+06 stack_boxes=2.996e+05 min centre F=0.0080140 t=518s iv_checked=8.033e+06 iv_rejected=0
  it=800 processed=8.645e+06 stack_boxes=2.695e+05 min centre F=0.0080140 t=545s iv_checked=8.591e+06 iv_rejected=0
  it=840 processed=9.092e+06 stack_boxes=2.412e+05 min centre F=0.0080140 t=565s iv_checked=9.037e+06 iv_rejected=0
  it=880 processed=9.756e+06 stack_boxes=2.772e+05 min centre F=0.0080140 t=595s iv_checked=9.697e+06 iv_rejected=0
  it=920 processed=1.009e+07 stack_boxes=2.371e+05 min centre F=0.0080140 t=610s iv_checked=1.003e+07 iv_rejected=0
  it=960 processed=1.074e+07 stack_boxes=3.597e+05 min centre F=0.0080140 t=639s iv_checked=1.068e+07 iv_rejected=0
  it=1000 processed=1.115e+07 stack_boxes=2.798e+05 min centre F=0.0080140 t=657s iv_checked=1.108e+07 iv_rejected=0
  it=1040 processed=1.181e+07 stack_boxes=2.466e+05 min centre F=0.0080140 t=690s iv_checked=1.174e+07 iv_rejected=0
  it=1080 processed=1.222e+07 stack_boxes=2.287e+05 min centre F=0.0080140 t=711s iv_checked=1.215e+07 iv_rejected=0
  it=1120 processed=1.291e+07 stack_boxes=3.321e+05 min centre F=0.0080140 t=744s iv_checked=1.283e+07 iv_rejected=0
  it=1160 processed=1.334e+07 stack_boxes=2.810e+05 min centre F=0.0080140 t=766s iv_checked=1.327e+07 iv_rejected=0
  it=1200 processed=1.396e+07 stack_boxes=3.224e+05 min centre F=0.0080140 t=797s iv_checked=1.388e+07 iv_rejected=0
  it=1240 processed=1.433e+07 stack_boxes=2.379e+05 min centre F=0.0080140 t=814s iv_checked=1.425e+07 iv_rejected=0
  it=1280 processed=1.473e+07 stack_boxes=2.398e+05 min centre F=0.0080140 t=833s iv_checked=1.465e+07 iv_rejected=0
  it=1320 processed=1.508e+07 stack_boxes=3.116e+05 min centre F=0.0080140 t=850s iv_checked=1.499e+07 iv_rejected=0
  it=1360 processed=1.548e+07 stack_boxes=2.408e+05 min centre F=0.0080140 t=869s iv_checked=1.540e+07 iv_rejected=0
  it=1400 processed=1.612e+07 stack_boxes=2.950e+05 min centre F=0.0080140 t=900s iv_checked=1.603e+07 iv_rejected=0
  it=1440 processed=1.655e+07 stack_boxes=2.390e+05 min centre F=0.0080140 t=921s iv_checked=1.647e+07 iv_rejected=0
  it=1480 processed=1.684e+07 stack_boxes=2.203e+05 min centre F=0.0080140 t=936s iv_checked=1.675e+07 iv_rejected=0
  it=1520 processed=1.692e+07 stack_boxes=2.167e+05 min centre F=0.0080140 t=940s iv_checked=1.684e+07 iv_rejected=0
  it=1560 processed=1.724e+07 stack_boxes=2.266e+05 min centre F=0.0080140 t=953s iv_checked=1.714e+07 iv_rejected=0
  it=1600 processed=1.738e+07 stack_boxes=2.186e+05 min centre F=0.0080140 t=959s iv_checked=1.729e+07 iv_rejected=0
  it=1640 processed=1.760e+07 stack_boxes=2.113e+05 min centre F=0.0080140 t=967s iv_checked=1.750e+07 iv_rejected=0
  it=1680 processed=1.768e+07 stack_boxes=2.124e+05 min centre F=0.0080140 t=971s iv_checked=1.758e+07 iv_rejected=0
  it=1720 processed=1.806e+07 stack_boxes=2.082e+05 min centre F=0.0080140 t=987s iv_checked=1.796e+07 iv_rejected=0
  it=1760 processed=1.859e+07 stack_boxes=2.124e+05 min centre F=0.0080140 t=1011s iv_checked=1.849e+07 iv_rejected=0
  it=1800 processed=1.891e+07 stack_boxes=2.217e+05 min centre F=0.0080140 t=1024s iv_checked=1.880e+07 iv_rejected=0
  it=1840 processed=1.916e+07 stack_boxes=2.033e+05 min centre F=0.0080140 t=1036s iv_checked=1.905e+07 iv_rejected=0
  it=1880 processed=1.945e+07 stack_boxes=2.048e+05 min centre F=0.0080140 t=1047s iv_checked=1.934e+07 iv_rejected=0
  it=1920 processed=1.959e+07 stack_boxes=2.024e+05 min centre F=0.0080140 t=1054s iv_checked=1.947e+07 iv_rejected=0
  it=1960 processed=1.992e+07 stack_boxes=1.983e+05 min centre F=0.0080140 t=1069s iv_checked=1.981e+07 iv_rejected=0
  it=2000 processed=2.007e+07 stack_boxes=1.922e+05 min centre F=0.0080140 t=1076s iv_checked=1.995e+07 iv_rejected=0
  it=2040 processed=2.070e+07 stack_boxes=2.191e+05 min centre F=0.0080140 t=1105s iv_checked=2.058e+07 iv_rejected=0
  it=2080 processed=2.096e+07 stack_boxes=1.948e+05 min centre F=0.0080140 t=1116s iv_checked=2.083e+07 iv_rejected=0
  it=2120 processed=2.134e+07 stack_boxes=1.942e+05 min centre F=0.0080140 t=1134s iv_checked=2.121e+07 iv_rejected=0
  it=2160 processed=2.142e+07 stack_boxes=1.973e+05 min centre F=0.0080140 t=1138s iv_checked=2.129e+07 iv_rejected=0
  it=2200 processed=2.201e+07 stack_boxes=2.223e+05 min centre F=0.0080140 t=1165s iv_checked=2.188e+07 iv_rejected=0
  it=2240 processed=2.226e+07 stack_boxes=1.831e+05 min centre F=0.0080140 t=1176s iv_checked=2.212e+07 iv_rejected=0
