bnb_interval: alpha=poly8A K=8 mu=1/1700 c_claim=0.00796 backend=auto prec=64 engine=numpy mode=hybrid workers=1 lb3=True sym=True axis=grad
objective: sha256=9b09b50eb8f0b5dfd0d95055a994f206cbf3700c3c02098b51e7af2d3e5536f7 (K=8 alpha=poly8A mu=1/1700 claim=199/25000 weights=w_poly8A_K8_mu1700.json sha256=257b340d9da4f343600a21589f16d8915f3e082499d475e153c5453980671e78 window=win_poly8A.json sha256=c4005f57a7920f78aa2df33b093c9c5030efac2b8e39fc6cf7371b0c0f32dc14 sym=True lb3=True engine=numpy pure=False backend=auto prec=64)
  resumed from runs/R1003/r2_2.ckpt: processed=0.000e+00 stack_boxes=2.561e+05
  resumed checkpoint sha256=1da495aaa9a85ae37f3a01e4565f631be89775a4d5d2fe4a50d6639bbc20055f
  it=40 processed=1.853e+05 stack_boxes=2.575e+05 min centre F=0.0080227 t=13s iv_checked=1.836e+05 iv_rejected=0
  it=80 processed=6.783e+05 stack_boxes=2.957e+05 min centre F=0.0080227 t=51s iv_checked=6.750e+05 iv_rejected=0
  it=120 processed=8.490e+05 stack_boxes=2.455e+05 min centre F=0.0080227 t=62s iv_checked=8.454e+05 iv_rejected=0
  it=160 processed=1.475e+06 stack_boxes=2.886e+05 min centre F=0.0080227 t=109s iv_checked=1.467e+06 iv_rejected=0
  it=200 processed=1.751e+06 stack_boxes=2.421e+05 min centre F=0.0080227 t=128s iv_checked=1.741e+06 iv_rejected=0
  it=240 processed=2.260e+06 stack_boxes=2.729e+05 min centre F=0.0080227 t=166s iv_checked=2.249e+06 iv_rejected=0
  it=280 processed=2.498e+06 stack_boxes=2.409e+05 min centre F=0.0080227 t=182s iv_checked=2.485e+06 iv_rejected=0
  it=320 processed=3.117e+06 stack_boxes=2.918e+05 min centre F=0.0080227 t=228s iv_checked=3.100e+06 iv_rejected=0
  it=360 processed=3.475e+06 stack_boxes=2.571e+05 min centre F=0.0080227 t=252s iv_checked=3.456e+06 iv_rejected=0
  it=400 processed=4.061e+06 stack_boxes=3.164e+05 min centre F=0.0080227 t=297s iv_checked=4.039e+06 iv_rejected=0
  it=440 processed=4.303e+06 stack_boxes=2.719e+05 min centre F=0.0080227 t=312s iv_checked=4.280e+06 iv_rejected=0
  it=480 processed=4.659e+06 stack_boxes=2.439e+05 min centre F=0.0080227 t=334s iv_checked=4.635e+06 iv_rejected=0
  it=520 processed=5.254e+06 stack_boxes=2.715e+05 min centre F=0.0080227 t=375s iv_checked=5.228e+06 iv_rejected=0
  it=560 processed=5.986e+06 stack_boxes=3.231e+05 min centre F=0.0080227 t=423s iv_checked=5.956e+06 iv_rejected=0
  it=600 processed=6.320e+06 stack_boxes=2.501e+05 min centre F=0.0080227 t=439s iv_checked=6.290e+06 iv_rejected=0
  it=640 processed=6.990e+06 stack_boxes=2.971e+05 min centre F=0.0080227 t=471s iv_checked=6.956e+06 iv_rejected=0
  it=680 processed=7.220e+06 stack_boxes=2.482e+05 min centre F=0.0080227 t=481s iv_checked=7.186e+06 iv_rejected=0
  it=720 processed=7.618e+06 stack_boxes=2.937e+05 min centre F=0.0080227 t=499s iv_checked=7.582e+06 iv_rejected=0
  it=760 processed=8.006e+06 stack_boxes=2.291e+05 min centre F=0.0080227 t=515s iv_checked=7.969e+06 iv_rejected=0
  it=800 processed=8.627e+06 stack_boxes=2.915e+05 min centre F=0.0080227 t=544s iv_checked=8.587e+06 iv_rejected=0
  it=840 processed=9.165e+06 stack_boxes=2.330e+05 min centre F=0.0080227 t=568s iv_checked=9.124e+06 iv_rejected=0
  it=880 processed=9.800e+06 stack_boxes=2.868e+05 min centre F=0.0080227 t=598s iv_checked=9.755e+06 iv_rejected=0
  it=920 processed=1.025e+07 stack_boxes=2.302e+05 min centre F=0.0080227 t=618s iv_checked=1.020e+07 iv_rejected=0
  it=960 processed=1.090e+07 stack_boxes=3.087e+05 min centre F=0.0080227 t=649s iv_checked=1.085e+07 iv_rejected=0
  it=1000 processed=1.137e+07 stack_boxes=2.524e+05 min centre F=0.0080227 t=668s iv_checked=1.132e+07 iv_rejected=0
  it=1040 processed=1.189e+07 stack_boxes=2.323e+05 min centre F=0.0080227 t=692s iv_checked=1.184e+07 iv_rejected=0
  it=1080 processed=1.254e+07 stack_boxes=2.757e+05 min centre F=0.0080227 t=722s iv_checked=1.248e+07 iv_rejected=0
  it=1120 processed=1.298e+07 stack_boxes=2.357e+05 min centre F=0.0080227 t=741s iv_checked=1.292e+07 iv_rejected=0
  it=1160 processed=1.362e+07 stack_boxes=2.898e+05 min centre F=0.0080227 t=770s iv_checked=1.356e+07 iv_rejected=0
  it=1200 processed=1.398e+07 stack_boxes=2.543e+05 min centre F=0.0080227 t=786s iv_checked=1.391e+07 iv_rejected=0
  it=1240 processed=1.443e+07 stack_boxes=3.194e+05 min centre F=0.0080227 t=808s iv_checked=1.436e+07 iv_rejected=0
  it=1280 processed=1.499e+07 stack_boxes=2.917e+05 min centre F=0.0080227 t=835s iv_checked=1.492e+07 iv_rejected=0
  it=1320 processed=1.560e+07 stack_boxes=2.526e+05 min centre F=0.0080227 t=862s iv_checked=1.553e+07 iv_rejected=0
  it=1360 processed=1.609e+07 stack_boxes=2.349e+05 min centre F=0.0080227 t=886s iv_checked=1.601e+07 iv_rejected=0
  it=1400 processed=1.625e+07 stack_boxes=2.208e+05 min centre F=0.0080227 t=893s iv_checked=1.617e+07 iv_rejected=0
  it=1440 processed=1.633e+07 stack_boxes=2.206e+05 min centre F=0.0080227 t=896s iv_checked=1.625e+07 iv_rejected=0
  it=1480 processed=1.650e+07 stack_boxes=2.158e+05 min centre F=0.0080227 t=903s iv_checked=1.642e+07 iv_rejected=0
  it=1520 processed=1.679e+07 stack_boxes=2.213e+05 min centre F=0.0080227 t=915s iv_checked=1.670e+07 iv_rejected=0
  it=1560 processed=1.694e+07 stack_boxes=2.148e+05 min centre F=0.0080227 t=921s iv_checked=1.685e+07 iv_rejected=0
  it=1600 processed=1.714e+07 stack_boxes=2.101e+05 min centre F=0.0080227 t=929s iv_checked=1.705e+07 iv_rejected=0
  it=1640 processed=1.717e+07 stack_boxes=2.124e+05 min centre F=0.0080227 t=931s iv_checked=1.708e+07 iv_rejected=0
  it=1680 processed=1.775e+07 stack_boxes=2.139e+05 min centre F=0.0080227 t=958s iv_checked=1.765e+07 iv_rejected=0
  it=1720 processed=1.815e+07 stack_boxes=2.057e+05 min centre F=0.0080227 t=975s iv_checked=1.805e+07 iv_rejected=0
  it=1760 processed=1.850e+07 stack_boxes=2.014e+05 min centre F=0.0080227 t=990s iv_checked=1.839e+07 iv_rejected=0
  it=1800 processed=1.870e+07 stack_boxes=2.126e+05 min centre F=0.0080227 t=999s iv_checked=1.859e+07 iv_rejected=0
  it=1840 processed=1.902e+07 stack_boxes=1.978e+05 min centre F=0.0080227 t=1012s iv_checked=1.891e+07 iv_rejected=0
  it=1880 processed=1.910e+07 stack_boxes=1.968e+05 min centre F=0.0080227 t=1016s iv_checked=1.898e+07 iv_rejected=0
  it=1920 processed=1.922e+07 stack_boxes=1.905e+05 min centre F=0.0080227 t=1021s iv_checked=1.911e+07 iv_rejected=0
  it=1960 processed=1.973e+07 stack_boxes=1.977e+05 min centre F=0.0080227 t=1045s iv_checked=1.962e+07 iv_rejected=0
  it=2000 processed=2.009e+07 stack_boxes=1.967e+05 min centre F=0.0080227 t=1061s iv_checked=1.997e+07 iv_rejected=0
  it=2040 processed=2.025e+07 stack_boxes=1.905e+05 min centre F=0.0080227 t=1067s iv_checked=2.012e+07 iv_rejected=0
  it=2080 processed=2.048e+07 stack_boxes=1.847e+05 min centre F=0.0080227 t=1076s iv_checked=2.035e+07 iv_rejected=0
  it=2120 processed=2.098e+07 stack_boxes=2.120e+05 min centre F=0.0080227 t=1101s iv_checked=2.086e+07 iv_rejected=0
  it=2160 processed=2.125e+07 stack_boxes=1.991e+05 min centre F=0.0080227 t=1112s iv_checked=2.112e+07 iv_rejected=0
  it=2200 processed=2.177e+07 stack_boxes=2.197e+05 min centre F=0.0080227 t=1137s iv_checked=2.164e+07 iv_rejected=0
  it=2240 processed=2.220e+07 stack_boxes=2.338e+05 min centre F=0.0080227 t=1157s iv_checked=2.207e+07 iv_rejected=0
  it=2280 processed=2.270e+07 stack_boxes=2.226e+05 min centre F=0.0080227 t=1178s iv_checked=2.256e+07 iv_rejected=0
  it=2320 processed=2.304e+07 stack_boxes=1.839e+05 min centre F=0.0080227 t=1193s iv_checked=2.291e+07 iv_rejected=0
