bnb_interval: alpha=poly8A K=8 mu=1/1700 c_claim=0.00796 backend=auto prec=64 engine=numpy mode=hybrid workers=1 lb3=True sym=True axis=grad
objective: sha256=9b09b50eb8f0b5dfd0d95055a994f206cbf3700c3c02098b51e7af2d3e5536f7 (K=8 alpha=poly8A mu=1/1700 claim=199/25000 weights=w_poly8A_K8_mu1700.json sha256=257b340d9da4f343600a21589f16d8915f3e082499d475e153c5453980671e78 window=win_poly8A.json sha256=c4005f57a7920f78aa2df33b093c9c5030efac2b8e39fc6cf7371b0c0f32dc14 sym=True lb3=True engine=numpy pure=False backend=auto prec=64)
  resumed from runs/R1003/r2_3.ckpt: processed=0.000e+00 stack_boxes=2.561e+05
  resumed checkpoint sha256=cd0d04560aad81925656a0a35edb5f26e13046e46b3713c300c98a88cd98a596
  it=40 processed=1.909e+05 stack_boxes=2.612e+05 min centre F=0.0080227 t=11s iv_checked=1.892e+05 iv_rejected=0
  it=80 processed=5.157e+05 stack_boxes=2.468e+05 min centre F=0.0080227 t=36s iv_checked=5.132e+05 iv_rejected=0
  it=120 processed=5.833e+05 stack_boxes=2.558e+05 min centre F=0.0080227 t=41s iv_checked=5.803e+05 iv_rejected=0
  it=160 processed=1.236e+06 stack_boxes=2.847e+05 min centre F=0.0080227 t=88s iv_checked=1.229e+06 iv_rejected=0
  it=200 processed=1.498e+06 stack_boxes=2.460e+05 min centre F=0.0080227 t=107s iv_checked=1.490e+06 iv_rejected=0
  it=240 processed=2.057e+06 stack_boxes=2.889e+05 min centre F=0.0080227 t=149s iv_checked=2.044e+06 iv_rejected=0
  it=280 processed=2.232e+06 stack_boxes=2.611e+05 min centre F=0.0080227 t=161s iv_checked=2.218e+06 iv_rejected=0
  it=320 processed=2.903e+06 stack_boxes=3.193e+05 min centre F=0.0080227 t=209s iv_checked=2.886e+06 iv_rejected=0
  it=360 processed=3.090e+06 stack_boxes=2.857e+05 min centre F=0.0080227 t=222s iv_checked=3.073e+06 iv_rejected=0
  it=400 processed=3.558e+06 stack_boxes=2.425e+05 min centre F=0.0080227 t=254s iv_checked=3.539e+06 iv_rejected=0
  it=440 processed=4.121e+06 stack_boxes=2.822e+05 min centre F=0.0080227 t=294s iv_checked=4.099e+06 iv_rejected=0
  it=480 processed=4.492e+06 stack_boxes=2.434e+05 min centre F=0.0080227 t=317s iv_checked=4.468e+06 iv_rejected=0
  it=520 processed=5.091e+06 stack_boxes=2.452e+05 min centre F=0.0080227 t=359s iv_checked=5.063e+06 iv_rejected=0
  it=560 processed=5.698e+06 stack_boxes=2.935e+05 min centre F=0.0080227 t=400s iv_checked=5.668e+06 iv_rejected=0
  it=600 processed=5.954e+06 stack_boxes=2.514e+05 min centre F=0.0080227 t=415s iv_checked=5.923e+06 iv_rejected=0
  it=640 processed=6.610e+06 stack_boxes=3.053e+05 min centre F=0.0080227 t=445s iv_checked=6.576e+06 iv_rejected=0
  it=680 processed=6.849e+06 stack_boxes=2.557e+05 min centre F=0.0080227 t=455s iv_checked=6.814e+06 iv_rejected=0
  it=720 processed=7.352e+06 stack_boxes=3.452e+05 min centre F=0.0080227 t=478s iv_checked=7.314e+06 iv_rejected=0
  it=760 processed=7.794e+06 stack_boxes=2.615e+05 min centre F=0.0080227 t=497s iv_checked=7.756e+06 iv_rejected=0
  it=800 processed=8.267e+06 stack_boxes=2.447e+05 min centre F=0.0080227 t=517s iv_checked=8.227e+06 iv_rejected=0
  it=840 processed=8.939e+06 stack_boxes=3.174e+05 min centre F=0.0080227 t=549s iv_checked=8.897e+06 iv_rejected=0
  it=880 processed=9.652e+06 stack_boxes=2.678e+05 min centre F=0.0080227 t=581s iv_checked=9.608e+06 iv_rejected=0
  it=920 processed=1.012e+07 stack_boxes=2.667e+05 min centre F=0.0080227 t=603s iv_checked=1.007e+07 iv_rejected=0
  it=960 processed=1.033e+07 stack_boxes=2.428e+05 min centre F=0.0080227 t=611s iv_checked=1.029e+07 iv_rejected=0
  it=1000 processed=1.110e+07 stack_boxes=3.048e+05 min centre F=0.0080227 t=649s iv_checked=1.105e+07 iv_rejected=0
  it=1040 processed=1.162e+07 stack_boxes=2.442e+05 min centre F=0.0080227 t=672s iv_checked=1.156e+07 iv_rejected=0
  it=1080 processed=1.249e+07 stack_boxes=2.825e+05 min centre F=0.0080227 t=714s iv_checked=1.243e+07 iv_rejected=0
  it=1120 processed=1.296e+07 stack_boxes=2.290e+05 min centre F=0.0080227 t=734s iv_checked=1.290e+07 iv_rejected=0
  it=1160 processed=1.361e+07 stack_boxes=3.339e+05 min centre F=0.0080227 t=764s iv_checked=1.354e+07 iv_rejected=0
  it=1200 processed=1.400e+07 stack_boxes=2.806e+05 min centre F=0.0080227 t=781s iv_checked=1.393e+07 iv_rejected=0
  it=1240 processed=1.471e+07 stack_boxes=2.529e+05 min centre F=0.0080159 t=814s iv_checked=1.464e+07 iv_rejected=0
  it=1280 processed=1.501e+07 stack_boxes=2.258e+05 min centre F=0.0080159 t=828s iv_checked=1.494e+07 iv_rejected=0
  it=1320 processed=1.560e+07 stack_boxes=2.729e+05 min centre F=0.0080159 t=857s iv_checked=1.552e+07 iv_rejected=0
  it=1360 processed=1.602e+07 stack_boxes=2.253e+05 min centre F=0.0080159 t=875s iv_checked=1.593e+07 iv_rejected=0
  it=1400 processed=1.652e+07 stack_boxes=3.076e+05 min centre F=0.0080159 t=898s iv_checked=1.643e+07 iv_rejected=0
  it=1440 processed=1.687e+07 stack_boxes=2.530e+05 min centre F=0.0080159 t=914s iv_checked=1.678e+07 iv_rejected=0
  it=1480 processed=1.700e+07 stack_boxes=2.202e+05 min centre F=0.0080159 t=920s iv_checked=1.691e+07 iv_rejected=0
  it=1520 processed=1.709e+07 stack_boxes=2.171e+05 min centre F=0.0080159 t=923s iv_checked=1.700e+07 iv_rejected=0
  it=1560 processed=1.736e+07 stack_boxes=2.270e+05 min centre F=0.0080159 t=935s iv_checked=1.727e+07 iv_rejected=0
  it=1600 processed=1.754e+07 stack_boxes=2.209e+05 min centre F=0.0080159 t=943s iv_checked=1.745e+07 iv_rejected=0
  it=1640 processed=1.778e+07 stack_boxes=2.111e+05 min centre F=0.0080159 t=953s iv_checked=1.768e+07 iv_rejected=0
  it=1680 processed=1.784e+07 stack_boxes=2.110e+05 min centre F=0.0080159 t=956s iv_checked=1.775e+07 iv_rejected=0
  it=1720 processed=1.820e+07 stack_boxes=2.093e+05 min centre F=0.0080159 t=972s iv_checked=1.810e+07 iv_rejected=0
  it=1760 processed=1.879e+07 stack_boxes=2.073e+05 min centre F=0.0080159 t=999s iv_checked=1.868e+07 iv_rejected=0
  it=1800 processed=1.915e+07 stack_boxes=2.200e+05 min centre F=0.0080159 t=1015s iv_checked=1.904e+07 iv_rejected=0
  it=1840 processed=1.946e+07 stack_boxes=2.028e+05 min centre F=0.0080159 t=1028s iv_checked=1.934e+07 iv_rejected=0
  it=1880 processed=1.980e+07 stack_boxes=2.087e+05 min centre F=0.0080159 t=1043s iv_checked=1.968e+07 iv_rejected=0
  it=1920 processed=2.008e+07 stack_boxes=1.987e+05 min centre F=0.0080159 t=1056s iv_checked=1.996e+07 iv_rejected=0
  it=1960 processed=2.016e+07 stack_boxes=1.967e+05 min centre F=0.0080159 t=1059s iv_checked=2.003e+07 iv_rejected=0
  it=2000 processed=2.031e+07 stack_boxes=1.941e+05 min centre F=0.0080159 t=1066s iv_checked=2.019e+07 iv_rejected=0
  it=2040 processed=2.086e+07 stack_boxes=1.914e+05 min centre F=0.0080159 t=1091s iv_checked=2.073e+07 iv_rejected=0
  it=2080 processed=2.129e+07 stack_boxes=1.992e+05 min centre F=0.0080159 t=1111s iv_checked=2.116e+07 iv_rejected=0
  it=2120 processed=2.161e+07 stack_boxes=1.950e+05 min centre F=0.0080159 t=1126s iv_checked=2.147e+07 iv_rejected=0
  it=2160 processed=2.169e+07 stack_boxes=1.966e+05 min centre F=0.0080159 t=1129s iv_checked=2.155e+07 iv_rejected=0
  it=2200 processed=2.231e+07 stack_boxes=2.252e+05 min centre F=0.0080159 t=1159s iv_checked=2.217e+07 iv_rejected=0
  it=2240 processed=2.258e+07 stack_boxes=1.869e+05 min centre F=0.0080145 t=1171s iv_checked=2.244e+07 iv_rejected=0
  it=2280 processed=2.311e+07 stack_boxes=2.226e+05 min centre F=0.0080145 t=1196s iv_checked=2.296e+07 iv_rejected=0
