bnb_interval: alpha=poly8A K=8 mu=1/1700 c_claim=0.00796 backend=auto prec=64 engine=numpy mode=hybrid workers=1 lb3=True sym=True axis=grad
objective: sha256=9b09b50eb8f0b5dfd0d95055a994f206cbf3700c3c02098b51e7af2d3e5536f7 (K=8 alpha=poly8A mu=1/1700 claim=199/25000 weights=w_poly8A_K8_mu1700.json sha256=257b340d9da4f343600a21589f16d8915f3e082499d475e153c5453980671e78 window=win_poly8A.json sha256=c4005f57a7920f78aa2df33b093c9c5030efac2b8e39fc6cf7371b0c0f32dc14 sym=True lb3=True engine=numpy pure=False backend=auto prec=64)
  resumed from runs/R1003/r3_0.ckpt: processed=2.302e+08 stack_boxes=2.109e+05
  resumed checkpoint sha256=4be2029d1eb01766827fc5896cd504d85e562b92be1647093f20b80e55ed7b7f
  it=19040 processed=2.303e+08 stack_boxes=2.183e+05 min centre F=0.0080140 t=14159s iv_checked=2.286e+08 iv_rejected=0
  it=19080 processed=2.308e+08 stack_boxes=1.996e+05 min centre F=0.0080140 t=14179s iv_checked=2.290e+08 iv_rejected=0
  it=19120 processed=2.313e+08 stack_boxes=2.273e+05 min centre F=0.0080140 t=14199s iv_checked=2.295e+08 iv_rejected=0
  it=19160 processed=2.315e+08 stack_boxes=2.059e+05 min centre F=0.0080140 t=14210s iv_checked=2.297e+08 iv_rejected=0
  it=19200 processed=2.322e+08 stack_boxes=1.974e+05 min centre F=0.0080140 t=14242s iv_checked=2.304e+08 iv_rejected=0
  it=19240 processed=2.325e+08 stack_boxes=2.049e+05 min centre F=0.0080140 t=14254s iv_checked=2.307e+08 iv_rejected=0
  it=19280 processed=2.331e+08 stack_boxes=2.517e+05 min centre F=0.0080140 t=14286s iv_checked=2.313e+08 iv_rejected=0
  it=19320 processed=2.333e+08 stack_boxes=1.965e+05 min centre F=0.0080140 t=14294s iv_checked=2.315e+08 iv_rejected=0
  it=19360 processed=2.334e+08 stack_boxes=1.977e+05 min centre F=0.0080140 t=14298s iv_checked=2.316e+08 iv_rejected=0
  it=19400 processed=2.340e+08 stack_boxes=2.239e+05 min centre F=0.0080140 t=14327s iv_checked=2.322e+08 iv_rejected=0
  it=19440 processed=2.342e+08 stack_boxes=1.957e+05 min centre F=0.0080140 t=14338s iv_checked=2.324e+08 iv_rejected=0
  it=19480 processed=2.342e+08 stack_boxes=1.948e+05 min centre F=0.0080140 t=14339s iv_checked=2.324e+08 iv_rejected=0
  it=19520 processed=2.343e+08 stack_boxes=1.948e+05 min centre F=0.0080140 t=14343s iv_checked=2.325e+08 iv_rejected=0
  it=19560 processed=2.344e+08 stack_boxes=1.944e+05 min centre F=0.0080140 t=14346s iv_checked=2.326e+08 iv_rejected=0
  it=19600 processed=2.345e+08 stack_boxes=1.962e+05 min centre F=0.0080140 t=14348s iv_checked=2.327e+08 iv_rejected=0
  it=19640 processed=2.345e+08 stack_boxes=1.931e+05 min centre F=0.0080140 t=14349s iv_checked=2.327e+08 iv_rejected=0
  it=19680 processed=2.346e+08 stack_boxes=1.979e+05 min centre F=0.0080140 t=14352s iv_checked=2.328e+08 iv_rejected=0
  it=19720 processed=2.347e+08 stack_boxes=1.953e+05 min centre F=0.0080140 t=14357s iv_checked=2.329e+08 iv_rejected=0
  it=19760 processed=2.348e+08 stack_boxes=1.933e+05 min centre F=0.0080140 t=14361s iv_checked=2.330e+08 iv_rejected=0
  it=19800 processed=2.349e+08 stack_boxes=1.914e+05 min centre F=0.0080140 t=14363s iv_checked=2.330e+08 iv_rejected=0
  it=19840 processed=2.349e+08 stack_boxes=1.900e+05 min centre F=0.0080140 t=14365s iv_checked=2.331e+08 iv_rejected=0
  it=19880 processed=2.350e+08 stack_boxes=1.899e+05 min centre F=0.0080140 t=14370s iv_checked=2.332e+08 iv_rejected=0
  it=19920 processed=2.351e+08 stack_boxes=1.860e+05 min centre F=0.0080140 t=14375s iv_checked=2.333e+08 iv_rejected=0
  it=19960 processed=2.355e+08 stack_boxes=1.838e+05 min centre F=0.0080140 t=14392s iv_checked=2.337e+08 iv_rejected=0
  it=20000 processed=2.355e+08 stack_boxes=1.831e+05 min centre F=0.0080140 t=14393s iv_checked=2.337e+08 iv_rejected=0
  it=20040 processed=2.357e+08 stack_boxes=1.822e+05 min centre F=0.0080140 t=14401s iv_checked=2.339e+08 iv_rejected=0
  it=20080 processed=2.361e+08 stack_boxes=1.868e+05 min centre F=0.0080140 t=14419s iv_checked=2.343e+08 iv_rejected=0
  it=20120 processed=2.364e+08 stack_boxes=1.968e+05 min centre F=0.0080140 t=14432s iv_checked=2.346e+08 iv_rejected=0
  it=20160 processed=2.367e+08 stack_boxes=1.831e+05 min centre F=0.0080140 t=14450s iv_checked=2.349e+08 iv_rejected=0
  it=20200 processed=2.372e+08 stack_boxes=1.823e+05 min centre F=0.0080140 t=14474s iv_checked=2.354e+08 iv_rejected=0
  it=20240 processed=2.374e+08 stack_boxes=1.823e+05 min centre F=0.0080140 t=14483s iv_checked=2.356e+08 iv_rejected=0
  it=20280 processed=2.380e+08 stack_boxes=2.051e+05 min centre F=0.0080140 t=14510s iv_checked=2.362e+08 iv_rejected=0
  it=20320 processed=2.384e+08 stack_boxes=1.778e+05 min centre F=0.0080140 t=14528s iv_checked=2.366e+08 iv_rejected=0
  it=20360 processed=2.389e+08 stack_boxes=1.919e+05 min centre F=0.0080140 t=14549s iv_checked=2.371e+08 iv_rejected=0
  it=20400 processed=2.391e+08 stack_boxes=2.304e+05 min centre F=0.0080140 t=14558s iv_checked=2.372e+08 iv_rejected=0
  it=20440 processed=2.395e+08 stack_boxes=1.775e+05 min centre F=0.0080140 t=14580s iv_checked=2.377e+08 iv_rejected=0
  it=20480 processed=2.395e+08 stack_boxes=1.771e+05 min centre F=0.0080140 t=14581s iv_checked=2.377e+08 iv_rejected=0
  it=20520 processed=2.396e+08 stack_boxes=1.759e+05 min centre F=0.0080140 t=14583s iv_checked=2.378e+08 iv_rejected=0
  it=20560 processed=2.397e+08 stack_boxes=1.751e+05 min centre F=0.0080140 t=14586s iv_checked=2.378e+08 iv_rejected=0
  it=20600 processed=2.397e+08 stack_boxes=1.759e+05 min centre F=0.0080140 t=14589s iv_checked=2.379e+08 iv_rejected=0
  it=20640 processed=2.397e+08 stack_boxes=1.743e+05 min centre F=0.0080140 t=14589s iv_checked=2.379e+08 iv_rejected=0
  it=20680 processed=2.398e+08 stack_boxes=1.815e+05 min centre F=0.0080140 t=14594s iv_checked=2.380e+08 iv_rejected=0
  it=20720 processed=2.399e+08 stack_boxes=1.751e+05 min centre F=0.0080140 t=14597s iv_checked=2.381e+08 iv_rejected=0
  it=20760 processed=2.400e+08 stack_boxes=1.741e+05 min centre F=0.0080140 t=14601s iv_checked=2.382e+08 iv_rejected=0
  it=20800 processed=2.402e+08 stack_boxes=1.720e+05 min centre F=0.0080140 t=14607s iv_checked=2.383e+08 iv_rejected=0
  it=20840 processed=2.403e+08 stack_boxes=1.761e+05 min centre F=0.0080140 t=14611s iv_checked=2.384e+08 iv_rejected=0
  it=20880 processed=2.403e+08 stack_boxes=1.711e+05 min centre F=0.0080140 t=14614s iv_checked=2.385e+08 iv_rejected=0
  it=20920 processed=2.404e+08 stack_boxes=1.702e+05 min centre F=0.0080140 t=14617s iv_checked=2.386e+08 iv_rejected=0
  it=20960 processed=2.405e+08 stack_boxes=1.693e+05 min centre F=0.0080140 t=14620s iv_checked=2.386e+08 iv_rejected=0
  it=21000 processed=2.405e+08 stack_boxes=1.679e+05 min centre F=0.0080140 t=14622s iv_checked=2.387e+08 iv_rejected=0
  it=21040 processed=2.406e+08 stack_boxes=1.674e+05 min centre F=0.0080140 t=14624s iv_checked=2.387e+08 iv_rejected=0
  it=21080 processed=2.410e+08 stack_boxes=1.732e+05 min centre F=0.0080140 t=14642s iv_checked=2.391e+08 iv_rejected=0
  it=21120 processed=2.413e+08 stack_boxes=1.960e+05 min centre F=0.0080140 t=14656s iv_checked=2.394e+08 iv_rejected=0
  it=21160 processed=2.417e+08 stack_boxes=1.722e+05 min centre F=0.0080140 t=14675s iv_checked=2.398e+08 iv_rejected=0
  it=21200 processed=2.424e+08 stack_boxes=1.742e+05 min centre F=0.0080140 t=14709s iv_checked=2.405e+08 iv_rejected=0
  it=21240 processed=2.427e+08 stack_boxes=1.639e+05 min centre F=0.0080140 t=14725s iv_checked=2.409e+08 iv_rejected=0
  it=21280 processed=2.430e+08 stack_boxes=1.698e+05 min centre F=0.0080140 t=14737s iv_checked=2.411e+08 iv_rejected=0
  it=21320 processed=2.437e+08 stack_boxes=2.685e+05 min centre F=0.0080140 t=14774s iv_checked=2.419e+08 iv_rejected=0
  it=21360 processed=2.442e+08 stack_boxes=1.749e+05 min centre F=0.0080140 t=14798s iv_checked=2.424e+08 iv_rejected=0
  it=21400 processed=2.444e+08 stack_boxes=1.639e+05 min centre F=0.0080140 t=14808s iv_checked=2.426e+08 iv_rejected=0
  it=21440 processed=2.448e+08 stack_boxes=1.617e+05 min centre F=0.0080140 t=14825s iv_checked=2.429e+08 iv_rejected=0
  it=21480 processed=2.453e+08 stack_boxes=1.853e+05 min centre F=0.0080140 t=14851s iv_checked=2.435e+08 iv_rejected=0
  it=21520 processed=2.455e+08 stack_boxes=1.613e+05 min centre F=0.0080140 t=14857s iv_checked=2.436e+08 iv_rejected=0
  it=21560 processed=2.455e+08 stack_boxes=1.603e+05 min centre F=0.0080140 t=14858s iv_checked=2.436e+08 iv_rejected=0
  it=21600 processed=2.455e+08 stack_boxes=1.632e+05 min centre F=0.0080140 t=14860s iv_checked=2.437e+08 iv_rejected=0
  it=21640 processed=2.456e+08 stack_boxes=1.608e+05 min centre F=0.0080140 t=14863s iv_checked=2.437e+08 iv_rejected=0
  it=21680 processed=2.456e+08 stack_boxes=1.593e+05 min centre F=0.0080140 t=14864s iv_checked=2.438e+08 iv_rejected=0
  it=21720 processed=2.456e+08 stack_boxes=1.591e+05 min centre F=0.0080140 t=14865s iv_checked=2.438e+08 iv_rejected=0
  it=21760 processed=2.458e+08 stack_boxes=1.602e+05 min centre F=0.0080140 t=14871s iv_checked=2.439e+08 iv_rejected=0
  it=21800 processed=2.459e+08 stack_boxes=1.604e+05 min centre F=0.0080140 t=14878s iv_checked=2.440e+08 iv_rejected=0
  it=21840 processed=2.460e+08 stack_boxes=1.574e+05 min centre F=0.0080140 t=14881s iv_checked=2.441e+08 iv_rejected=0
  it=21880 processed=2.461e+08 stack_boxes=1.580e+05 min centre F=0.0080140 t=14884s iv_checked=2.442e+08 iv_rejected=0
  it=21920 processed=2.462e+08 stack_boxes=1.556e+05 min centre F=0.0080140 t=14888s iv_checked=2.443e+08 iv_rejected=0
  it=21960 processed=2.462e+08 stack_boxes=1.561e+05 min centre F=0.0080140 t=14890s iv_checked=2.443e+08 iv_rejected=0
  it=22000 processed=2.465e+08 stack_boxes=1.541e+05 min centre F=0.0080140 t=14902s iv_checked=2.446e+08 iv_rejected=0
  it=22040 processed=2.468e+08 stack_boxes=1.558e+05 min centre F=0.0080140 t=14918s iv_checked=2.449e+08 iv_rejected=0
  it=22080 processed=2.472e+08 stack_boxes=1.595e+05 min centre F=0.0080140 t=14934s iv_checked=2.453e+08 iv_rejected=0
  it=22120 processed=2.476e+08 stack_boxes=1.515e+05 min centre F=0.0080140 t=14952s iv_checked=2.457e+08 iv_rejected=0
  it=22160 processed=2.478e+08 stack_boxes=1.542e+05 min centre F=0.0080140 t=14960s iv_checked=2.459e+08 iv_rejected=0
  it=22200 processed=2.481e+08 stack_boxes=1.525e+05 min centre F=0.0080140 t=14975s iv_checked=2.462e+08 iv_rejected=0
  it=22240 processed=2.482e+08 stack_boxes=1.507e+05 min centre F=0.0080140 t=14980s iv_checked=2.463e+08 iv_rejected=0
  it=22280 processed=2.486e+08 stack_boxes=1.502e+05 min centre F=0.0080140 t=14999s iv_checked=2.467e+08 iv_rejected=0
  it=22320 processed=2.486e+08 stack_boxes=1.497e+05 min centre F=0.0080140 t=15000s iv_checked=2.467e+08 iv_rejected=0
  it=22360 processed=2.487e+08 stack_boxes=1.488e+05 min centre F=0.0080140 t=15002s iv_checked=2.468e+08 iv_rejected=0
  it=22400 processed=2.487e+08 stack_boxes=1.481e+05 min centre F=0.0080140 t=15005s iv_checked=2.468e+08 iv_rejected=0
  it=22440 processed=2.488e+08 stack_boxes=1.491e+05 min centre F=0.0080140 t=15008s iv_checked=2.469e+08 iv_rejected=0
  it=22480 processed=2.488e+08 stack_boxes=1.472e+05 min centre F=0.0080140 t=15009s iv_checked=2.469e+08 iv_rejected=0
  it=22520 processed=2.489e+08 stack_boxes=1.467e+05 min centre F=0.0080140 t=15013s iv_checked=2.470e+08 iv_rejected=0
  it=22560 processed=2.491e+08 stack_boxes=1.461e+05 min centre F=0.0080140 t=15020s iv_checked=2.472e+08 iv_rejected=0
  it=22600 processed=2.492e+08 stack_boxes=1.477e+05 min centre F=0.0080140 t=15024s iv_checked=2.473e+08 iv_rejected=0
  it=22640 processed=2.492e+08 stack_boxes=1.465e+05 min centre F=0.0080140 t=15026s iv_checked=2.473e+08 iv_rejected=0
  it=22680 processed=2.493e+08 stack_boxes=1.450e+05 min centre F=0.0080140 t=15028s iv_checked=2.474e+08 iv_rejected=0
  it=22720 processed=2.495e+08 stack_boxes=1.552e+05 min centre F=0.0080140 t=15039s iv_checked=2.476e+08 iv_rejected=0
  it=22760 processed=2.496e+08 stack_boxes=1.397e+05 min centre F=0.0080140 t=15045s iv_checked=2.477e+08 iv_rejected=0
  it=22800 processed=2.497e+08 stack_boxes=1.488e+05 min centre F=0.0080140 t=15047s iv_checked=2.478e+08 iv_rejected=0
  it=22840 processed=2.501e+08 stack_boxes=1.376e+05 min centre F=0.0080140 t=15066s iv_checked=2.482e+08 iv_rejected=0
  it=22880 processed=2.501e+08 stack_boxes=1.369e+05 min centre F=0.0080140 t=15068s iv_checked=2.482e+08 iv_rejected=0
  it=22920 processed=2.505e+08 stack_boxes=1.358e+05 min centre F=0.0080140 t=15085s iv_checked=2.486e+08 iv_rejected=0
  it=22960 processed=2.509e+08 stack_boxes=1.370e+05 min centre F=0.0080140 t=15102s iv_checked=2.490e+08 iv_rejected=0
  it=23000 processed=2.512e+08 stack_boxes=1.630e+05 min centre F=0.0080140 t=15118s iv_checked=2.493e+08 iv_rejected=0
  it=23040 processed=2.516e+08 stack_boxes=1.396e+05 min centre F=0.0080140 t=15134s iv_checked=2.496e+08 iv_rejected=0
  it=23080 processed=2.520e+08 stack_boxes=1.383e+05 min centre F=0.0080140 t=15158s iv_checked=2.501e+08 iv_rejected=0
  it=23120 processed=2.527e+08 stack_boxes=1.450e+05 min centre F=0.0080140 t=15186s iv_checked=2.508e+08 iv_rejected=0
  it=23160 processed=2.528e+08 stack_boxes=1.324e+05 min centre F=0.0080140 t=15193s iv_checked=2.509e+08 iv_rejected=0
  it=23200 processed=2.531e+08 stack_boxes=1.334e+05 min centre F=0.0080140 t=15206s iv_checked=2.512e+08 iv_rejected=0
  it=23240 processed=2.533e+08 stack_boxes=1.359e+05 min centre F=0.0080140 t=15214s iv_checked=2.514e+08 iv_rejected=0
  it=23280 processed=2.536e+08 stack_boxes=1.318e+05 min centre F=0.0080140 t=15230s iv_checked=2.517e+08 iv_rejected=0
  it=23320 processed=2.537e+08 stack_boxes=1.315e+05 min centre F=0.0080140 t=15231s iv_checked=2.517e+08 iv_rejected=0
  it=23360 processed=2.537e+08 stack_boxes=1.298e+05 min centre F=0.0080140 t=15233s iv_checked=2.518e+08 iv_rejected=0
  it=23400 processed=2.538e+08 stack_boxes=1.313e+05 min centre F=0.0080140 t=15235s iv_checked=2.518e+08 iv_rejected=0
  it=23440 processed=2.538e+08 stack_boxes=1.292e+05 min centre F=0.0080140 t=15237s iv_checked=2.519e+08 iv_rejected=0
  it=23480 processed=2.538e+08 stack_boxes=1.284e+05 min centre F=0.0080140 t=15238s iv_checked=2.519e+08 iv_rejected=0
  it=23520 processed=2.539e+08 stack_boxes=1.330e+05 min centre F=0.0080140 t=15242s iv_checked=2.520e+08 iv_rejected=0
  it=23560 processed=2.541e+08 stack_boxes=1.296e+05 min centre F=0.0080140 t=15249s iv_checked=2.521e+08 iv_rejected=0
  it=23600 processed=2.541e+08 stack_boxes=1.273e+05 min centre F=0.0080140 t=15251s iv_checked=2.522e+08 iv_rejected=0
  it=23640 processed=2.542e+08 stack_boxes=1.274e+05 min centre F=0.0080140 t=15253s iv_checked=2.523e+08 iv_rejected=0
  it=23680 processed=2.542e+08 stack_boxes=1.266e+05 min centre F=0.0080140 t=15254s iv_checked=2.523e+08 iv_rejected=0
  it=23720 processed=2.543e+08 stack_boxes=1.253e+05 min centre F=0.0080140 t=15259s iv_checked=2.524e+08 iv_rejected=0
  it=23760 processed=2.543e+08 stack_boxes=1.242e+05 min centre F=0.0080140 t=15260s iv_checked=2.524e+08 iv_rejected=0
  it=23800 processed=2.544e+08 stack_boxes=1.247e+05 min centre F=0.0080140 t=15262s iv_checked=2.525e+08 iv_rejected=0
  it=23840 processed=2.545e+08 stack_boxes=1.225e+05 min centre F=0.0080140 t=15266s iv_checked=2.525e+08 iv_rejected=0
  it=23880 processed=2.545e+08 stack_boxes=1.234e+05 min centre F=0.0080140 t=15268s iv_checked=2.526e+08 iv_rejected=0
  it=23920 processed=2.549e+08 stack_boxes=1.203e+05 min centre F=0.0080140 t=15286s iv_checked=2.530e+08 iv_rejected=0
  it=23960 processed=2.554e+08 stack_boxes=1.335e+05 min centre F=0.0080140 t=15307s iv_checked=2.535e+08 iv_rejected=0
  it=24000 processed=2.558e+08 stack_boxes=1.240e+05 min centre F=0.0080140 t=15325s iv_checked=2.539e+08 iv_rejected=0
  it=24040 processed=2.563e+08 stack_boxes=1.177e+05 min centre F=0.0080140 t=15350s iv_checked=2.544e+08 iv_rejected=0
