bnb_interval: alpha=poly8A K=8 mu=1/1700 c_claim=0.00796 backend=auto prec=64 engine=numpy mode=hybrid workers=1 lb3=True sym=True axis=grad
objective: sha256=9b09b50eb8f0b5dfd0d95055a994f206cbf3700c3c02098b51e7af2d3e5536f7 (K=8 alpha=poly8A mu=1/1700 claim=199/25000 weights=w_poly8A_K8_mu1700.json sha256=257b340d9da4f343600a21589f16d8915f3e082499d475e153c5453980671e78 window=win_poly8A.json sha256=c4005f57a7920f78aa2df33b093c9c5030efac2b8e39fc6cf7371b0c0f32dc14 sym=True lb3=True engine=numpy pure=False backend=auto prec=64)
  resumed from runs/R1003/r3_1.ckpt: processed=0.000e+00 stack_boxes=2.109e+05
  resumed checkpoint sha256=5f7621e72c64cb66339ea2d2db70342055804a5708796abaca0222fcdcd0e6af
  it=40 processed=1.046e+05 stack_boxes=2.155e+05 min centre F=0.0080140 t=5s iv_checked=1.039e+05 iv_rejected=0
  it=80 processed=6.494e+05 stack_boxes=2.014e+05 min centre F=0.0080140 t=30s iv_checked=6.459e+05 iv_rejected=0
  it=120 processed=1.196e+06 stack_boxes=2.048e+05 min centre F=0.0080140 t=54s iv_checked=1.189e+06 iv_rejected=0
  it=160 processed=1.534e+06 stack_boxes=2.079e+05 min centre F=0.0080140 t=68s iv_checked=1.526e+06 iv_rejected=0
  it=200 processed=2.056e+06 stack_boxes=1.974e+05 min centre F=0.0080140 t=92s iv_checked=2.046e+06 iv_rejected=0
  it=240 processed=2.601e+06 stack_boxes=2.443e+05 min centre F=0.0080140 t=119s iv_checked=2.588e+06 iv_rejected=0
  it=280 processed=2.983e+06 stack_boxes=1.974e+05 min centre F=0.0080140 t=135s iv_checked=2.969e+06 iv_rejected=0
  it=320 processed=3.553e+06 stack_boxes=2.170e+05 min centre F=0.0080140 t=160s iv_checked=3.538e+06 iv_rejected=0
  it=360 processed=3.839e+06 stack_boxes=2.031e+05 min centre F=0.0080140 t=171s iv_checked=3.824e+06 iv_rejected=0
  it=400 processed=3.960e+06 stack_boxes=1.963e+05 min centre F=0.0080140 t=176s iv_checked=3.945e+06 iv_rejected=0
  it=440 processed=4.176e+06 stack_boxes=1.957e+05 min centre F=0.0080140 t=186s iv_checked=4.158e+06 iv_rejected=0
  it=480 processed=4.197e+06 stack_boxes=1.949e+05 min centre F=0.0080140 t=187s iv_checked=4.179e+06 iv_rejected=0
  it=520 processed=4.282e+06 stack_boxes=1.969e+05 min centre F=0.0080140 t=189s iv_checked=4.263e+06 iv_rejected=0
  it=560 processed=4.338e+06 stack_boxes=1.956e+05 min centre F=0.0080140 t=191s iv_checked=4.318e+06 iv_rejected=0
  it=600 processed=4.410e+06 stack_boxes=1.936e+05 min centre F=0.0080140 t=194s iv_checked=4.390e+06 iv_rejected=0
  it=640 processed=4.423e+06 stack_boxes=1.932e+05 min centre F=0.0080140 t=194s iv_checked=4.403e+06 iv_rejected=0
  it=680 processed=4.525e+06 stack_boxes=2.000e+05 min centre F=0.0080140 t=199s iv_checked=4.504e+06 iv_rejected=0
  it=720 processed=4.621e+06 stack_boxes=1.936e+05 min centre F=0.0080140 t=203s iv_checked=4.598e+06 iv_rejected=0
  it=760 processed=4.687e+06 stack_boxes=1.920e+05 min centre F=0.0080140 t=206s iv_checked=4.663e+06 iv_rejected=0
  it=800 processed=4.852e+06 stack_boxes=1.922e+05 min centre F=0.0080140 t=212s iv_checked=4.827e+06 iv_rejected=0
  it=840 processed=4.910e+06 stack_boxes=1.925e+05 min centre F=0.0080140 t=215s iv_checked=4.884e+06 iv_rejected=0
  it=880 processed=4.982e+06 stack_boxes=1.898e+05 min centre F=0.0080140 t=218s iv_checked=4.955e+06 iv_rejected=0
  it=920 processed=5.090e+06 stack_boxes=1.880e+05 min centre F=0.0080140 t=222s iv_checked=5.062e+06 iv_rejected=0
  it=960 processed=5.144e+06 stack_boxes=1.839e+05 min centre F=0.0080140 t=224s iv_checked=5.116e+06 iv_rejected=0
  it=1000 processed=5.170e+06 stack_boxes=1.830e+05 min centre F=0.0080140 t=225s iv_checked=5.142e+06 iv_rejected=0
  it=1040 processed=5.355e+06 stack_boxes=1.851e+05 min centre F=0.0080140 t=234s iv_checked=5.326e+06 iv_rejected=0
  it=1080 processed=5.655e+06 stack_boxes=2.037e+05 min centre F=0.0080140 t=247s iv_checked=5.624e+06 iv_rejected=0
  it=1120 processed=5.939e+06 stack_boxes=2.029e+05 min centre F=0.0080140 t=259s iv_checked=5.907e+06 iv_rejected=0
  it=1160 processed=6.173e+06 stack_boxes=1.845e+05 min centre F=0.0080140 t=269s iv_checked=6.138e+06 iv_rejected=0
  it=1200 processed=6.585e+06 stack_boxes=1.922e+05 min centre F=0.0080140 t=288s iv_checked=6.548e+06 iv_rejected=0
  it=1240 processed=6.884e+06 stack_boxes=1.810e+05 min centre F=0.0080140 t=301s iv_checked=6.846e+06 iv_rejected=0
  it=1280 processed=7.183e+06 stack_boxes=1.850e+05 min centre F=0.0080140 t=313s iv_checked=7.141e+06 iv_rejected=0
  it=1320 processed=7.718e+06 stack_boxes=2.159e+05 min centre F=0.0080140 t=339s iv_checked=7.673e+06 iv_rejected=0
  it=1360 processed=7.980e+06 stack_boxes=1.777e+05 min centre F=0.0080140 t=351s iv_checked=7.935e+06 iv_rejected=0
  it=1400 processed=8.184e+06 stack_boxes=1.782e+05 min centre F=0.0080140 t=360s iv_checked=8.138e+06 iv_rejected=0
  it=1440 processed=8.285e+06 stack_boxes=1.769e+05 min centre F=0.0080140 t=364s iv_checked=8.238e+06 iv_rejected=0
  it=1480 processed=8.308e+06 stack_boxes=1.761e+05 min centre F=0.0080140 t=365s iv_checked=8.260e+06 iv_rejected=0
  it=1520 processed=8.377e+06 stack_boxes=1.754e+05 min centre F=0.0080140 t=368s iv_checked=8.329e+06 iv_rejected=0
  it=1560 processed=8.423e+06 stack_boxes=1.748e+05 min centre F=0.0080140 t=370s iv_checked=8.375e+06 iv_rejected=0
  it=1600 processed=8.460e+06 stack_boxes=1.754e+05 min centre F=0.0080140 t=371s iv_checked=8.412e+06 iv_rejected=0
  it=1640 processed=8.473e+06 stack_boxes=1.748e+05 min centre F=0.0080140 t=372s iv_checked=8.425e+06 iv_rejected=0
  it=1680 processed=8.612e+06 stack_boxes=1.745e+05 min centre F=0.0080140 t=377s iv_checked=8.561e+06 iv_rejected=0
  it=1720 processed=8.750e+06 stack_boxes=1.748e+05 min centre F=0.0080140 t=382s iv_checked=8.699e+06 iv_rejected=0
  it=1760 processed=8.824e+06 stack_boxes=1.759e+05 min centre F=0.0080140 t=385s iv_checked=8.772e+06 iv_rejected=0
  it=1800 processed=8.874e+06 stack_boxes=1.729e+05 min centre F=0.0080140 t=387s iv_checked=8.821e+06 iv_rejected=0
  it=1840 processed=8.947e+06 stack_boxes=1.713e+05 min centre F=0.0080140 t=390s iv_checked=8.895e+06 iv_rejected=0
  it=1880 processed=8.979e+06 stack_boxes=1.709e+05 min centre F=0.0080140 t=391s iv_checked=8.926e+06 iv_rejected=0
  it=1920 processed=9.046e+06 stack_boxes=1.683e+05 min centre F=0.0080140 t=394s iv_checked=8.992e+06 iv_rejected=0
  it=1960 processed=9.257e+06 stack_boxes=1.681e+05 min centre F=0.0080140 t=404s iv_checked=9.203e+06 iv_rejected=0
  it=2000 processed=9.347e+06 stack_boxes=1.674e+05 min centre F=0.0080140 t=408s iv_checked=9.292e+06 iv_rejected=0
  it=2040 processed=9.544e+06 stack_boxes=1.668e+05 min centre F=0.0080140 t=417s iv_checked=9.488e+06 iv_rejected=0
  it=2080 processed=9.907e+06 stack_boxes=1.658e+05 min centre F=0.0080140 t=432s iv_checked=9.849e+06 iv_rejected=0
  it=2120 processed=1.027e+07 stack_boxes=1.704e+05 min centre F=0.0080140 t=449s iv_checked=1.021e+07 iv_rejected=0
  it=2160 processed=1.061e+07 stack_boxes=1.788e+05 min centre F=0.0080140 t=464s iv_checked=1.055e+07 iv_rejected=0
  it=2200 processed=1.097e+07 stack_boxes=1.643e+05 min centre F=0.0080140 t=480s iv_checked=1.091e+07 iv_rejected=0
  it=2240 processed=1.142e+07 stack_boxes=1.634e+05 min centre F=0.0080140 t=502s iv_checked=1.135e+07 iv_rejected=0
  it=2280 processed=1.187e+07 stack_boxes=1.626e+05 min centre F=0.0080140 t=523s iv_checked=1.181e+07 iv_rejected=0
  it=2320 processed=1.210e+07 stack_boxes=1.648e+05 min centre F=0.0080140 t=533s iv_checked=1.203e+07 iv_rejected=0
  it=2360 processed=1.268e+07 stack_boxes=1.841e+05 min centre F=0.0080140 t=561s iv_checked=1.262e+07 iv_rejected=0
  it=2400 processed=1.307e+07 stack_boxes=2.540e+05 min centre F=0.0080140 t=579s iv_checked=1.300e+07 iv_rejected=0
  it=2440 processed=1.349e+07 stack_boxes=1.618e+05 min centre F=0.0080140 t=599s iv_checked=1.342e+07 iv_rejected=0
  it=2480 processed=1.376e+07 stack_boxes=1.613e+05 min centre F=0.0080140 t=612s iv_checked=1.369e+07 iv_rejected=0
  it=2520 processed=1.378e+07 stack_boxes=1.611e+05 min centre F=0.0080140 t=612s iv_checked=1.371e+07 iv_rejected=0
  it=2560 processed=1.384e+07 stack_boxes=1.630e+05 min centre F=0.0080140 t=615s iv_checked=1.376e+07 iv_rejected=0
  it=2600 processed=1.390e+07 stack_boxes=1.602e+05 min centre F=0.0080140 t=618s iv_checked=1.383e+07 iv_rejected=0
  it=2640 processed=1.394e+07 stack_boxes=1.592e+05 min centre F=0.0080140 t=620s iv_checked=1.387e+07 iv_rejected=0
  it=2680 processed=1.395e+07 stack_boxes=1.586e+05 min centre F=0.0080140 t=620s iv_checked=1.388e+07 iv_rejected=0
  it=2720 processed=1.406e+07 stack_boxes=1.627e+05 min centre F=0.0080140 t=625s iv_checked=1.399e+07 iv_rejected=0
  it=2760 processed=1.424e+07 stack_boxes=1.598e+05 min centre F=0.0080140 t=633s iv_checked=1.417e+07 iv_rejected=0
  it=2800 processed=1.433e+07 stack_boxes=1.576e+05 min centre F=0.0080140 t=637s iv_checked=1.425e+07 iv_rejected=0
  it=2840 processed=1.440e+07 stack_boxes=1.563e+05 min centre F=0.0080140 t=638s iv_checked=1.432e+07 iv_rejected=0
  it=2880 processed=1.451e+07 stack_boxes=1.765e+05 min centre F=0.0080140 t=644s iv_checked=1.443e+07 iv_rejected=0
  it=2920 processed=1.470e+07 stack_boxes=1.553e+05 min centre F=0.0080121 t=652s iv_checked=1.462e+07 iv_rejected=0
  it=2960 processed=1.489e+07 stack_boxes=1.535e+05 min centre F=0.0080121 t=661s iv_checked=1.481e+07 iv_rejected=0
  it=3000 processed=1.526e+07 stack_boxes=1.652e+05 min centre F=0.0080121 t=677s iv_checked=1.517e+07 iv_rejected=0
  it=3040 processed=1.549e+07 stack_boxes=1.552e+05 min centre F=0.0080121 t=687s iv_checked=1.540e+07 iv_rejected=0
  it=3080 processed=1.606e+07 stack_boxes=1.774e+05 min centre F=0.0080121 t=715s iv_checked=1.597e+07 iv_rejected=0
  it=3120 processed=1.628e+07 stack_boxes=1.653e+05 min centre F=0.0080121 t=725s iv_checked=1.619e+07 iv_rejected=0
  it=3160 processed=1.683e+07 stack_boxes=1.963e+05 min centre F=0.0080121 t=751s iv_checked=1.674e+07 iv_rejected=0
  it=3200 processed=1.723e+07 stack_boxes=1.511e+05 min centre F=0.0080121 t=769s iv_checked=1.713e+07 iv_rejected=0
  it=3240 processed=1.760e+07 stack_boxes=1.511e+05 min centre F=0.0080121 t=786s iv_checked=1.750e+07 iv_rejected=0
  it=3280 processed=1.817e+07 stack_boxes=1.872e+05 min centre F=0.0080121 t=814s iv_checked=1.807e+07 iv_rejected=0
  it=3320 processed=1.845e+07 stack_boxes=1.504e+05 min centre F=0.0080121 t=827s iv_checked=1.835e+07 iv_rejected=0
  it=3360 processed=1.865e+07 stack_boxes=1.497e+05 min centre F=0.0080121 t=837s iv_checked=1.855e+07 iv_rejected=0
  it=3400 processed=1.867e+07 stack_boxes=1.489e+05 min centre F=0.0080121 t=837s iv_checked=1.857e+07 iv_rejected=0
  it=3440 processed=1.872e+07 stack_boxes=1.525e+05 min centre F=0.0080121 t=840s iv_checked=1.862e+07 iv_rejected=0
  it=3480 processed=1.881e+07 stack_boxes=1.492e+05 min centre F=0.0080121 t=843s iv_checked=1.870e+07 iv_rejected=0
  it=3520 processed=1.883e+07 stack_boxes=1.475e+05 min centre F=0.0080121 t=845s iv_checked=1.873e+07 iv_rejected=0
  it=3560 processed=1.886e+07 stack_boxes=1.475e+05 min centre F=0.0080121 t=846s iv_checked=1.875e+07 iv_rejected=0
  it=3600 processed=1.893e+07 stack_boxes=1.506e+05 min centre F=0.0080121 t=849s iv_checked=1.883e+07 iv_rejected=0
  it=3640 processed=1.906e+07 stack_boxes=1.480e+05 min centre F=0.0080121 t=854s iv_checked=1.895e+07 iv_rejected=0
  it=3680 processed=1.916e+07 stack_boxes=1.470e+05 min centre F=0.0080121 t=858s iv_checked=1.905e+07 iv_rejected=0
  it=3720 processed=1.924e+07 stack_boxes=1.450e+05 min centre F=0.0080121 t=861s iv_checked=1.913e+07 iv_rejected=0
  it=3760 processed=1.929e+07 stack_boxes=1.442e+05 min centre F=0.0080121 t=863s iv_checked=1.917e+07 iv_rejected=0
  it=3800 processed=1.936e+07 stack_boxes=1.439e+05 min centre F=0.0080121 t=866s iv_checked=1.925e+07 iv_rejected=0
  it=3840 processed=1.947e+07 stack_boxes=1.381e+05 min centre F=0.0080121 t=871s iv_checked=1.936e+07 iv_rejected=0
  it=3880 processed=1.962e+07 stack_boxes=1.376e+05 min centre F=0.0080121 t=878s iv_checked=1.950e+07 iv_rejected=0
  it=3920 processed=1.965e+07 stack_boxes=1.378e+05 min centre F=0.0080121 t=879s iv_checked=1.954e+07 iv_rejected=0
  it=3960 processed=1.972e+07 stack_boxes=1.444e+05 min centre F=0.0080121 t=882s iv_checked=1.960e+07 iv_rejected=0
  it=4000 processed=2.003e+07 stack_boxes=1.387e+05 min centre F=0.0080121 t=896s iv_checked=1.992e+07 iv_rejected=0
  it=4040 processed=2.042e+07 stack_boxes=1.359e+05 min centre F=0.0080121 t=914s iv_checked=2.030e+07 iv_rejected=0
  it=4080 processed=2.080e+07 stack_boxes=1.340e+05 min centre F=0.0080121 t=931s iv_checked=2.067e+07 iv_rejected=0
  it=4120 processed=2.100e+07 stack_boxes=1.477e+05 min centre F=0.0080121 t=939s iv_checked=2.088e+07 iv_rejected=0
  it=4160 processed=2.131e+07 stack_boxes=1.330e+05 min centre F=0.0080121 t=952s iv_checked=2.118e+07 iv_rejected=0
  it=4200 processed=2.150e+07 stack_boxes=1.595e+05 min centre F=0.0080121 t=961s iv_checked=2.137e+07 iv_rejected=0
  it=4240 processed=2.199e+07 stack_boxes=1.398e+05 min centre F=0.0080121 t=984s iv_checked=2.185e+07 iv_rejected=0
  it=4280 processed=2.239e+07 stack_boxes=2.304e+05 min centre F=0.0080121 t=1004s iv_checked=2.225e+07 iv_rejected=0
  it=4320 processed=2.283e+07 stack_boxes=1.437e+05 min centre F=0.0080121 t=1024s iv_checked=2.269e+07 iv_rejected=0
  it=4360 processed=2.304e+07 stack_boxes=1.318e+05 min centre F=0.0080121 t=1033s iv_checked=2.290e+07 iv_rejected=0
  it=4400 processed=2.362e+07 stack_boxes=1.721e+05 min centre F=0.0080121 t=1060s iv_checked=2.347e+07 iv_rejected=0
  it=4440 processed=2.392e+07 stack_boxes=1.310e+05 min centre F=0.0080121 t=1074s iv_checked=2.377e+07 iv_rejected=0
  it=4480 processed=2.395e+07 stack_boxes=1.301e+05 min centre F=0.0080121 t=1076s iv_checked=2.380e+07 iv_rejected=0
  it=4520 processed=2.405e+07 stack_boxes=1.334e+05 min centre F=0.0080121 t=1080s iv_checked=2.391e+07 iv_rejected=0
  it=4560 processed=2.411e+07 stack_boxes=1.302e+05 min centre F=0.0080121 t=1082s iv_checked=2.396e+07 iv_rejected=0
  it=4600 processed=2.414e+07 stack_boxes=1.299e+05 min centre F=0.0080121 t=1083s iv_checked=2.399e+07 iv_rejected=0
  it=4640 processed=2.418e+07 stack_boxes=1.283e+05 min centre F=0.0080121 t=1085s iv_checked=2.403e+07 iv_rejected=0
  it=4680 processed=2.427e+07 stack_boxes=1.343e+05 min centre F=0.0080121 t=1089s iv_checked=2.413e+07 iv_rejected=0
  it=4720 processed=2.445e+07 stack_boxes=1.311e+05 min centre F=0.0080121 t=1095s iv_checked=2.429e+07 iv_rejected=0
  it=4760 processed=2.454e+07 stack_boxes=1.284e+05 min centre F=0.0080121 t=1098s iv_checked=2.438e+07 iv_rejected=0
  it=4800 processed=2.468e+07 stack_boxes=1.262e+05 min centre F=0.0080121 t=1105s iv_checked=2.452e+07 iv_rejected=0
  it=4840 processed=2.470e+07 stack_boxes=1.253e+05 min centre F=0.0080121 t=1106s iv_checked=2.455e+07 iv_rejected=0
  it=4880 processed=2.472e+07 stack_boxes=1.253e+05 min centre F=0.0080121 t=1106s iv_checked=2.457e+07 iv_rejected=0
  it=4920 processed=2.477e+07 stack_boxes=1.242e+05 min centre F=0.0080121 t=1108s iv_checked=2.461e+07 iv_rejected=0
  it=4960 processed=2.483e+07 stack_boxes=1.220e+05 min centre F=0.0080121 t=1110s iv_checked=2.468e+07 iv_rejected=0
  it=5000 processed=2.487e+07 stack_boxes=1.213e+05 min centre F=0.0080121 t=1112s iv_checked=2.472e+07 iv_rejected=0
  it=5040 processed=2.504e+07 stack_boxes=1.215e+05 min centre F=0.0080121 t=1118s iv_checked=2.489e+07 iv_rejected=0
  it=5080 processed=2.543e+07 stack_boxes=1.442e+05 min centre F=0.0080121 t=1135s iv_checked=2.527e+07 iv_rejected=0
  it=5120 processed=2.581e+07 stack_boxes=1.279e+05 min centre F=0.0080121 t=1151s iv_checked=2.565e+07 iv_rejected=0
  it=5160 processed=2.611e+07 stack_boxes=1.197e+05 min centre F=0.0080121 t=1163s iv_checked=2.595e+07 iv_rejected=0
  it=5200 processed=2.653e+07 stack_boxes=1.189e+05 min centre F=0.0080121 t=1183s iv_checked=2.637e+07 iv_rejected=0
  it=5240 processed=2.668e+07 stack_boxes=1.202e+05 min centre F=0.0080121 t=1190s iv_checked=2.651e+07 iv_rejected=0
