bnb_interval: alpha=poly8A K=8 mu=1/1700 c_claim=0.00796 backend=auto prec=64 engine=numpy mode=hybrid workers=1 lb3=True sym=True axis=grad
objective: sha256=9b09b50eb8f0b5dfd0d95055a994f206cbf3700c3c02098b51e7af2d3e5536f7 (K=8 alpha=poly8A mu=1/1700 claim=199/25000 weights=w_poly8A_K8_mu1700.json sha256=257b340d9da4f343600a21589f16d8915f3e082499d475e153c5453980671e78 window=win_poly8A.json sha256=c4005f57a7920f78aa2df33b093c9c5030efac2b8e39fc6cf7371b0c0f32dc14 sym=True lb3=True engine=numpy pure=False backend=auto prec=64)
  resumed from runs/R1003/r3_2.ckpt: processed=0.000e+00 stack_boxes=2.109e+05
  resumed checkpoint sha256=5bd12e1c5b194586487eca8647ef536d42bc6921bcce886e761c27ecf3a5fca8
  it=40 processed=1.179e+05 stack_boxes=2.206e+05 min centre F=0.0080140 t=5s iv_checked=1.171e+05 iv_rejected=0
  it=80 processed=5.462e+05 stack_boxes=2.001e+05 min centre F=0.0080140 t=25s iv_checked=5.428e+05 iv_rejected=0
  it=120 processed=9.820e+05 stack_boxes=2.057e+05 min centre F=0.0080140 t=43s iv_checked=9.775e+05 iv_rejected=0
  it=160 processed=1.366e+06 stack_boxes=2.079e+05 min centre F=0.0080140 t=59s iv_checked=1.361e+06 iv_rejected=0
  it=200 processed=2.084e+06 stack_boxes=2.027e+05 min centre F=0.0080140 t=94s iv_checked=2.078e+06 iv_rejected=0
  it=240 processed=2.426e+06 stack_boxes=2.023e+05 min centre F=0.0080140 t=109s iv_checked=2.417e+06 iv_rejected=0
  it=280 processed=2.975e+06 stack_boxes=2.146e+05 min centre F=0.0080140 t=135s iv_checked=2.962e+06 iv_rejected=0
  it=320 processed=3.095e+06 stack_boxes=1.973e+05 min centre F=0.0080140 t=140s iv_checked=3.081e+06 iv_rejected=0
  it=360 processed=3.541e+06 stack_boxes=2.162e+05 min centre F=0.0080140 t=163s iv_checked=3.524e+06 iv_rejected=0
  it=400 processed=3.772e+06 stack_boxes=2.317e+05 min centre F=0.0080140 t=172s iv_checked=3.754e+06 iv_rejected=0
  it=440 processed=4.019e+06 stack_boxes=1.962e+05 min centre F=0.0080140 t=182s iv_checked=3.999e+06 iv_rejected=0
  it=480 processed=4.030e+06 stack_boxes=1.952e+05 min centre F=0.0080140 t=183s iv_checked=4.010e+06 iv_rejected=0
  it=520 processed=4.057e+06 stack_boxes=1.997e+05 min centre F=0.0080140 t=184s iv_checked=4.036e+06 iv_rejected=0
  it=560 processed=4.118e+06 stack_boxes=1.960e+05 min centre F=0.0080140 t=186s iv_checked=4.097e+06 iv_rejected=0
  it=600 processed=4.165e+06 stack_boxes=1.943e+05 min centre F=0.0080140 t=188s iv_checked=4.143e+06 iv_rejected=0
  it=640 processed=4.219e+06 stack_boxes=1.931e+05 min centre F=0.0080140 t=190s iv_checked=4.197e+06 iv_rejected=0
  it=680 processed=4.234e+06 stack_boxes=1.931e+05 min centre F=0.0080140 t=190s iv_checked=4.212e+06 iv_rejected=0
  it=720 processed=4.426e+06 stack_boxes=1.925e+05 min centre F=0.0080140 t=199s iv_checked=4.402e+06 iv_rejected=0
  it=760 processed=4.529e+06 stack_boxes=1.919e+05 min centre F=0.0080140 t=203s iv_checked=4.504e+06 iv_rejected=0
  it=800 processed=4.620e+06 stack_boxes=1.910e+05 min centre F=0.0080140 t=207s iv_checked=4.595e+06 iv_rejected=0
  it=840 processed=4.702e+06 stack_boxes=1.958e+05 min centre F=0.0080140 t=210s iv_checked=4.676e+06 iv_rejected=0
  it=880 processed=4.778e+06 stack_boxes=1.910e+05 min centre F=0.0080140 t=212s iv_checked=4.752e+06 iv_rejected=0
  it=920 processed=4.869e+06 stack_boxes=1.878e+05 min centre F=0.0080140 t=216s iv_checked=4.841e+06 iv_rejected=0
  it=960 processed=4.915e+06 stack_boxes=1.866e+05 min centre F=0.0080140 t=217s iv_checked=4.887e+06 iv_rejected=0
  it=1000 processed=5.010e+06 stack_boxes=1.851e+05 min centre F=0.0080140 t=222s iv_checked=4.982e+06 iv_rejected=0
  it=1040 processed=5.068e+06 stack_boxes=1.852e+05 min centre F=0.0080140 t=224s iv_checked=5.040e+06 iv_rejected=0
  it=1080 processed=5.417e+06 stack_boxes=1.994e+05 min centre F=0.0080140 t=239s iv_checked=5.387e+06 iv_rejected=0
  it=1120 processed=5.741e+06 stack_boxes=2.144e+05 min centre F=0.0080140 t=253s iv_checked=5.708e+06 iv_rejected=0
  it=1160 processed=6.187e+06 stack_boxes=1.805e+05 min centre F=0.0080140 t=273s iv_checked=6.151e+06 iv_rejected=0
  it=1200 processed=6.581e+06 stack_boxes=1.802e+05 min centre F=0.0080140 t=291s iv_checked=6.543e+06 iv_rejected=0
  it=1240 processed=6.966e+06 stack_boxes=1.861e+05 min centre F=0.0080140 t=310s iv_checked=6.926e+06 iv_rejected=0
  it=1280 processed=7.251e+06 stack_boxes=1.783e+05 min centre F=0.0080140 t=322s iv_checked=7.211e+06 iv_rejected=0
  it=1320 processed=7.636e+06 stack_boxes=1.780e+05 min centre F=0.0080140 t=341s iv_checked=7.595e+06 iv_rejected=0
  it=1360 processed=7.723e+06 stack_boxes=1.789e+05 min centre F=0.0080140 t=344s iv_checked=7.681e+06 iv_rejected=0
  it=1400 processed=7.897e+06 stack_boxes=1.838e+05 min centre F=0.0080140 t=352s iv_checked=7.853e+06 iv_rejected=0
  it=1440 processed=7.964e+06 stack_boxes=1.768e+05 min centre F=0.0080140 t=355s iv_checked=7.919e+06 iv_rejected=0
  it=1480 processed=8.003e+06 stack_boxes=1.792e+05 min centre F=0.0080140 t=356s iv_checked=7.958e+06 iv_rejected=0
  it=1520 processed=8.091e+06 stack_boxes=1.785e+05 min centre F=0.0080140 t=360s iv_checked=8.046e+06 iv_rejected=0
  it=1560 processed=8.120e+06 stack_boxes=1.759e+05 min centre F=0.0080140 t=362s iv_checked=8.075e+06 iv_rejected=0
  it=1600 processed=8.200e+06 stack_boxes=1.744e+05 min centre F=0.0080140 t=364s iv_checked=8.154e+06 iv_rejected=0
  it=1640 processed=8.287e+06 stack_boxes=1.781e+05 min centre F=0.0080140 t=368s iv_checked=8.240e+06 iv_rejected=0
  it=1680 processed=8.420e+06 stack_boxes=1.766e+05 min centre F=0.0080140 t=372s iv_checked=8.372e+06 iv_rejected=0
  it=1720 processed=8.498e+06 stack_boxes=1.748e+05 min centre F=0.0080140 t=375s iv_checked=8.450e+06 iv_rejected=0
  it=1760 processed=8.550e+06 stack_boxes=1.757e+05 min centre F=0.0080140 t=377s iv_checked=8.500e+06 iv_rejected=0
  it=1800 processed=8.648e+06 stack_boxes=1.721e+05 min centre F=0.0080140 t=382s iv_checked=8.596e+06 iv_rejected=0
  it=1840 processed=8.770e+06 stack_boxes=1.738e+05 min centre F=0.0080140 t=386s iv_checked=8.717e+06 iv_rejected=0
  it=1880 processed=8.793e+06 stack_boxes=1.725e+05 min centre F=0.0080140 t=387s iv_checked=8.740e+06 iv_rejected=0
  it=1920 processed=8.847e+06 stack_boxes=1.682e+05 min centre F=0.0080140 t=390s iv_checked=8.794e+06 iv_rejected=0
  it=1960 processed=8.915e+06 stack_boxes=1.685e+05 min centre F=0.0080140 t=392s iv_checked=8.857e+06 iv_rejected=0
  it=2000 processed=8.943e+06 stack_boxes=1.680e+05 min centre F=0.0080140 t=394s iv_checked=8.884e+06 iv_rejected=0
  it=2040 processed=9.174e+06 stack_boxes=1.686e+05 min centre F=0.0080140 t=403s iv_checked=9.115e+06 iv_rejected=0
  it=2080 processed=9.556e+06 stack_boxes=1.653e+05 min centre F=0.0080140 t=420s iv_checked=9.494e+06 iv_rejected=0
  it=2120 processed=9.892e+06 stack_boxes=1.666e+05 min centre F=0.0080140 t=434s iv_checked=9.828e+06 iv_rejected=0
  it=2160 processed=1.024e+07 stack_boxes=1.989e+05 min centre F=0.0080140 t=450s iv_checked=1.018e+07 iv_rejected=0
  it=2200 processed=1.055e+07 stack_boxes=1.669e+05 min centre F=0.0080140 t=463s iv_checked=1.048e+07 iv_rejected=0
  it=2240 processed=1.111e+07 stack_boxes=1.761e+05 min centre F=0.0080140 t=489s iv_checked=1.103e+07 iv_rejected=0
  it=2280 processed=1.160e+07 stack_boxes=1.963e+05 min centre F=0.0080140 t=511s iv_checked=1.153e+07 iv_rejected=0
  it=2320 processed=1.182e+07 stack_boxes=1.682e+05 min centre F=0.0080140 t=521s iv_checked=1.175e+07 iv_rejected=0
  it=2360 processed=1.233e+07 stack_boxes=1.712e+05 min centre F=0.0080140 t=545s iv_checked=1.225e+07 iv_rejected=0
  it=2400 processed=1.286e+07 stack_boxes=2.004e+05 min centre F=0.0080140 t=570s iv_checked=1.277e+07 iv_rejected=0
  it=2440 processed=1.311e+07 stack_boxes=1.625e+05 min centre F=0.0080140 t=581s iv_checked=1.302e+07 iv_rejected=0
  it=2480 processed=1.320e+07 stack_boxes=1.613e+05 min centre F=0.0080140 t=585s iv_checked=1.311e+07 iv_rejected=0
  it=2520 processed=1.322e+07 stack_boxes=1.604e+05 min centre F=0.0080140 t=586s iv_checked=1.314e+07 iv_rejected=0
  it=2560 processed=1.329e+07 stack_boxes=1.662e+05 min centre F=0.0080140 t=589s iv_checked=1.321e+07 iv_rejected=0
  it=2600 processed=1.338e+07 stack_boxes=1.612e+05 min centre F=0.0080140 t=592s iv_checked=1.329e+07 iv_rejected=0
  it=2640 processed=1.342e+07 stack_boxes=1.592e+05 min centre F=0.0080140 t=594s iv_checked=1.333e+07 iv_rejected=0
  it=2680 processed=1.344e+07 stack_boxes=1.589e+05 min centre F=0.0080140 t=595s iv_checked=1.335e+07 iv_rejected=0
  it=2720 processed=1.354e+07 stack_boxes=1.620e+05 min centre F=0.0080140 t=599s iv_checked=1.346e+07 iv_rejected=0
  it=2760 processed=1.367e+07 stack_boxes=1.591e+05 min centre F=0.0080140 t=604s iv_checked=1.358e+07 iv_rejected=0
  it=2800 processed=1.376e+07 stack_boxes=1.577e+05 min centre F=0.0080140 t=608s iv_checked=1.366e+07 iv_rejected=0
  it=2840 processed=1.382e+07 stack_boxes=1.562e+05 min centre F=0.0080140 t=610s iv_checked=1.373e+07 iv_rejected=0
  it=2880 processed=1.385e+07 stack_boxes=1.564e+05 min centre F=0.0080140 t=611s iv_checked=1.376e+07 iv_rejected=0
  it=2920 processed=1.388e+07 stack_boxes=1.553e+05 min centre F=0.0080140 t=612s iv_checked=1.379e+07 iv_rejected=0
  it=2960 processed=1.403e+07 stack_boxes=1.540e+05 min centre F=0.0080140 t=618s iv_checked=1.393e+07 iv_rejected=0
  it=3000 processed=1.441e+07 stack_boxes=1.583e+05 min centre F=0.0080140 t=635s iv_checked=1.431e+07 iv_rejected=0
  it=3040 processed=1.471e+07 stack_boxes=1.772e+05 min centre F=0.0080140 t=648s iv_checked=1.461e+07 iv_rejected=0
  it=3080 processed=1.533e+07 stack_boxes=1.563e+05 min centre F=0.0080140 t=680s iv_checked=1.522e+07 iv_rejected=0
  it=3120 processed=1.562e+07 stack_boxes=1.515e+05 min centre F=0.0080140 t=695s iv_checked=1.552e+07 iv_rejected=0
  it=3160 processed=1.600e+07 stack_boxes=1.635e+05 min centre F=0.0080140 t=714s iv_checked=1.589e+07 iv_rejected=0
  it=3200 processed=1.641e+07 stack_boxes=1.515e+05 min centre F=0.0080140 t=734s iv_checked=1.630e+07 iv_rejected=0
  it=3240 processed=1.675e+07 stack_boxes=1.636e+05 min centre F=0.0080140 t=749s iv_checked=1.664e+07 iv_rejected=0
  it=3280 processed=1.705e+07 stack_boxes=1.504e+05 min centre F=0.0080140 t=762s iv_checked=1.693e+07 iv_rejected=0
  it=3320 processed=1.706e+07 stack_boxes=1.501e+05 min centre F=0.0080140 t=762s iv_checked=1.695e+07 iv_rejected=0
  it=3360 processed=1.711e+07 stack_boxes=1.496e+05 min centre F=0.0080140 t=764s iv_checked=1.700e+07 iv_rejected=0
  it=3400 processed=1.718e+07 stack_boxes=1.482e+05 min centre F=0.0080140 t=767s iv_checked=1.707e+07 iv_rejected=0
  it=3440 processed=1.723e+07 stack_boxes=1.474e+05 min centre F=0.0080140 t=769s iv_checked=1.712e+07 iv_rejected=0
  it=3480 processed=1.726e+07 stack_boxes=1.475e+05 min centre F=0.0080140 t=771s iv_checked=1.715e+07 iv_rejected=0
  it=3520 processed=1.735e+07 stack_boxes=1.483e+05 min centre F=0.0080140 t=774s iv_checked=1.723e+07 iv_rejected=0
  it=3560 processed=1.753e+07 stack_boxes=1.466e+05 min centre F=0.0080140 t=782s iv_checked=1.741e+07 iv_rejected=0
  it=3600 processed=1.762e+07 stack_boxes=1.456e+05 min centre F=0.0080140 t=785s iv_checked=1.750e+07 iv_rejected=0
  it=3640 processed=1.773e+07 stack_boxes=1.461e+05 min centre F=0.0080140 t=789s iv_checked=1.761e+07 iv_rejected=0
  it=3680 processed=1.778e+07 stack_boxes=1.454e+05 min centre F=0.0080140 t=791s iv_checked=1.766e+07 iv_rejected=0
  it=3720 processed=1.785e+07 stack_boxes=1.438e+05 min centre F=0.0080140 t=794s iv_checked=1.773e+07 iv_rejected=0
  it=3760 processed=1.794e+07 stack_boxes=1.388e+05 min centre F=0.0080140 t=798s iv_checked=1.782e+07 iv_rejected=0
  it=3800 processed=1.800e+07 stack_boxes=1.383e+05 min centre F=0.0080140 t=800s iv_checked=1.787e+07 iv_rejected=0
  it=3840 processed=1.801e+07 stack_boxes=1.372e+05 min centre F=0.0080140 t=801s iv_checked=1.789e+07 iv_rejected=0
  it=3880 processed=1.818e+07 stack_boxes=1.602e+05 min centre F=0.0080140 t=808s iv_checked=1.805e+07 iv_rejected=0
  it=3920 processed=1.861e+07 stack_boxes=1.612e+05 min centre F=0.0080140 t=828s iv_checked=1.848e+07 iv_rejected=0
  it=3960 processed=1.892e+07 stack_boxes=1.423e+05 min centre F=0.0080140 t=841s iv_checked=1.879e+07 iv_rejected=0
  it=4000 processed=1.932e+07 stack_boxes=1.339e+05 min centre F=0.0080140 t=860s iv_checked=1.918e+07 iv_rejected=0
  it=4040 processed=1.967e+07 stack_boxes=1.614e+05 min centre F=0.0080140 t=875s iv_checked=1.953e+07 iv_rejected=0
  it=4080 processed=2.027e+07 stack_boxes=1.705e+05 min centre F=0.0080140 t=905s iv_checked=2.014e+07 iv_rejected=0
  it=4120 processed=2.052e+07 stack_boxes=1.354e+05 min centre F=0.0080140 t=916s iv_checked=2.039e+07 iv_rejected=0
  it=4160 processed=2.090e+07 stack_boxes=1.491e+05 min centre F=0.0080140 t=934s iv_checked=2.076e+07 iv_rejected=0
  it=4200 processed=2.116e+07 stack_boxes=1.319e+05 min centre F=0.0080140 t=945s iv_checked=2.102e+07 iv_rejected=0
  it=4240 processed=2.137e+07 stack_boxes=1.333e+05 min centre F=0.0080140 t=953s iv_checked=2.122e+07 iv_rejected=0
  it=4280 processed=2.158e+07 stack_boxes=1.311e+05 min centre F=0.0080140 t=962s iv_checked=2.144e+07 iv_rejected=0
  it=4320 processed=2.161e+07 stack_boxes=1.304e+05 min centre F=0.0080140 t=963s iv_checked=2.146e+07 iv_rejected=0
  it=4360 processed=2.169e+07 stack_boxes=1.301e+05 min centre F=0.0080140 t=966s iv_checked=2.154e+07 iv_rejected=0
  it=4400 processed=2.175e+07 stack_boxes=1.289e+05 min centre F=0.0080140 t=969s iv_checked=2.160e+07 iv_rejected=0
  it=4440 processed=2.179e+07 stack_boxes=1.284e+05 min centre F=0.0080140 t=970s iv_checked=2.164e+07 iv_rejected=0
  it=4480 processed=2.181e+07 stack_boxes=1.344e+05 min centre F=0.0080140 t=971s iv_checked=2.166e+07 iv_rejected=0
  it=4520 processed=2.198e+07 stack_boxes=1.346e+05 min centre F=0.0080140 t=978s iv_checked=2.183e+07 iv_rejected=0
  it=4560 processed=2.209e+07 stack_boxes=1.287e+05 min centre F=0.0080140 t=983s iv_checked=2.194e+07 iv_rejected=0
  it=4600 processed=2.214e+07 stack_boxes=1.272e+05 min centre F=0.0080140 t=985s iv_checked=2.200e+07 iv_rejected=0
  it=4640 processed=2.221e+07 stack_boxes=1.256e+05 min centre F=0.0080140 t=988s iv_checked=2.206e+07 iv_rejected=0
  it=4680 processed=2.233e+07 stack_boxes=1.359e+05 min centre F=0.0080140 t=993s iv_checked=2.218e+07 iv_rejected=0
  it=4720 processed=2.238e+07 stack_boxes=1.240e+05 min centre F=0.0080140 t=995s iv_checked=2.223e+07 iv_rejected=0
  it=4760 processed=2.247e+07 stack_boxes=1.384e+05 min centre F=0.0080140 t=999s iv_checked=2.232e+07 iv_rejected=0
  it=4800 processed=2.265e+07 stack_boxes=1.218e+05 min centre F=0.0080140 t=1006s iv_checked=2.250e+07 iv_rejected=0
  it=4840 processed=2.271e+07 stack_boxes=1.210e+05 min centre F=0.0080140 t=1008s iv_checked=2.255e+07 iv_rejected=0
  it=4880 processed=2.309e+07 stack_boxes=1.211e+05 min centre F=0.0080140 t=1025s iv_checked=2.293e+07 iv_rejected=0
  it=4920 processed=2.356e+07 stack_boxes=1.458e+05 min centre F=0.0080140 t=1045s iv_checked=2.340e+07 iv_rejected=0
  it=4960 processed=2.388e+07 stack_boxes=1.209e+05 min centre F=0.0080140 t=1059s iv_checked=2.372e+07 iv_rejected=0
  it=5000 processed=2.426e+07 stack_boxes=1.177e+05 min centre F=0.0080140 t=1076s iv_checked=2.410e+07 iv_rejected=0
  it=5040 processed=2.456e+07 stack_boxes=1.613e+05 min centre F=0.0080140 t=1090s iv_checked=2.440e+07 iv_rejected=0
  it=5080 processed=2.496e+07 stack_boxes=1.175e+05 min centre F=0.0080140 t=1108s iv_checked=2.480e+07 iv_rejected=0
  it=5120 processed=2.533e+07 stack_boxes=1.622e+05 min centre F=0.0080140 t=1125s iv_checked=2.516e+07 iv_rejected=0
  it=5160 processed=2.570e+07 stack_boxes=1.461e+05 min centre F=0.0080140 t=1140s iv_checked=2.553e+07 iv_rejected=0
  it=5200 processed=2.613e+07 stack_boxes=1.192e+05 min centre F=0.0080140 t=1160s iv_checked=2.595e+07 iv_rejected=0
  it=5240 processed=2.654e+07 stack_boxes=1.264e+05 min centre F=0.0080140 t=1179s iv_checked=2.636e+07 iv_rejected=0
  it=5280 processed=2.660e+07 stack_boxes=1.151e+05 min centre F=0.0080140 t=1181s iv_checked=2.642e+07 iv_rejected=0
  it=5320 processed=2.661e+07 stack_boxes=1.161e+05 min centre F=0.0080140 t=1182s iv_checked=2.644e+07 iv_rejected=0
  it=5360 processed=2.671e+07 stack_boxes=1.144e+05 min centre F=0.0080140 t=1185s iv_checked=2.653e+07 iv_rejected=0
  it=5400 processed=2.678e+07 stack_boxes=1.134e+05 min centre F=0.0080140 t=1188s iv_checked=2.660e+07 iv_rejected=0
  it=5440 processed=2.683e+07 stack_boxes=1.133e+05 min centre F=0.0080140 t=1190s iv_checked=2.665e+07 iv_rejected=0
  it=5480 processed=2.684e+07 stack_boxes=1.125e+05 min centre F=0.0080140 t=1190s iv_checked=2.666e+07 iv_rejected=0
  it=5520 processed=2.697e+07 stack_boxes=1.118e+05 min centre F=0.0080140 t=1196s iv_checked=2.679e+07 iv_rejected=0
