bnb_interval: alpha=poly8A K=8 mu=1/1700 c_claim=0.00796 backend=auto prec=64 engine=numpy mode=hybrid workers=1 lb3=True sym=True axis=grad
objective: sha256=9b09b50eb8f0b5dfd0d95055a994f206cbf3700c3c02098b51e7af2d3e5536f7 (K=8 alpha=poly8A mu=1/1700 claim=199/25000 weights=w_poly8A_K8_mu1700.json sha256=257b340d9da4f343600a21589f16d8915f3e082499d475e153c5453980671e78 window=win_poly8A.json sha256=c4005f57a7920f78aa2df33b093c9c5030efac2b8e39fc6cf7371b0c0f32dc14 sym=True lb3=True engine=numpy pure=False backend=auto prec=64)
  resumed from runs/R1003/r3_3.ckpt: processed=0.000e+00 stack_boxes=2.109e+05
  resumed checkpoint sha256=cf3685ebc318a15b782f411f641d6751c4db9c08478a60b0816fc42f99311811
  it=40 processed=1.046e+05 stack_boxes=2.137e+05 min centre F=0.0080140 t=5s iv_checked=1.040e+05 iv_rejected=0
  it=80 processed=5.245e+05 stack_boxes=2.004e+05 min centre F=0.0080140 t=22s iv_checked=5.221e+05 iv_rejected=0
  it=120 processed=7.989e+05 stack_boxes=2.084e+05 min centre F=0.0080140 t=33s iv_checked=7.945e+05 iv_rejected=0
  it=160 processed=1.003e+06 stack_boxes=2.044e+05 min centre F=0.0080140 t=42s iv_checked=9.979e+05 iv_rejected=0
  it=200 processed=1.623e+06 stack_boxes=2.030e+05 min centre F=0.0080140 t=73s iv_checked=1.609e+06 iv_rejected=0
  it=240 processed=1.797e+06 stack_boxes=1.979e+05 min centre F=0.0080140 t=81s iv_checked=1.781e+06 iv_rejected=0
  it=280 processed=2.235e+06 stack_boxes=2.388e+05 min centre F=0.0080140 t=101s iv_checked=2.219e+06 iv_rejected=0
  it=320 processed=2.493e+06 stack_boxes=1.969e+05 min centre F=0.0080140 t=113s iv_checked=2.477e+06 iv_rejected=0
  it=360 processed=3.055e+06 stack_boxes=2.436e+05 min centre F=0.0080140 t=140s iv_checked=3.037e+06 iv_rejected=0
  it=400 processed=3.439e+06 stack_boxes=1.978e+05 min centre F=0.0080140 t=158s iv_checked=3.420e+06 iv_rejected=0
  it=440 processed=3.730e+06 stack_boxes=2.112e+05 min centre F=0.0080140 t=172s iv_checked=3.710e+06 iv_rejected=0
  it=480 processed=3.800e+06 stack_boxes=1.962e+05 min centre F=0.0080140 t=175s iv_checked=3.778e+06 iv_rejected=0
  it=520 processed=3.827e+06 stack_boxes=1.986e+05 min centre F=0.0080140 t=176s iv_checked=3.805e+06 iv_rejected=0
  it=560 processed=3.911e+06 stack_boxes=1.958e+05 min centre F=0.0080140 t=179s iv_checked=3.888e+06 iv_rejected=0
  it=600 processed=3.980e+06 stack_boxes=1.937e+05 min centre F=0.0080140 t=182s iv_checked=3.957e+06 iv_rejected=0
  it=640 processed=4.014e+06 stack_boxes=1.935e+05 min centre F=0.0080140 t=183s iv_checked=3.991e+06 iv_rejected=0
  it=680 processed=4.033e+06 stack_boxes=1.974e+05 min centre F=0.0080140 t=184s iv_checked=4.010e+06 iv_rejected=0
  it=720 processed=4.171e+06 stack_boxes=1.957e+05 min centre F=0.0080140 t=190s iv_checked=4.146e+06 iv_rejected=0
  it=760 processed=4.299e+06 stack_boxes=1.928e+05 min centre F=0.0080140 t=195s iv_checked=4.272e+06 iv_rejected=0
  it=800 processed=4.405e+06 stack_boxes=1.912e+05 min centre F=0.0080140 t=199s iv_checked=4.377e+06 iv_rejected=0
  it=840 processed=4.453e+06 stack_boxes=1.931e+05 min centre F=0.0080140 t=201s iv_checked=4.425e+06 iv_rejected=0
  it=880 processed=4.522e+06 stack_boxes=1.904e+05 min centre F=0.0080140 t=204s iv_checked=4.492e+06 iv_rejected=0
  it=920 processed=4.590e+06 stack_boxes=1.906e+05 min centre F=0.0080140 t=207s iv_checked=4.559e+06 iv_rejected=0
  it=960 processed=4.644e+06 stack_boxes=1.840e+05 min centre F=0.0080140 t=209s iv_checked=4.612e+06 iv_rejected=0
  it=1000 processed=4.690e+06 stack_boxes=1.836e+05 min centre F=0.0080140 t=211s iv_checked=4.658e+06 iv_rejected=0
  it=1040 processed=4.707e+06 stack_boxes=1.858e+05 min centre F=0.0080140 t=212s iv_checked=4.675e+06 iv_rejected=0
  it=1080 processed=4.927e+06 stack_boxes=2.023e+05 min centre F=0.0080140 t=221s iv_checked=4.893e+06 iv_rejected=0
  it=1120 processed=5.293e+06 stack_boxes=1.909e+05 min centre F=0.0080140 t=238s iv_checked=5.257e+06 iv_rejected=0
  it=1160 processed=5.563e+06 stack_boxes=1.809e+05 min centre F=0.0080140 t=250s iv_checked=5.526e+06 iv_rejected=0
  it=1200 processed=6.017e+06 stack_boxes=1.929e+05 min centre F=0.0080140 t=270s iv_checked=5.979e+06 iv_rejected=0
  it=1240 processed=6.376e+06 stack_boxes=1.809e+05 min centre F=0.0080140 t=288s iv_checked=6.336e+06 iv_rejected=0
  it=1280 processed=6.863e+06 stack_boxes=2.167e+05 min centre F=0.0080140 t=312s iv_checked=6.815e+06 iv_rejected=0
  it=1320 processed=7.359e+06 stack_boxes=1.830e+05 min centre F=0.0080140 t=335s iv_checked=7.306e+06 iv_rejected=0
  it=1360 processed=7.537e+06 stack_boxes=1.778e+05 min centre F=0.0080140 t=343s iv_checked=7.483e+06 iv_rejected=0
  it=1400 processed=8.043e+06 stack_boxes=2.063e+05 min centre F=0.0080140 t=367s iv_checked=7.988e+06 iv_rejected=0
  it=1440 processed=8.210e+06 stack_boxes=1.791e+05 min centre F=0.0080140 t=375s iv_checked=8.154e+06 iv_rejected=0
  it=1480 processed=8.375e+06 stack_boxes=1.768e+05 min centre F=0.0080140 t=383s iv_checked=8.319e+06 iv_rejected=0
  it=1520 processed=8.396e+06 stack_boxes=1.764e+05 min centre F=0.0080140 t=384s iv_checked=8.340e+06 iv_rejected=0
  it=1560 processed=8.466e+06 stack_boxes=1.759e+05 min centre F=0.0080140 t=386s iv_checked=8.408e+06 iv_rejected=0
  it=1600 processed=8.585e+06 stack_boxes=1.749e+05 min centre F=0.0080140 t=391s iv_checked=8.526e+06 iv_rejected=0
  it=1640 processed=8.656e+06 stack_boxes=1.764e+05 min centre F=0.0080140 t=395s iv_checked=8.596e+06 iv_rejected=0
  it=1680 processed=8.678e+06 stack_boxes=1.787e+05 min centre F=0.0080140 t=396s iv_checked=8.618e+06 iv_rejected=0
  it=1720 processed=8.883e+06 stack_boxes=1.741e+05 min centre F=0.0080140 t=404s iv_checked=8.821e+06 iv_rejected=0
  it=1760 processed=8.949e+06 stack_boxes=1.732e+05 min centre F=0.0080140 t=407s iv_checked=8.887e+06 iv_rejected=0
  it=1800 processed=9.034e+06 stack_boxes=1.725e+05 min centre F=0.0080140 t=410s iv_checked=8.972e+06 iv_rejected=0
  it=1840 processed=9.143e+06 stack_boxes=1.743e+05 min centre F=0.0080140 t=415s iv_checked=9.081e+06 iv_rejected=0
  it=1880 processed=9.244e+06 stack_boxes=1.713e+05 min centre F=0.0080140 t=419s iv_checked=9.181e+06 iv_rejected=0
  it=1920 processed=9.293e+06 stack_boxes=1.713e+05 min centre F=0.0080140 t=421s iv_checked=9.229e+06 iv_rejected=0
  it=1960 processed=9.349e+06 stack_boxes=1.681e+05 min centre F=0.0080140 t=423s iv_checked=9.285e+06 iv_rejected=0
  it=2000 processed=9.404e+06 stack_boxes=1.681e+05 min centre F=0.0080140 t=425s iv_checked=9.339e+06 iv_rejected=0
  it=2040 processed=9.446e+06 stack_boxes=1.717e+05 min centre F=0.0080140 t=427s iv_checked=9.381e+06 iv_rejected=0
  it=2080 processed=9.748e+06 stack_boxes=1.947e+05 min centre F=0.0080140 t=441s iv_checked=9.682e+06 iv_rejected=0
  it=2120 processed=1.017e+07 stack_boxes=1.835e+05 min centre F=0.0080140 t=460s iv_checked=1.010e+07 iv_rejected=0
  it=2160 processed=1.048e+07 stack_boxes=1.662e+05 min centre F=0.0080140 t=473s iv_checked=1.041e+07 iv_rejected=0
  it=2200 processed=1.111e+07 stack_boxes=1.703e+05 min centre F=0.0080140 t=503s iv_checked=1.104e+07 iv_rejected=0
  it=2240 processed=1.131e+07 stack_boxes=1.681e+05 min centre F=0.0080140 t=512s iv_checked=1.123e+07 iv_rejected=0
  it=2280 processed=1.178e+07 stack_boxes=1.637e+05 min centre F=0.0080140 t=535s iv_checked=1.171e+07 iv_rejected=0
  it=2320 processed=1.202e+07 stack_boxes=1.637e+05 min centre F=0.0080140 t=546s iv_checked=1.194e+07 iv_rejected=0
  it=2360 processed=1.250e+07 stack_boxes=1.630e+05 min centre F=0.0080140 t=569s iv_checked=1.242e+07 iv_rejected=0
  it=2400 processed=1.257e+07 stack_boxes=1.622e+05 min centre F=0.0080140 t=572s iv_checked=1.249e+07 iv_rejected=0
  it=2440 processed=1.270e+07 stack_boxes=1.611e+05 min centre F=0.0080140 t=577s iv_checked=1.262e+07 iv_rejected=0
  it=2480 processed=1.272e+07 stack_boxes=1.605e+05 min centre F=0.0080140 t=579s iv_checked=1.264e+07 iv_rejected=0
  it=2520 processed=1.278e+07 stack_boxes=1.604e+05 min centre F=0.0080140 t=581s iv_checked=1.269e+07 iv_rejected=0
  it=2560 processed=1.288e+07 stack_boxes=1.591e+05 min centre F=0.0080140 t=584s iv_checked=1.279e+07 iv_rejected=0
  it=2600 processed=1.291e+07 stack_boxes=1.600e+05 min centre F=0.0080140 t=585s iv_checked=1.282e+07 iv_rejected=0
  it=2640 processed=1.292e+07 stack_boxes=1.598e+05 min centre F=0.0080140 t=586s iv_checked=1.284e+07 iv_rejected=0
  it=2680 processed=1.306e+07 stack_boxes=1.604e+05 min centre F=0.0080140 t=592s iv_checked=1.297e+07 iv_rejected=0
  it=2720 processed=1.318e+07 stack_boxes=1.583e+05 min centre F=0.0080140 t=597s iv_checked=1.309e+07 iv_rejected=0
  it=2760 processed=1.325e+07 stack_boxes=1.568e+05 min centre F=0.0080140 t=600s iv_checked=1.316e+07 iv_rejected=0
  it=2800 processed=1.336e+07 stack_boxes=1.580e+05 min centre F=0.0080140 t=604s iv_checked=1.327e+07 iv_rejected=0
  it=2840 processed=1.341e+07 stack_boxes=1.564e+05 min centre F=0.0080140 t=607s iv_checked=1.332e+07 iv_rejected=0
  it=2880 processed=1.360e+07 stack_boxes=1.560e+05 min centre F=0.0080140 t=616s iv_checked=1.351e+07 iv_rejected=0
  it=2920 processed=1.382e+07 stack_boxes=1.537e+05 min centre F=0.0080140 t=625s iv_checked=1.373e+07 iv_rejected=0
  it=2960 processed=1.431e+07 stack_boxes=1.645e+05 min centre F=0.0080140 t=649s iv_checked=1.421e+07 iv_rejected=0
  it=3000 processed=1.453e+07 stack_boxes=1.603e+05 min centre F=0.0080140 t=659s iv_checked=1.443e+07 iv_rejected=0
  it=3040 processed=1.523e+07 stack_boxes=1.763e+05 min centre F=0.0080140 t=694s iv_checked=1.513e+07 iv_rejected=0
  it=3080 processed=1.562e+07 stack_boxes=1.726e+05 min centre F=0.0080140 t=714s iv_checked=1.552e+07 iv_rejected=0
  it=3120 processed=1.587e+07 stack_boxes=1.514e+05 min centre F=0.0080140 t=725s iv_checked=1.577e+07 iv_rejected=0
  it=3160 processed=1.619e+07 stack_boxes=1.525e+05 min centre F=0.0080140 t=739s iv_checked=1.609e+07 iv_rejected=0
  it=3200 processed=1.625e+07 stack_boxes=1.503e+05 min centre F=0.0080140 t=741s iv_checked=1.615e+07 iv_rejected=0
  it=3240 processed=1.626e+07 stack_boxes=1.492e+05 min centre F=0.0080140 t=742s iv_checked=1.616e+07 iv_rejected=0
  it=3280 processed=1.630e+07 stack_boxes=1.552e+05 min centre F=0.0080140 t=743s iv_checked=1.619e+07 iv_rejected=0
  it=3320 processed=1.638e+07 stack_boxes=1.510e+05 min centre F=0.0080140 t=746s iv_checked=1.627e+07 iv_rejected=0
  it=3360 processed=1.642e+07 stack_boxes=1.478e+05 min centre F=0.0080140 t=748s iv_checked=1.632e+07 iv_rejected=0
  it=3400 processed=1.644e+07 stack_boxes=1.472e+05 min centre F=0.0080140 t=750s iv_checked=1.634e+07 iv_rejected=0
  it=3440 processed=1.652e+07 stack_boxes=1.504e+05 min centre F=0.0080140 t=753s iv_checked=1.642e+07 iv_rejected=0
  it=3480 processed=1.668e+07 stack_boxes=1.467e+05 min centre F=0.0080140 t=760s iv_checked=1.657e+07 iv_rejected=0
  it=3520 processed=1.681e+07 stack_boxes=1.501e+05 min centre F=0.0080140 t=765s iv_checked=1.670e+07 iv_rejected=0
  it=3560 processed=1.690e+07 stack_boxes=1.472e+05 min centre F=0.0080140 t=769s iv_checked=1.679e+07 iv_rejected=0
  it=3600 processed=1.698e+07 stack_boxes=1.445e+05 min centre F=0.0080140 t=772s iv_checked=1.687e+07 iv_rejected=0
  it=3640 processed=1.708e+07 stack_boxes=1.521e+05 min centre F=0.0080140 t=777s iv_checked=1.697e+07 iv_rejected=0
  it=3680 processed=1.722e+07 stack_boxes=1.400e+05 min centre F=0.0080140 t=783s iv_checked=1.710e+07 iv_rejected=0
  it=3720 processed=1.727e+07 stack_boxes=1.394e+05 min centre F=0.0080140 t=785s iv_checked=1.716e+07 iv_rejected=0
  it=3760 processed=1.734e+07 stack_boxes=1.376e+05 min centre F=0.0080140 t=788s iv_checked=1.723e+07 iv_rejected=0
  it=3800 processed=1.739e+07 stack_boxes=1.365e+05 min centre F=0.0080140 t=791s iv_checked=1.728e+07 iv_rejected=0
  it=3840 processed=1.772e+07 stack_boxes=1.441e+05 min centre F=0.0080140 t=805s iv_checked=1.760e+07 iv_rejected=0
  it=3880 processed=1.812e+07 stack_boxes=1.650e+05 min centre F=0.0080140 t=825s iv_checked=1.800e+07 iv_rejected=0
  it=3920 processed=1.840e+07 stack_boxes=1.425e+05 min centre F=0.0080140 t=837s iv_checked=1.828e+07 iv_rejected=0
  it=3960 processed=1.895e+07 stack_boxes=1.334e+05 min centre F=0.0080140 t=864s iv_checked=1.882e+07 iv_rejected=0
  it=4000 processed=1.923e+07 stack_boxes=1.586e+05 min centre F=0.0080140 t=877s iv_checked=1.910e+07 iv_rejected=0
  it=4040 processed=1.997e+07 stack_boxes=1.448e+05 min centre F=0.0080140 t=911s iv_checked=1.984e+07 iv_rejected=0
  it=4080 processed=2.003e+07 stack_boxes=1.338e+05 min centre F=0.0080140 t=914s iv_checked=1.990e+07 iv_rejected=0
  it=4120 processed=2.055e+07 stack_boxes=1.704e+05 min centre F=0.0080140 t=938s iv_checked=2.042e+07 iv_rejected=0
  it=4160 processed=2.088e+07 stack_boxes=1.357e+05 min centre F=0.0080140 t=954s iv_checked=2.074e+07 iv_rejected=0
  it=4200 processed=2.099e+07 stack_boxes=1.314e+05 min centre F=0.0080140 t=958s iv_checked=2.085e+07 iv_rejected=0
  it=4240 processed=2.108e+07 stack_boxes=1.311e+05 min centre F=0.0080140 t=962s iv_checked=2.094e+07 iv_rejected=0
  it=4280 processed=2.110e+07 stack_boxes=1.301e+05 min centre F=0.0080140 t=963s iv_checked=2.096e+07 iv_rejected=0
  it=4320 processed=2.115e+07 stack_boxes=1.317e+05 min centre F=0.0080140 t=964s iv_checked=2.101e+07 iv_rejected=0
  it=4360 processed=2.119e+07 stack_boxes=1.316e+05 min centre F=0.0080140 t=966s iv_checked=2.105e+07 iv_rejected=0
  it=4400 processed=2.126e+07 stack_boxes=1.289e+05 min centre F=0.0080140 t=969s iv_checked=2.111e+07 iv_rejected=0
  it=4440 processed=2.129e+07 stack_boxes=1.284e+05 min centre F=0.0080140 t=970s iv_checked=2.114e+07 iv_rejected=0
  it=4480 processed=2.140e+07 stack_boxes=1.356e+05 min centre F=0.0080140 t=975s iv_checked=2.126e+07 iv_rejected=0
  it=4520 processed=2.150e+07 stack_boxes=1.316e+05 min centre F=0.0080140 t=979s iv_checked=2.136e+07 iv_rejected=0
  it=4560 processed=2.157e+07 stack_boxes=1.273e+05 min centre F=0.0080140 t=982s iv_checked=2.143e+07 iv_rejected=0
  it=4600 processed=2.171e+07 stack_boxes=1.260e+05 min centre F=0.0080140 t=988s iv_checked=2.157e+07 iv_rejected=0
  it=4640 processed=2.177e+07 stack_boxes=1.302e+05 min centre F=0.0080140 t=990s iv_checked=2.162e+07 iv_rejected=0
  it=4680 processed=2.186e+07 stack_boxes=1.251e+05 min centre F=0.0080140 t=994s iv_checked=2.172e+07 iv_rejected=0
  it=4720 processed=2.190e+07 stack_boxes=1.237e+05 min centre F=0.0080140 t=995s iv_checked=2.175e+07 iv_rejected=0
  it=4760 processed=2.196e+07 stack_boxes=1.219e+05 min centre F=0.0080140 t=997s iv_checked=2.181e+07 iv_rejected=0
  it=4800 processed=2.219e+07 stack_boxes=1.228e+05 min centre F=0.0080140 t=1008s iv_checked=2.204e+07 iv_rejected=0
  it=4840 processed=2.224e+07 stack_boxes=1.212e+05 min centre F=0.0080140 t=1010s iv_checked=2.209e+07 iv_rejected=0
  it=4880 processed=2.261e+07 stack_boxes=1.199e+05 min centre F=0.0080140 t=1026s iv_checked=2.245e+07 iv_rejected=0
  it=4920 processed=2.295e+07 stack_boxes=1.241e+05 min centre F=0.0080140 t=1041s iv_checked=2.280e+07 iv_rejected=0
  it=4960 processed=2.329e+07 stack_boxes=1.442e+05 min centre F=0.0080140 t=1056s iv_checked=2.313e+07 iv_rejected=0
  it=5000 processed=2.357e+07 stack_boxes=1.201e+05 min centre F=0.0080140 t=1068s iv_checked=2.341e+07 iv_rejected=0
  it=5040 processed=2.415e+07 stack_boxes=1.416e+05 min centre F=0.0080140 t=1096s iv_checked=2.399e+07 iv_rejected=0
  it=5080 processed=2.455e+07 stack_boxes=1.322e+05 min centre F=0.0080140 t=1115s iv_checked=2.439e+07 iv_rejected=0
  it=5120 processed=2.493e+07 stack_boxes=1.478e+05 min centre F=0.0080140 t=1135s iv_checked=2.477e+07 iv_rejected=0
  it=5160 processed=2.512e+07 stack_boxes=1.353e+05 min centre F=0.0080140 t=1144s iv_checked=2.495e+07 iv_rejected=0
  it=5200 processed=2.531e+07 stack_boxes=1.157e+05 min centre F=0.0080140 t=1152s iv_checked=2.514e+07 iv_rejected=0
  it=5240 processed=2.550e+07 stack_boxes=1.154e+05 min centre F=0.0080140 t=1161s iv_checked=2.533e+07 iv_rejected=0
  it=5280 processed=2.552e+07 stack_boxes=1.144e+05 min centre F=0.0080140 t=1163s iv_checked=2.535e+07 iv_rejected=0
  it=5320 processed=2.558e+07 stack_boxes=1.160e+05 min centre F=0.0080140 t=1165s iv_checked=2.541e+07 iv_rejected=0
  it=5360 processed=2.566e+07 stack_boxes=1.208e+05 min centre F=0.0080140 t=1168s iv_checked=2.549e+07 iv_rejected=0
  it=5400 processed=2.573e+07 stack_boxes=1.131e+05 min centre F=0.0080140 t=1171s iv_checked=2.556e+07 iv_rejected=0
  it=5440 processed=2.574e+07 stack_boxes=1.128e+05 min centre F=0.0080140 t=1171s iv_checked=2.557e+07 iv_rejected=0
  it=5480 processed=2.589e+07 stack_boxes=1.173e+05 min centre F=0.0080140 t=1178s iv_checked=2.572e+07 iv_rejected=0
  it=5520 processed=2.604e+07 stack_boxes=1.149e+05 min centre F=0.0080140 t=1183s iv_checked=2.586e+07 iv_rejected=0
  it=5560 processed=2.610e+07 stack_boxes=1.137e+05 min centre F=0.0080140 t=1186s iv_checked=2.593e+07 iv_rejected=0
  it=5600 processed=2.616e+07 stack_boxes=1.107e+05 min centre F=0.0080140 t=1188s iv_checked=2.598e+07 iv_rejected=0
  it=5640 processed=2.623e+07 stack_boxes=1.096e+05 min centre F=0.0080140 t=1191s iv_checked=2.605e+07 iv_rejected=0
  it=5680 processed=2.628e+07 stack_boxes=1.093e+05 min centre F=0.0080140 t=1192s iv_checked=2.610e+07 iv_rejected=0
