bnb_interval: alpha=poly8A K=8 mu=1/1700 c_claim=0.00796 backend=auto prec=64 engine=numpy mode=hybrid workers=1 lb3=True sym=True axis=grad
objective: sha256=9b09b50eb8f0b5dfd0d95055a994f206cbf3700c3c02098b51e7af2d3e5536f7 (K=8 alpha=poly8A mu=1/1700 claim=199/25000 weights=w_poly8A_K8_mu1700.json sha256=257b340d9da4f343600a21589f16d8915f3e082499d475e153c5453980671e78 window=win_poly8A.json sha256=c4005f57a7920f78aa2df33b093c9c5030efac2b8e39fc6cf7371b0c0f32dc14 sym=True lb3=True engine=numpy pure=False backend=auto prec=64)
  resumed from runs/R1003/r4_2.ckpt: processed=0.000e+00 stack_boxes=1.148e+05
  resumed checkpoint sha256=8eecec063da51f903696e0b5fedb7565fb65248381ee6243270ecbe84adc7b10
  it=40 processed=9.980e+04 stack_boxes=1.164e+05 min centre F=0.0080121 t=3s iv_checked=9.909e+04 iv_rejected=0
  it=80 processed=2.028e+05 stack_boxes=1.155e+05 min centre F=0.0080121 t=7s iv_checked=2.018e+05 iv_rejected=0
  it=120 processed=2.883e+05 stack_boxes=1.398e+05 min centre F=0.0080121 t=10s iv_checked=2.867e+05 iv_rejected=0
  it=160 processed=4.278e+05 stack_boxes=1.155e+05 min centre F=0.0080121 t=15s iv_checked=4.261e+05 iv_rejected=0
  it=200 processed=7.239e+05 stack_boxes=1.145e+05 min centre F=0.0080121 t=25s iv_checked=7.222e+05 iv_rejected=0
  it=240 processed=7.438e+05 stack_boxes=1.143e+05 min centre F=0.0080121 t=25s iv_checked=7.411e+05 iv_rejected=0
  it=280 processed=7.596e+05 stack_boxes=1.135e+05 min centre F=0.0080121 t=26s iv_checked=7.567e+05 iv_rejected=0
  it=320 processed=7.650e+05 stack_boxes=1.134e+05 min centre F=0.0080121 t=26s iv_checked=7.621e+05 iv_rejected=0
  it=360 processed=7.726e+05 stack_boxes=1.144e+05 min centre F=0.0080121 t=27s iv_checked=7.697e+05 iv_rejected=0
  it=400 processed=7.888e+05 stack_boxes=1.134e+05 min centre F=0.0080121 t=28s iv_checked=7.858e+05 iv_rejected=0
  it=440 processed=7.929e+05 stack_boxes=1.129e+05 min centre F=0.0080121 t=28s iv_checked=7.898e+05 iv_rejected=0
  it=480 processed=7.941e+05 stack_boxes=1.129e+05 min centre F=0.0080121 t=28s iv_checked=7.910e+05 iv_rejected=0
  it=520 processed=8.453e+05 stack_boxes=1.131e+05 min centre F=0.0080121 t=31s iv_checked=8.415e+05 iv_rejected=0
  it=560 processed=8.821e+05 stack_boxes=1.124e+05 min centre F=0.0080121 t=32s iv_checked=8.780e+05 iv_rejected=0
  it=600 processed=8.900e+05 stack_boxes=1.122e+05 min centre F=0.0080121 t=32s iv_checked=8.858e+05 iv_rejected=0
  it=640 processed=8.995e+05 stack_boxes=1.122e+05 min centre F=0.0080121 t=33s iv_checked=8.953e+05 iv_rejected=0
  it=680 processed=9.047e+05 stack_boxes=1.119e+05 min centre F=0.0080121 t=33s iv_checked=9.004e+05 iv_rejected=0
  it=720 processed=9.306e+05 stack_boxes=1.105e+05 min centre F=0.0080121 t=34s iv_checked=9.261e+05 iv_rejected=0
  it=760 processed=9.752e+05 stack_boxes=1.191e+05 min centre F=0.0080121 t=36s iv_checked=9.702e+05 iv_rejected=0
  it=800 processed=1.014e+06 stack_boxes=1.116e+05 min centre F=0.0080121 t=38s iv_checked=1.009e+06 iv_rejected=0
  it=840 processed=1.094e+06 stack_boxes=1.108e+05 min centre F=0.0080121 t=40s iv_checked=1.088e+06 iv_rejected=0
  it=880 processed=1.186e+06 stack_boxes=1.097e+05 min centre F=0.0080121 t=43s iv_checked=1.180e+06 iv_rejected=0
  it=920 processed=1.260e+06 stack_boxes=1.096e+05 min centre F=0.0080121 t=46s iv_checked=1.253e+06 iv_rejected=0
  it=960 processed=1.322e+06 stack_boxes=1.104e+05 min centre F=0.0080121 t=49s iv_checked=1.314e+06 iv_rejected=0
  it=1000 processed=1.356e+06 stack_boxes=1.101e+05 min centre F=0.0080121 t=50s iv_checked=1.347e+06 iv_rejected=0
  it=1040 processed=1.525e+06 stack_boxes=1.153e+05 min centre F=0.0080121 t=57s iv_checked=1.516e+06 iv_rejected=0
  it=1080 processed=1.598e+06 stack_boxes=1.089e+05 min centre F=0.0080121 t=60s iv_checked=1.588e+06 iv_rejected=0
  it=1120 processed=1.616e+06 stack_boxes=1.139e+05 min centre F=0.0080121 t=61s iv_checked=1.606e+06 iv_rejected=0
  it=1160 processed=1.632e+06 stack_boxes=1.089e+05 min centre F=0.0080121 t=62s iv_checked=1.622e+06 iv_rejected=0
  it=1200 processed=1.645e+06 stack_boxes=1.091e+05 min centre F=0.0080121 t=62s iv_checked=1.635e+06 iv_rejected=0
  it=1240 processed=1.663e+06 stack_boxes=1.085e+05 min centre F=0.0080121 t=63s iv_checked=1.653e+06 iv_rejected=0
  it=1280 processed=1.684e+06 stack_boxes=1.081e+05 min centre F=0.0080121 t=64s iv_checked=1.674e+06 iv_rejected=0
  it=1320 processed=1.686e+06 stack_boxes=1.083e+05 min centre F=0.0080121 t=65s iv_checked=1.676e+06 iv_rejected=0
  it=1360 processed=1.728e+06 stack_boxes=1.079e+05 min centre F=0.0080121 t=67s iv_checked=1.717e+06 iv_rejected=0
  it=1400 processed=1.785e+06 stack_boxes=1.077e+05 min centre F=0.0080121 t=69s iv_checked=1.774e+06 iv_rejected=0
  it=1440 processed=1.807e+06 stack_boxes=1.075e+05 min centre F=0.0080121 t=70s iv_checked=1.795e+06 iv_rejected=0
  it=1480 processed=1.862e+06 stack_boxes=1.129e+05 min centre F=0.0080121 t=73s iv_checked=1.850e+06 iv_rejected=0
  it=1520 processed=1.903e+06 stack_boxes=1.073e+05 min centre F=0.0080121 t=75s iv_checked=1.890e+06 iv_rejected=0
  it=1560 processed=1.916e+06 stack_boxes=1.068e+05 min centre F=0.0080121 t=75s iv_checked=1.903e+06 iv_rejected=0
  it=1600 processed=1.942e+06 stack_boxes=1.065e+05 min centre F=0.0080121 t=77s iv_checked=1.929e+06 iv_rejected=0
  it=1640 processed=1.957e+06 stack_boxes=1.074e+05 min centre F=0.0080121 t=78s iv_checked=1.944e+06 iv_rejected=0
  it=1680 processed=2.064e+06 stack_boxes=1.065e+05 min centre F=0.0080121 t=81s iv_checked=2.050e+06 iv_rejected=0
  it=1720 processed=2.252e+06 stack_boxes=1.057e+05 min centre F=0.0080121 t=88s iv_checked=2.237e+06 iv_rejected=0
  it=1760 processed=2.428e+06 stack_boxes=1.164e+05 min centre F=0.0080121 t=94s iv_checked=2.413e+06 iv_rejected=0
  it=1800 processed=2.577e+06 stack_boxes=1.062e+05 min centre F=0.0080121 t=98s iv_checked=2.561e+06 iv_rejected=0
  it=1840 processed=2.606e+06 stack_boxes=1.058e+05 min centre F=0.0080121 t=99s iv_checked=2.589e+06 iv_rejected=0
  it=1880 processed=2.686e+06 stack_boxes=1.071e+05 min centre F=0.0080121 t=102s iv_checked=2.669e+06 iv_rejected=0
  it=1920 processed=2.797e+06 stack_boxes=1.052e+05 min centre F=0.0080121 t=105s iv_checked=2.779e+06 iv_rejected=0
  it=1960 processed=3.249e+06 stack_boxes=1.284e+05 min centre F=0.0080121 t=122s iv_checked=3.232e+06 iv_rejected=0
  it=2000 processed=3.397e+06 stack_boxes=1.059e+05 min centre F=0.0080121 t=127s iv_checked=3.379e+06 iv_rejected=0
  it=2040 processed=3.405e+06 stack_boxes=1.049e+05 min centre F=0.0080121 t=127s iv_checked=3.388e+06 iv_rejected=0
  it=2080 processed=3.418e+06 stack_boxes=1.049e+05 min centre F=0.0080121 t=128s iv_checked=3.400e+06 iv_rejected=0
  it=2120 processed=3.427e+06 stack_boxes=1.049e+05 min centre F=0.0080121 t=128s iv_checked=3.410e+06 iv_rejected=0
  it=2160 processed=3.442e+06 stack_boxes=1.043e+05 min centre F=0.0080121 t=128s iv_checked=3.424e+06 iv_rejected=0
  it=2200 processed=3.457e+06 stack_boxes=1.041e+05 min centre F=0.0080121 t=129s iv_checked=3.439e+06 iv_rejected=0
  it=2240 processed=3.511e+06 stack_boxes=1.040e+05 min centre F=0.0080121 t=131s iv_checked=3.492e+06 iv_rejected=0
  it=2280 processed=3.537e+06 stack_boxes=1.041e+05 min centre F=0.0080121 t=131s iv_checked=3.519e+06 iv_rejected=0
  it=2320 processed=3.556e+06 stack_boxes=1.038e+05 min centre F=0.0080121 t=132s iv_checked=3.537e+06 iv_rejected=0
  it=2360 processed=3.581e+06 stack_boxes=1.034e+05 min centre F=0.0080121 t=133s iv_checked=3.562e+06 iv_rejected=0
  it=2400 processed=3.618e+06 stack_boxes=1.008e+05 min centre F=0.0080121 t=134s iv_checked=3.599e+06 iv_rejected=0
  it=2440 processed=3.639e+06 stack_boxes=9.930e+04 min centre F=0.0080121 t=135s iv_checked=3.619e+06 iv_rejected=0
  it=2480 processed=3.684e+06 stack_boxes=9.998e+04 min centre F=0.0080121 t=136s iv_checked=3.664e+06 iv_rejected=0
  it=2520 processed=3.835e+06 stack_boxes=9.799e+04 min centre F=0.0080121 t=141s iv_checked=3.815e+06 iv_rejected=0
  it=2560 processed=4.095e+06 stack_boxes=9.943e+04 min centre F=0.0080121 t=149s iv_checked=4.072e+06 iv_rejected=0
  it=2600 processed=4.572e+06 stack_boxes=1.173e+05 min centre F=0.0080121 t=166s iv_checked=4.548e+06 iv_rejected=0
  it=2640 processed=4.673e+06 stack_boxes=9.766e+04 min centre F=0.0080121 t=169s iv_checked=4.650e+06 iv_rejected=0
  it=2680 processed=4.807e+06 stack_boxes=9.756e+04 min centre F=0.0080121 t=173s iv_checked=4.782e+06 iv_rejected=0
  it=2720 processed=4.816e+06 stack_boxes=9.835e+04 min centre F=0.0080121 t=173s iv_checked=4.791e+06 iv_rejected=0
  it=2760 processed=4.834e+06 stack_boxes=9.750e+04 min centre F=0.0080121 t=173s iv_checked=4.809e+06 iv_rejected=0
  it=2800 processed=4.842e+06 stack_boxes=9.725e+04 min centre F=0.0080121 t=174s iv_checked=4.817e+06 iv_rejected=0
  it=2840 processed=4.851e+06 stack_boxes=9.702e+04 min centre F=0.0080121 t=174s iv_checked=4.826e+06 iv_rejected=0
  it=2880 processed=4.873e+06 stack_boxes=9.702e+04 min centre F=0.0080121 t=175s iv_checked=4.847e+06 iv_rejected=0
  it=2920 processed=4.903e+06 stack_boxes=9.674e+04 min centre F=0.0080121 t=176s iv_checked=4.878e+06 iv_rejected=0
  it=2960 processed=4.948e+06 stack_boxes=9.648e+04 min centre F=0.0080121 t=177s iv_checked=4.922e+06 iv_rejected=0
  it=3000 processed=5.054e+06 stack_boxes=9.970e+04 min centre F=0.0080121 t=180s iv_checked=5.028e+06 iv_rejected=0
  it=3040 processed=5.079e+06 stack_boxes=9.819e+04 min centre F=0.0080121 t=181s iv_checked=5.052e+06 iv_rejected=0
  it=3080 processed=5.164e+06 stack_boxes=9.605e+04 min centre F=0.0080121 t=184s iv_checked=5.137e+06 iv_rejected=0
  it=3120 processed=5.187e+06 stack_boxes=9.492e+04 min centre F=0.0080121 t=184s iv_checked=5.160e+06 iv_rejected=0
  it=3160 processed=5.206e+06 stack_boxes=9.452e+04 min centre F=0.0080121 t=185s iv_checked=5.178e+06 iv_rejected=0
  it=3200 processed=5.218e+06 stack_boxes=9.439e+04 min centre F=0.0080121 t=185s iv_checked=5.190e+06 iv_rejected=0
  it=3240 processed=5.351e+06 stack_boxes=9.400e+04 min centre F=0.0080121 t=189s iv_checked=5.322e+06 iv_rejected=0
  it=3280 processed=5.484e+06 stack_boxes=9.379e+04 min centre F=0.0080121 t=194s iv_checked=5.454e+06 iv_rejected=0
  it=3320 processed=5.622e+06 stack_boxes=9.363e+04 min centre F=0.0080121 t=198s iv_checked=5.592e+06 iv_rejected=0
  it=3360 processed=5.726e+06 stack_boxes=9.579e+04 min centre F=0.0080121 t=201s iv_checked=5.696e+06 iv_rejected=0
  it=3400 processed=5.779e+06 stack_boxes=9.427e+04 min centre F=0.0080121 t=203s iv_checked=5.748e+06 iv_rejected=0
  it=3440 processed=5.830e+06 stack_boxes=9.328e+04 min centre F=0.0080121 t=204s iv_checked=5.799e+06 iv_rejected=0
  it=3480 processed=5.878e+06 stack_boxes=9.560e+04 min centre F=0.0080121 t=206s iv_checked=5.847e+06 iv_rejected=0
  it=3520 processed=6.180e+06 stack_boxes=9.287e+04 min centre F=0.0080121 t=217s iv_checked=6.148e+06 iv_rejected=0
  it=3560 processed=6.184e+06 stack_boxes=9.269e+04 min centre F=0.0080121 t=217s iv_checked=6.152e+06 iv_rejected=0
  it=3600 processed=6.197e+06 stack_boxes=9.245e+04 min centre F=0.0080121 t=218s iv_checked=6.165e+06 iv_rejected=0
  it=3640 processed=6.240e+06 stack_boxes=9.238e+04 min centre F=0.0080121 t=219s iv_checked=6.207e+06 iv_rejected=0
  it=3680 processed=6.248e+06 stack_boxes=9.228e+04 min centre F=0.0080121 t=219s iv_checked=6.215e+06 iv_rejected=0
  it=3720 processed=6.252e+06 stack_boxes=9.226e+04 min centre F=0.0080121 t=219s iv_checked=6.220e+06 iv_rejected=0
  it=3760 processed=6.286e+06 stack_boxes=9.288e+04 min centre F=0.0080121 t=220s iv_checked=6.253e+06 iv_rejected=0
  it=3800 processed=6.307e+06 stack_boxes=9.196e+04 min centre F=0.0080121 t=220s iv_checked=6.273e+06 iv_rejected=0
  it=3840 processed=6.320e+06 stack_boxes=9.179e+04 min centre F=0.0080121 t=221s iv_checked=6.286e+06 iv_rejected=0
  it=3880 processed=6.326e+06 stack_boxes=9.154e+04 min centre F=0.0080121 t=221s iv_checked=6.292e+06 iv_rejected=0
  it=3920 processed=6.344e+06 stack_boxes=9.135e+04 min centre F=0.0080121 t=222s iv_checked=6.309e+06 iv_rejected=0
  it=3960 processed=6.363e+06 stack_boxes=9.080e+04 min centre F=0.0080121 t=222s iv_checked=6.328e+06 iv_rejected=0
  it=4000 processed=6.397e+06 stack_boxes=9.062e+04 min centre F=0.0080121 t=224s iv_checked=6.363e+06 iv_rejected=0
  it=4040 processed=6.411e+06 stack_boxes=9.037e+04 min centre F=0.0080121 t=224s iv_checked=6.377e+06 iv_rejected=0
  it=4080 processed=6.557e+06 stack_boxes=9.017e+04 min centre F=0.0080121 t=228s iv_checked=6.522e+06 iv_rejected=0
  it=4120 processed=6.676e+06 stack_boxes=9.005e+04 min centre F=0.0080121 t=232s iv_checked=6.640e+06 iv_rejected=0
  it=4160 processed=6.766e+06 stack_boxes=8.987e+04 min centre F=0.0080121 t=234s iv_checked=6.729e+06 iv_rejected=0
  it=4200 processed=6.885e+06 stack_boxes=9.061e+04 min centre F=0.0080121 t=238s iv_checked=6.847e+06 iv_rejected=0
  it=4240 processed=7.083e+06 stack_boxes=9.049e+04 min centre F=0.0080121 t=245s iv_checked=7.043e+06 iv_rejected=0
  it=4280 processed=7.357e+06 stack_boxes=9.888e+04 min centre F=0.0080121 t=254s iv_checked=7.317e+06 iv_rejected=0
  it=4320 processed=7.562e+06 stack_boxes=8.910e+04 min centre F=0.0080121 t=260s iv_checked=7.522e+06 iv_rejected=0
  it=4360 processed=7.579e+06 stack_boxes=8.914e+04 min centre F=0.0080121 t=261s iv_checked=7.538e+06 iv_rejected=0
  it=4400 processed=7.586e+06 stack_boxes=8.980e+04 min centre F=0.0080121 t=261s iv_checked=7.545e+06 iv_rejected=0
  it=4440 processed=7.623e+06 stack_boxes=9.361e+04 min centre F=0.0080121 t=262s iv_checked=7.582e+06 iv_rejected=0
  it=4480 processed=7.653e+06 stack_boxes=8.850e+04 min centre F=0.0080121 t=263s iv_checked=7.612e+06 iv_rejected=0
  it=4520 processed=7.682e+06 stack_boxes=8.869e+04 min centre F=0.0080121 t=264s iv_checked=7.641e+06 iv_rejected=0
  it=4560 processed=7.689e+06 stack_boxes=8.825e+04 min centre F=0.0080121 t=264s iv_checked=7.648e+06 iv_rejected=0
  it=4600 processed=7.707e+06 stack_boxes=8.855e+04 min centre F=0.0080121 t=265s iv_checked=7.665e+06 iv_rejected=0
  it=4640 processed=7.751e+06 stack_boxes=8.845e+04 min centre F=0.0080121 t=266s iv_checked=7.707e+06 iv_rejected=0
  it=4680 processed=7.800e+06 stack_boxes=8.791e+04 min centre F=0.0080121 t=268s iv_checked=7.757e+06 iv_rejected=0
  it=4720 processed=7.810e+06 stack_boxes=8.806e+04 min centre F=0.0080121 t=268s iv_checked=7.766e+06 iv_rejected=0
  it=4760 processed=7.912e+06 stack_boxes=9.413e+04 min centre F=0.0080121 t=271s iv_checked=7.867e+06 iv_rejected=0
  it=4800 processed=7.971e+06 stack_boxes=8.799e+04 min centre F=0.0080121 t=273s iv_checked=7.925e+06 iv_rejected=0
  it=4840 processed=7.996e+06 stack_boxes=8.872e+04 min centre F=0.0080121 t=274s iv_checked=7.950e+06 iv_rejected=0
  it=4880 processed=8.009e+06 stack_boxes=8.716e+04 min centre F=0.0080121 t=274s iv_checked=7.963e+06 iv_rejected=0
  it=4920 processed=8.032e+06 stack_boxes=8.729e+04 min centre F=0.0080121 t=275s iv_checked=7.985e+06 iv_rejected=0
  it=4960 processed=8.053e+06 stack_boxes=8.681e+04 min centre F=0.0080121 t=275s iv_checked=8.006e+06 iv_rejected=0
  it=5000 processed=8.091e+06 stack_boxes=8.798e+04 min centre F=0.0080121 t=277s iv_checked=8.044e+06 iv_rejected=0
  it=5040 processed=8.186e+06 stack_boxes=8.656e+04 min centre F=0.0080121 t=279s iv_checked=8.139e+06 iv_rejected=0
  it=5080 processed=8.280e+06 stack_boxes=8.619e+04 min centre F=0.0080121 t=282s iv_checked=8.233e+06 iv_rejected=0
  it=5120 processed=8.636e+06 stack_boxes=8.942e+04 min centre F=0.0080121 t=295s iv_checked=8.588e+06 iv_rejected=0
  it=5160 processed=8.770e+06 stack_boxes=8.603e+04 min centre F=0.0080121 t=299s iv_checked=8.722e+06 iv_rejected=0
  it=5200 processed=9.150e+06 stack_boxes=8.608e+04 min centre F=0.0080121 t=313s iv_checked=9.102e+06 iv_rejected=0
  it=5240 processed=9.173e+06 stack_boxes=8.565e+04 min centre F=0.0080121 t=313s iv_checked=9.125e+06 iv_rejected=0
  it=5280 processed=9.190e+06 stack_boxes=8.556e+04 min centre F=0.0080121 t=314s iv_checked=9.141e+06 iv_rejected=0
  it=5320 processed=9.195e+06 stack_boxes=8.535e+04 min centre F=0.0080121 t=314s iv_checked=9.146e+06 iv_rejected=0
  it=5360 processed=9.204e+06 stack_boxes=8.527e+04 min centre F=0.0080121 t=314s iv_checked=9.156e+06 iv_rejected=0
  it=5400 processed=9.218e+06 stack_boxes=8.521e+04 min centre F=0.0080121 t=315s iv_checked=9.169e+06 iv_rejected=0
  it=5440 processed=9.225e+06 stack_boxes=8.494e+04 min centre F=0.0080121 t=315s iv_checked=9.176e+06 iv_rejected=0
  it=5480 processed=9.237e+06 stack_boxes=8.494e+04 min centre F=0.0080121 t=316s iv_checked=9.188e+06 iv_rejected=0
  it=5520 processed=9.266e+06 stack_boxes=8.507e+04 min centre F=0.0080121 t=316s iv_checked=9.216e+06 iv_rejected=0
  it=5560 processed=9.293e+06 stack_boxes=8.444e+04 min centre F=0.0080121 t=317s iv_checked=9.243e+06 iv_rejected=0
  it=5600 processed=9.315e+06 stack_boxes=8.428e+04 min centre F=0.0080121 t=318s iv_checked=9.265e+06 iv_rejected=0
  it=5640 processed=9.322e+06 stack_boxes=8.412e+04 min centre F=0.0080121 t=318s iv_checked=9.271e+06 iv_rejected=0
  it=5680 processed=9.341e+06 stack_boxes=8.483e+04 min centre F=0.0080121 t=319s iv_checked=9.290e+06 iv_rejected=0
  it=5720 processed=9.368e+06 stack_boxes=8.280e+04 min centre F=0.0080121 t=319s iv_checked=9.318e+06 iv_rejected=0
  it=5760 processed=9.418e+06 stack_boxes=8.247e+04 min centre F=0.0080121 t=321s iv_checked=9.367e+06 iv_rejected=0
  it=5800 processed=9.428e+06 stack_boxes=8.229e+04 min centre F=0.0080121 t=321s iv_checked=9.378e+06 iv_rejected=0
  it=5840 processed=9.515e+06 stack_boxes=8.291e+04 min centre F=0.0080121 t=324s iv_checked=9.464e+06 iv_rejected=0
  it=5880 processed=9.603e+06 stack_boxes=8.283e+04 min centre F=0.0080121 t=326s iv_checked=9.552e+06 iv_rejected=0
  it=5920 processed=9.726e+06 stack_boxes=8.164e+04 min centre F=0.0080121 t=329s iv_checked=9.674e+06 iv_rejected=0
  it=5960 processed=9.837e+06 stack_boxes=8.184e+04 min centre F=0.0080121 t=333s iv_checked=9.784e+06 iv_rejected=0
  it=6000 processed=9.929e+06 stack_boxes=8.359e+04 min centre F=0.0080121 t=335s iv_checked=9.876e+06 iv_rejected=0
  it=6040 processed=1.045e+07 stack_boxes=1.150e+05 min centre F=0.0080121 t=354s iv_checked=1.040e+07 iv_rejected=0
  it=6080 processed=1.062e+07 stack_boxes=8.116e+04 min centre F=0.0080121 t=359s iv_checked=1.056e+07 iv_rejected=0
  it=6120 processed=1.072e+07 stack_boxes=8.866e+04 min centre F=0.0080121 t=362s iv_checked=1.067e+07 iv_rejected=0
  it=6160 processed=1.095e+07 stack_boxes=8.464e+04 min centre F=0.0080121 t=369s iv_checked=1.089e+07 iv_rejected=0
  it=6200 processed=1.096e+07 stack_boxes=8.077e+04 min centre F=0.0080121 t=370s iv_checked=1.090e+07 iv_rejected=0
  it=6240 processed=1.097e+07 stack_boxes=8.054e+04 min centre F=0.0080121 t=370s iv_checked=1.091e+07 iv_rejected=0
  it=6280 processed=1.100e+07 stack_boxes=8.039e+04 min centre F=0.0080121 t=371s iv_checked=1.094e+07 iv_rejected=0
  it=6320 processed=1.101e+07 stack_boxes=8.031e+04 min centre F=0.0080121 t=372s iv_checked=1.095e+07 iv_rejected=0
  it=6360 processed=1.102e+07 stack_boxes=8.013e+04 min centre F=0.0080121 t=372s iv_checked=1.095e+07 iv_rejected=0
  it=6400 processed=1.104e+07 stack_boxes=8.395e+04 min centre F=0.0080121 t=373s iv_checked=1.098e+07 iv_rejected=0
  it=6440 processed=1.110e+07 stack_boxes=8.328e+04 min centre F=0.0080121 t=375s iv_checked=1.104e+07 iv_rejected=0
  it=6480 processed=1.116e+07 stack_boxes=8.033e+04 min centre F=0.0080121 t=376s iv_checked=1.110e+07 iv_rejected=0
  it=6520 processed=1.117e+07 stack_boxes=8.016e+04 min centre F=0.0080121 t=377s iv_checked=1.111e+07 iv_rejected=0
  it=6560 processed=1.118e+07 stack_boxes=8.067e+04 min centre F=0.0080121 t=377s iv_checked=1.112e+07 iv_rejected=0
  it=6600 processed=1.121e+07 stack_boxes=7.943e+04 min centre F=0.0080121 t=378s iv_checked=1.115e+07 iv_rejected=0
  it=6640 processed=1.122e+07 stack_boxes=7.859e+04 min centre F=0.0080121 t=379s iv_checked=1.116e+07 iv_rejected=0
  it=6680 processed=1.123e+07 stack_boxes=7.836e+04 min centre F=0.0080121 t=379s iv_checked=1.116e+07 iv_rejected=0
  it=6720 processed=1.127e+07 stack_boxes=7.909e+04 min centre F=0.0080121 t=380s iv_checked=1.121e+07 iv_rejected=0
  it=6760 processed=1.136e+07 stack_boxes=7.925e+04 min centre F=0.0080121 t=382s iv_checked=1.130e+07 iv_rejected=0
  it=6800 processed=1.148e+07 stack_boxes=7.954e+04 min centre F=0.0080121 t=386s iv_checked=1.141e+07 iv_rejected=0
  it=6840 processed=1.153e+07 stack_boxes=7.769e+04 min centre F=0.0080121 t=387s iv_checked=1.146e+07 iv_rejected=0
  it=6880 processed=1.167e+07 stack_boxes=7.803e+04 min centre F=0.0080121 t=392s iv_checked=1.161e+07 iv_rejected=0
  it=6920 processed=1.175e+07 stack_boxes=7.718e+04 min centre F=0.0080121 t=394s iv_checked=1.168e+07 iv_rejected=0
  it=6960 processed=1.190e+07 stack_boxes=7.971e+04 min centre F=0.0080121 t=399s iv_checked=1.183e+07 iv_rejected=0
  it=7000 processed=1.215e+07 stack_boxes=7.844e+04 min centre F=0.0080121 t=407s iv_checked=1.208e+07 iv_rejected=0
  it=7040 processed=1.252e+07 stack_boxes=7.740e+04 min centre F=0.0080121 t=421s iv_checked=1.245e+07 iv_rejected=0
  it=7080 processed=1.252e+07 stack_boxes=7.678e+04 min centre F=0.0080121 t=421s iv_checked=1.246e+07 iv_rejected=0
  it=7120 processed=1.253e+07 stack_boxes=7.697e+04 min centre F=0.0080121 t=421s iv_checked=1.246e+07 iv_rejected=0
  it=7160 processed=1.255e+07 stack_boxes=7.766e+04 min centre F=0.0080121 t=422s iv_checked=1.248e+07 iv_rejected=0
  it=7200 processed=1.257e+07 stack_boxes=7.686e+04 min centre F=0.0080121 t=422s iv_checked=1.250e+07 iv_rejected=0
  it=7240 processed=1.258e+07 stack_boxes=7.618e+04 min centre F=0.0080121 t=423s iv_checked=1.251e+07 iv_rejected=0
  it=7280 processed=1.263e+07 stack_boxes=7.607e+04 min centre F=0.0080121 t=424s iv_checked=1.256e+07 iv_rejected=0
  it=7320 processed=1.267e+07 stack_boxes=7.591e+04 min centre F=0.0080121 t=425s iv_checked=1.260e+07 iv_rejected=0
  it=7360 processed=1.271e+07 stack_boxes=7.582e+04 min centre F=0.0080121 t=426s iv_checked=1.264e+07 iv_rejected=0
  it=7400 processed=1.271e+07 stack_boxes=7.561e+04 min centre F=0.0080121 t=427s iv_checked=1.265e+07 iv_rejected=0
  it=7440 processed=1.272e+07 stack_boxes=7.545e+04 min centre F=0.0080121 t=427s iv_checked=1.265e+07 iv_rejected=0
  it=7480 processed=1.273e+07 stack_boxes=7.300e+04 min centre F=0.0080121 t=427s iv_checked=1.266e+07 iv_rejected=0
  it=7520 processed=1.275e+07 stack_boxes=7.076e+04 min centre F=0.0080121 t=428s iv_checked=1.268e+07 iv_rejected=0
  it=7560 processed=1.302e+07 stack_boxes=7.042e+04 min centre F=0.0080121 t=437s iv_checked=1.295e+07 iv_rejected=0
  it=7600 processed=1.308e+07 stack_boxes=7.107e+04 min centre F=0.0080121 t=438s iv_checked=1.301e+07 iv_rejected=0
  it=7640 processed=1.319e+07 stack_boxes=7.113e+04 min centre F=0.0080121 t=442s iv_checked=1.312e+07 iv_rejected=0
  it=7680 processed=1.339e+07 stack_boxes=8.637e+04 min centre F=0.0080121 t=448s iv_checked=1.332e+07 iv_rejected=0
  it=7720 processed=1.347e+07 stack_boxes=6.972e+04 min centre F=0.0080121 t=450s iv_checked=1.340e+07 iv_rejected=0
  it=7760 processed=1.350e+07 stack_boxes=6.966e+04 min centre F=0.0080121 t=451s iv_checked=1.343e+07 iv_rejected=0
  it=7800 processed=1.351e+07 stack_boxes=7.039e+04 min centre F=0.0080121 t=452s iv_checked=1.344e+07 iv_rejected=0
  it=7840 processed=1.353e+07 stack_boxes=6.949e+04 min centre F=0.0080121 t=452s iv_checked=1.346e+07 iv_rejected=0
  it=7880 processed=1.354e+07 stack_boxes=6.911e+04 min centre F=0.0080121 t=452s iv_checked=1.346e+07 iv_rejected=0
  it=7920 processed=1.354e+07 stack_boxes=6.902e+04 min centre F=0.0080121 t=453s iv_checked=1.347e+07 iv_rejected=0
  it=7960 processed=1.359e+07 stack_boxes=6.876e+04 min centre F=0.0080121 t=454s iv_checked=1.351e+07 iv_rejected=0
  it=8000 processed=1.361e+07 stack_boxes=6.873e+04 min centre F=0.0080121 t=454s iv_checked=1.353e+07 iv_rejected=0
  it=8040 processed=1.363e+07 stack_boxes=6.883e+04 min centre F=0.0080121 t=455s iv_checked=1.355e+07 iv_rejected=0
  it=8080 processed=1.364e+07 stack_boxes=6.819e+04 min centre F=0.0080121 t=455s iv_checked=1.356e+07 iv_rejected=0
  it=8120 processed=1.365e+07 stack_boxes=6.811e+04 min centre F=0.0080121 t=456s iv_checked=1.358e+07 iv_rejected=0
  it=8160 processed=1.368e+07 stack_boxes=6.728e+04 min centre F=0.0080121 t=457s iv_checked=1.360e+07 iv_rejected=0
  it=8200 processed=1.368e+07 stack_boxes=6.656e+04 min centre F=0.0080121 t=457s iv_checked=1.361e+07 iv_rejected=0
  it=8240 processed=1.369e+07 stack_boxes=6.766e+04 min centre F=0.0080121 t=457s iv_checked=1.361e+07 iv_rejected=0
  it=8280 processed=1.377e+07 stack_boxes=6.786e+04 min centre F=0.0080121 t=459s iv_checked=1.369e+07 iv_rejected=0
  it=8320 processed=1.385e+07 stack_boxes=7.660e+04 min centre F=0.0080121 t=462s iv_checked=1.378e+07 iv_rejected=0
  it=8360 processed=1.394e+07 stack_boxes=6.808e+04 min centre F=0.0080121 t=465s iv_checked=1.387e+07 iv_rejected=0
  it=8400 processed=1.404e+07 stack_boxes=6.567e+04 min centre F=0.0080121 t=468s iv_checked=1.397e+07 iv_rejected=0
  it=8440 processed=1.408e+07 stack_boxes=6.531e+04 min centre F=0.0080121 t=469s iv_checked=1.401e+07 iv_rejected=0
  it=8480 processed=1.417e+07 stack_boxes=6.893e+04 min centre F=0.0080121 t=472s iv_checked=1.409e+07 iv_rejected=0
  it=8520 processed=1.444e+07 stack_boxes=6.523e+04 min centre F=0.0080121 t=482s iv_checked=1.436e+07 iv_rejected=0
  it=8560 processed=1.447e+07 stack_boxes=6.513e+04 min centre F=0.0080121 t=483s iv_checked=1.439e+07 iv_rejected=0
  it=8600 processed=1.449e+07 stack_boxes=6.481e+04 min centre F=0.0080121 t=483s iv_checked=1.441e+07 iv_rejected=0
  it=8640 processed=1.451e+07 stack_boxes=6.460e+04 min centre F=0.0080121 t=484s iv_checked=1.443e+07 iv_rejected=0
  it=8680 processed=1.453e+07 stack_boxes=6.450e+04 min centre F=0.0080121 t=484s iv_checked=1.445e+07 iv_rejected=0
  it=8720 processed=1.455e+07 stack_boxes=6.480e+04 min centre F=0.0080121 t=485s iv_checked=1.447e+07 iv_rejected=0
  it=8760 processed=1.458e+07 stack_boxes=6.428e+04 min centre F=0.0080121 t=486s iv_checked=1.450e+07 iv_rejected=0
  it=8800 processed=1.462e+07 stack_boxes=6.507e+04 min centre F=0.0080121 t=488s iv_checked=1.454e+07 iv_rejected=0
  it=8840 processed=1.464e+07 stack_boxes=6.402e+04 min centre F=0.0080121 t=488s iv_checked=1.456e+07 iv_rejected=0
  it=8880 processed=1.466e+07 stack_boxes=6.381e+04 min centre F=0.0080121 t=489s iv_checked=1.457e+07 iv_rejected=0
  it=8920 processed=1.466e+07 stack_boxes=6.377e+04 min centre F=0.0080121 t=489s iv_checked=1.458e+07 iv_rejected=0
  it=8960 processed=1.468e+07 stack_boxes=6.340e+04 min centre F=0.0080121 t=489s iv_checked=1.460e+07 iv_rejected=0
  it=9000 processed=1.469e+07 stack_boxes=6.271e+04 min centre F=0.0080121 t=490s iv_checked=1.461e+07 iv_rejected=0
  it=9040 processed=1.479e+07 stack_boxes=6.259e+04 min centre F=0.0080121 t=493s iv_checked=1.471e+07 iv_rejected=0
  it=9080 processed=1.481e+07 stack_boxes=6.663e+04 min centre F=0.0080121 t=494s iv_checked=1.473e+07 iv_rejected=0
  it=9120 processed=1.492e+07 stack_boxes=7.208e+04 min centre F=0.0080121 t=497s iv_checked=1.483e+07 iv_rejected=0
  it=9160 processed=1.503e+07 stack_boxes=6.529e+04 min centre F=0.0080121 t=500s iv_checked=1.494e+07 iv_rejected=0
  it=9200 processed=1.512e+07 stack_boxes=6.201e+04 min centre F=0.0080121 t=502s iv_checked=1.503e+07 iv_rejected=0
  it=9240 processed=1.527e+07 stack_boxes=6.186e+04 min centre F=0.0080121 t=507s iv_checked=1.518e+07 iv_rejected=0
  it=9280 processed=1.535e+07 stack_boxes=6.179e+04 min centre F=0.0080121 t=510s iv_checked=1.526e+07 iv_rejected=0
  it=9320 processed=1.546e+07 stack_boxes=6.126e+04 min centre F=0.0080121 t=514s iv_checked=1.537e+07 iv_rejected=0
  it=9360 processed=1.574e+07 stack_boxes=6.236e+04 min centre F=0.0080121 t=523s iv_checked=1.565e+07 iv_rejected=0
  it=9400 processed=1.583e+07 stack_boxes=6.160e+04 min centre F=0.0080121 t=526s iv_checked=1.574e+07 iv_rejected=0
  it=9440 processed=1.583e+07 stack_boxes=6.073e+04 min centre F=0.0080121 t=526s iv_checked=1.574e+07 iv_rejected=0
  it=9480 processed=1.585e+07 stack_boxes=6.063e+04 min centre F=0.0080121 t=527s iv_checked=1.576e+07 iv_rejected=0
  it=9520 processed=1.586e+07 stack_boxes=6.061e+04 min centre F=0.0080121 t=527s iv_checked=1.577e+07 iv_rejected=0
  it=9560 processed=1.587e+07 stack_boxes=6.174e+04 min centre F=0.0080121 t=527s iv_checked=1.578e+07 iv_rejected=0
  it=9600 processed=1.589e+07 stack_boxes=6.053e+04 min centre F=0.0080121 t=528s iv_checked=1.580e+07 iv_rejected=0
  it=9640 processed=1.592e+07 stack_boxes=6.114e+04 min centre F=0.0080121 t=529s iv_checked=1.583e+07 iv_rejected=0
  it=9680 processed=1.596e+07 stack_boxes=6.001e+04 min centre F=0.0080121 t=530s iv_checked=1.587e+07 iv_rejected=0
  it=9720 processed=1.597e+07 stack_boxes=5.972e+04 min centre F=0.0080121 t=530s iv_checked=1.588e+07 iv_rejected=0
  it=9760 processed=1.599e+07 stack_boxes=6.035e+04 min centre F=0.0080121 t=531s iv_checked=1.590e+07 iv_rejected=0
  it=9800 processed=1.601e+07 stack_boxes=5.861e+04 min centre F=0.0080121 t=532s iv_checked=1.592e+07 iv_rejected=0
  it=9840 processed=1.612e+07 stack_boxes=6.049e+04 min centre F=0.0080121 t=535s iv_checked=1.603e+07 iv_rejected=0
  it=9880 processed=1.619e+07 stack_boxes=5.836e+04 min centre F=0.0080121 t=537s iv_checked=1.610e+07 iv_rejected=0
  it=9920 processed=1.630e+07 stack_boxes=5.822e+04 min centre F=0.0080121 t=540s iv_checked=1.621e+07 iv_rejected=0
  it=9960 processed=1.630e+07 stack_boxes=5.855e+04 min centre F=0.0080121 t=540s iv_checked=1.621e+07 iv_rejected=0
  it=10000 processed=1.632e+07 stack_boxes=5.910e+04 min centre F=0.0080121 t=541s iv_checked=1.622e+07 iv_rejected=0
  it=10040 processed=1.634e+07 stack_boxes=5.891e+04 min centre F=0.0080121 t=541s iv_checked=1.625e+07 iv_rejected=0
  it=10080 processed=1.636e+07 stack_boxes=5.867e+04 min centre F=0.0080121 t=542s iv_checked=1.627e+07 iv_rejected=0
  it=10120 processed=1.639e+07 stack_boxes=6.344e+04 min centre F=0.0080121 t=543s iv_checked=1.630e+07 iv_rejected=0
  it=10160 processed=1.645e+07 stack_boxes=5.848e+04 min centre F=0.0080121 t=545s iv_checked=1.636e+07 iv_rejected=0
  it=10200 processed=1.647e+07 stack_boxes=5.707e+04 min centre F=0.0080121 t=545s iv_checked=1.638e+07 iv_rejected=0
  it=10240 processed=1.649e+07 stack_boxes=5.690e+04 min centre F=0.0080121 t=546s iv_checked=1.639e+07 iv_rejected=0
  it=10280 processed=1.653e+07 stack_boxes=5.739e+04 min centre F=0.0080121 t=547s iv_checked=1.643e+07 iv_rejected=0
  it=10320 processed=1.654e+07 stack_boxes=5.721e+04 min centre F=0.0080121 t=548s iv_checked=1.645e+07 iv_rejected=0
  it=10360 processed=1.670e+07 stack_boxes=5.693e+04 min centre F=0.0080121 t=552s iv_checked=1.661e+07 iv_rejected=0
  it=10400 processed=1.683e+07 stack_boxes=5.664e+04 min centre F=0.0080121 t=556s iv_checked=1.674e+07 iv_rejected=0
  it=10440 processed=1.693e+07 stack_boxes=7.402e+04 min centre F=0.0080121 t=559s iv_checked=1.684e+07 iv_rejected=0
  it=10480 processed=1.711e+07 stack_boxes=5.660e+04 min centre F=0.0080121 t=564s iv_checked=1.701e+07 iv_rejected=0
  it=10520 processed=1.730e+07 stack_boxes=6.007e+04 min centre F=0.0080121 t=570s iv_checked=1.720e+07 iv_rejected=0
  it=10560 processed=1.737e+07 stack_boxes=5.592e+04 min centre F=0.0080121 t=572s iv_checked=1.727e+07 iv_rejected=0
  it=10600 processed=1.741e+07 stack_boxes=6.027e+04 min centre F=0.0080121 t=573s iv_checked=1.731e+07 iv_rejected=0
  it=10640 processed=1.762e+07 stack_boxes=5.548e+04 min centre F=0.0080121 t=580s iv_checked=1.752e+07 iv_rejected=0
  it=10680 processed=1.763e+07 stack_boxes=5.521e+04 min centre F=0.0080121 t=580s iv_checked=1.753e+07 iv_rejected=0
  it=10720 processed=1.764e+07 stack_boxes=5.504e+04 min centre F=0.0080121 t=581s iv_checked=1.754e+07 iv_rejected=0
  it=10760 processed=1.765e+07 stack_boxes=5.490e+04 min centre F=0.0080121 t=581s iv_checked=1.755e+07 iv_rejected=0
  it=10800 processed=1.767e+07 stack_boxes=5.479e+04 min centre F=0.0080121 t=582s iv_checked=1.757e+07 iv_rejected=0
  it=10840 processed=1.768e+07 stack_boxes=5.513e+04 min centre F=0.0080121 t=582s iv_checked=1.759e+07 iv_rejected=0
  it=10880 processed=1.771e+07 stack_boxes=5.508e+04 min centre F=0.0080121 t=583s iv_checked=1.761e+07 iv_rejected=0
  it=10920 processed=1.772e+07 stack_boxes=5.424e+04 min centre F=0.0080121 t=583s iv_checked=1.762e+07 iv_rejected=0
  it=10960 processed=1.773e+07 stack_boxes=5.415e+04 min centre F=0.0080121 t=584s iv_checked=1.763e+07 iv_rejected=0
  it=11000 processed=1.774e+07 stack_boxes=5.499e+04 min centre F=0.0080121 t=584s iv_checked=1.764e+07 iv_rejected=0
  it=11040 processed=1.777e+07 stack_boxes=5.309e+04 min centre F=0.0080121 t=585s iv_checked=1.767e+07 iv_rejected=0
  it=11080 processed=1.782e+07 stack_boxes=5.241e+04 min centre F=0.0080121 t=586s iv_checked=1.772e+07 iv_rejected=0
  it=11120 processed=1.782e+07 stack_boxes=5.333e+04 min centre F=0.0080121 t=587s iv_checked=1.772e+07 iv_rejected=0
  it=11160 processed=1.790e+07 stack_boxes=5.447e+04 min centre F=0.0080121 t=589s iv_checked=1.780e+07 iv_rejected=0
  it=11200 processed=1.799e+07 stack_boxes=5.302e+04 min centre F=0.0080121 t=592s iv_checked=1.789e+07 iv_rejected=0
  it=11240 processed=1.811e+07 stack_boxes=5.282e+04 min centre F=0.0080121 t=595s iv_checked=1.800e+07 iv_rejected=0
  it=11280 processed=1.820e+07 stack_boxes=5.492e+04 min centre F=0.0080121 t=598s iv_checked=1.810e+07 iv_rejected=0
  it=11320 processed=1.826e+07 stack_boxes=5.145e+04 min centre F=0.0080121 t=599s iv_checked=1.816e+07 iv_rejected=0
  it=11360 processed=1.843e+07 stack_boxes=5.330e+04 min centre F=0.0080121 t=605s iv_checked=1.833e+07 iv_rejected=0
  it=11400 processed=1.856e+07 stack_boxes=5.168e+04 min centre F=0.0080121 t=609s iv_checked=1.846e+07 iv_rejected=0
  it=11440 processed=1.877e+07 stack_boxes=5.858e+04 min centre F=0.0080121 t=616s iv_checked=1.866e+07 iv_rejected=0
  it=11480 processed=1.910e+07 stack_boxes=5.110e+04 min centre F=0.0080121 t=628s iv_checked=1.899e+07 iv_rejected=0
  it=11520 processed=1.911e+07 stack_boxes=5.048e+04 min centre F=0.0080121 t=628s iv_checked=1.900e+07 iv_rejected=0
  it=11560 processed=1.914e+07 stack_boxes=5.029e+04 min centre F=0.0080121 t=628s iv_checked=1.903e+07 iv_rejected=0
  it=11600 processed=1.914e+07 stack_boxes=5.022e+04 min centre F=0.0080121 t=629s iv_checked=1.903e+07 iv_rejected=0
  it=11640 processed=1.915e+07 stack_boxes=5.010e+04 min centre F=0.0080121 t=629s iv_checked=1.904e+07 iv_rejected=0
  it=11680 processed=1.917e+07 stack_boxes=5.003e+04 min centre F=0.0080121 t=630s iv_checked=1.906e+07 iv_rejected=0
  it=11720 processed=1.919e+07 stack_boxes=4.974e+04 min centre F=0.0080121 t=631s iv_checked=1.908e+07 iv_rejected=0
  it=11760 processed=1.922e+07 stack_boxes=4.954e+04 min centre F=0.0080121 t=632s iv_checked=1.911e+07 iv_rejected=0
  it=11800 processed=1.924e+07 stack_boxes=4.938e+04 min centre F=0.0080121 t=633s iv_checked=1.913e+07 iv_rejected=0
  it=11840 processed=1.925e+07 stack_boxes=4.976e+04 min centre F=0.0080121 t=633s iv_checked=1.914e+07 iv_rejected=0
  it=11880 processed=1.926e+07 stack_boxes=4.876e+04 min centre F=0.0080121 t=633s iv_checked=1.915e+07 iv_rejected=0
  it=11920 processed=1.929e+07 stack_boxes=4.848e+04 min centre F=0.0080121 t=634s iv_checked=1.918e+07 iv_rejected=0
  it=11960 processed=1.929e+07 stack_boxes=4.837e+04 min centre F=0.0080121 t=635s iv_checked=1.918e+07 iv_rejected=0
  it=12000 processed=1.936e+07 stack_boxes=5.383e+04 min centre F=0.0080121 t=637s iv_checked=1.925e+07 iv_rejected=0
  it=12040 processed=1.942e+07 stack_boxes=5.092e+04 min centre F=0.0080121 t=639s iv_checked=1.931e+07 iv_rejected=0
  it=12080 processed=1.953e+07 stack_boxes=4.885e+04 min centre F=0.0080121 t=642s iv_checked=1.942e+07 iv_rejected=0
  it=12120 processed=1.963e+07 stack_boxes=4.772e+04 min centre F=0.0080121 t=645s iv_checked=1.952e+07 iv_rejected=0
  it=12160 processed=1.977e+07 stack_boxes=5.173e+04 min centre F=0.0080121 t=649s iv_checked=1.965e+07 iv_rejected=0
  it=12200 processed=1.988e+07 stack_boxes=4.732e+04 min centre F=0.0080121 t=653s iv_checked=1.976e+07 iv_rejected=0
  it=12240 processed=2.003e+07 stack_boxes=4.893e+04 min centre F=0.0080121 t=658s iv_checked=1.992e+07 iv_rejected=0
  it=12280 processed=2.005e+07 stack_boxes=4.704e+04 min centre F=0.0080121 t=659s iv_checked=1.993e+07 iv_rejected=0
  it=12320 processed=2.012e+07 stack_boxes=4.688e+04 min centre F=0.0080121 t=661s iv_checked=2.000e+07 iv_rejected=0
  it=12360 processed=2.013e+07 stack_boxes=4.756e+04 min centre F=0.0080121 t=661s iv_checked=2.002e+07 iv_rejected=0
  it=12400 processed=2.016e+07 stack_boxes=4.643e+04 min centre F=0.0080121 t=662s iv_checked=2.004e+07 iv_rejected=0
  it=12440 processed=2.017e+07 stack_boxes=4.622e+04 min centre F=0.0080121 t=663s iv_checked=2.005e+07 iv_rejected=0
  it=12480 processed=2.017e+07 stack_boxes=4.618e+04 min centre F=0.0080121 t=663s iv_checked=2.006e+07 iv_rejected=0
  it=12520 processed=2.020e+07 stack_boxes=4.815e+04 min centre F=0.0080121 t=664s iv_checked=2.008e+07 iv_rejected=0
  it=12560 processed=2.025e+07 stack_boxes=4.633e+04 min centre F=0.0080121 t=665s iv_checked=2.013e+07 iv_rejected=0
  it=12600 processed=2.026e+07 stack_boxes=4.561e+04 min centre F=0.0080121 t=666s iv_checked=2.014e+07 iv_rejected=0
  it=12640 processed=2.028e+07 stack_boxes=4.546e+04 min centre F=0.0080121 t=666s iv_checked=2.016e+07 iv_rejected=0
  it=12680 processed=2.029e+07 stack_boxes=4.578e+04 min centre F=0.0080121 t=667s iv_checked=2.017e+07 iv_rejected=0
  it=12720 processed=2.031e+07 stack_boxes=4.181e+04 min centre F=0.0080121 t=667s iv_checked=2.019e+07 iv_rejected=0
  it=12760 processed=2.038e+07 stack_boxes=4.037e+04 min centre F=0.0080121 t=670s iv_checked=2.027e+07 iv_rejected=0
  it=12800 processed=2.046e+07 stack_boxes=4.006e+04 min centre F=0.0080121 t=672s iv_checked=2.034e+07 iv_rejected=0
  it=12840 processed=2.052e+07 stack_boxes=4.256e+04 min centre F=0.0080121 t=674s iv_checked=2.041e+07 iv_rejected=0
  it=12880 processed=2.064e+07 stack_boxes=4.117e+04 min centre F=0.0080121 t=678s iv_checked=2.052e+07 iv_rejected=0
  it=12920 processed=2.091e+07 stack_boxes=4.874e+04 min centre F=0.0080121 t=687s iv_checked=2.079e+07 iv_rejected=0
  it=12960 processed=2.094e+07 stack_boxes=3.955e+04 min centre F=0.0080121 t=688s iv_checked=2.082e+07 iv_rejected=0
  it=13000 processed=2.095e+07 stack_boxes=3.932e+04 min centre F=0.0080121 t=688s iv_checked=2.083e+07 iv_rejected=0
  it=13040 processed=2.096e+07 stack_boxes=3.930e+04 min centre F=0.0080121 t=689s iv_checked=2.084e+07 iv_rejected=0
  it=13080 processed=2.098e+07 stack_boxes=3.995e+04 min centre F=0.0080121 t=690s iv_checked=2.086e+07 iv_rejected=0
  it=13120 processed=2.099e+07 stack_boxes=3.890e+04 min centre F=0.0080121 t=690s iv_checked=2.087e+07 iv_rejected=0
  it=13160 processed=2.102e+07 stack_boxes=3.887e+04 min centre F=0.0080121 t=691s iv_checked=2.089e+07 iv_rejected=0
  it=13200 processed=2.104e+07 stack_boxes=3.888e+04 min centre F=0.0080121 t=691s iv_checked=2.092e+07 iv_rejected=0
  it=13240 processed=2.105e+07 stack_boxes=3.890e+04 min centre F=0.0080121 t=692s iv_checked=2.093e+07 iv_rejected=0
  it=13280 processed=2.105e+07 stack_boxes=3.820e+04 min centre F=0.0080121 t=692s iv_checked=2.093e+07 iv_rejected=0
  it=13320 processed=2.106e+07 stack_boxes=3.824e+04 min centre F=0.0080121 t=692s iv_checked=2.094e+07 iv_rejected=0
  it=13360 processed=2.108e+07 stack_boxes=3.755e+04 min centre F=0.0080121 t=693s iv_checked=2.096e+07 iv_rejected=0
  it=13400 processed=2.109e+07 stack_boxes=3.651e+04 min centre F=0.0080121 t=693s iv_checked=2.097e+07 iv_rejected=0
  it=13440 processed=2.110e+07 stack_boxes=3.637e+04 min centre F=0.0080121 t=694s iv_checked=2.097e+07 iv_rejected=0
  it=13480 processed=2.119e+07 stack_boxes=3.624e+04 min centre F=0.0080121 t=697s iv_checked=2.107e+07 iv_rejected=0
  it=13520 processed=2.126e+07 stack_boxes=3.691e+04 min centre F=0.0080121 t=699s iv_checked=2.113e+07 iv_rejected=0
  it=13560 processed=2.132e+07 stack_boxes=3.583e+04 min centre F=0.0080121 t=700s iv_checked=2.119e+07 iv_rejected=0
  it=13600 processed=2.145e+07 stack_boxes=3.916e+04 min centre F=0.0080121 t=704s iv_checked=2.133e+07 iv_rejected=0
  it=13640 processed=2.150e+07 stack_boxes=3.617e+04 min centre F=0.0080121 t=705s iv_checked=2.137e+07 iv_rejected=0
  it=13680 processed=2.158e+07 stack_boxes=3.521e+04 min centre F=0.0080121 t=707s iv_checked=2.146e+07 iv_rejected=0
  it=13720 processed=2.176e+07 stack_boxes=3.516e+04 min centre F=0.0080121 t=713s iv_checked=2.163e+07 iv_rejected=0
  it=13760 processed=2.178e+07 stack_boxes=3.493e+04 min centre F=0.0080121 t=713s iv_checked=2.165e+07 iv_rejected=0
  it=13800 processed=2.178e+07 stack_boxes=3.473e+04 min centre F=0.0080121 t=713s iv_checked=2.165e+07 iv_rejected=0
  it=13840 processed=2.179e+07 stack_boxes=3.515e+04 min centre F=0.0080121 t=714s iv_checked=2.166e+07 iv_rejected=0
  it=13880 processed=2.180e+07 stack_boxes=3.650e+04 min centre F=0.0080121 t=714s iv_checked=2.167e+07 iv_rejected=0
  it=13920 processed=2.183e+07 stack_boxes=3.473e+04 min centre F=0.0080121 t=715s iv_checked=2.170e+07 iv_rejected=0
  it=13960 processed=2.184e+07 stack_boxes=3.435e+04 min centre F=0.0080121 t=715s iv_checked=2.171e+07 iv_rejected=0
  it=14000 processed=2.188e+07 stack_boxes=3.550e+04 min centre F=0.0080121 t=716s iv_checked=2.175e+07 iv_rejected=0
  it=14040 processed=2.192e+07 stack_boxes=3.437e+04 min centre F=0.0080121 t=717s iv_checked=2.179e+07 iv_rejected=0
  it=14080 processed=2.194e+07 stack_boxes=3.470e+04 min centre F=0.0080121 t=718s iv_checked=2.181e+07 iv_rejected=0
  it=14120 processed=2.196e+07 stack_boxes=3.392e+04 min centre F=0.0080121 t=718s iv_checked=2.182e+07 iv_rejected=0
  it=14160 processed=2.196e+07 stack_boxes=3.345e+04 min centre F=0.0080121 t=719s iv_checked=2.183e+07 iv_rejected=0
  it=14200 processed=2.198e+07 stack_boxes=3.315e+04 min centre F=0.0080121 t=719s iv_checked=2.184e+07 iv_rejected=0
  it=14240 processed=2.198e+07 stack_boxes=3.284e+04 min centre F=0.0080121 t=719s iv_checked=2.185e+07 iv_rejected=0
  it=14280 processed=2.203e+07 stack_boxes=3.279e+04 min centre F=0.0080121 t=721s iv_checked=2.190e+07 iv_rejected=0
  it=14320 processed=2.210e+07 stack_boxes=3.569e+04 min centre F=0.0080121 t=723s iv_checked=2.197e+07 iv_rejected=0
  it=14360 processed=2.220e+07 stack_boxes=3.245e+04 min centre F=0.0080121 t=726s iv_checked=2.206e+07 iv_rejected=0
  it=14400 processed=2.228e+07 stack_boxes=3.310e+04 min centre F=0.0080121 t=728s iv_checked=2.215e+07 iv_rejected=0
  it=14440 processed=2.234e+07 stack_boxes=3.495e+04 min centre F=0.0080121 t=730s iv_checked=2.220e+07 iv_rejected=0
  it=14480 processed=2.238e+07 stack_boxes=3.183e+04 min centre F=0.0080121 t=731s iv_checked=2.225e+07 iv_rejected=0
  it=14520 processed=2.249e+07 stack_boxes=3.130e+04 min centre F=0.0080121 t=735s iv_checked=2.236e+07 iv_rejected=0
  it=14560 processed=2.251e+07 stack_boxes=3.169e+04 min centre F=0.0080121 t=735s iv_checked=2.237e+07 iv_rejected=0
  it=14600 processed=2.252e+07 stack_boxes=3.096e+04 min centre F=0.0080121 t=736s iv_checked=2.239e+07 iv_rejected=0
  it=14640 processed=2.253e+07 stack_boxes=3.075e+04 min centre F=0.0080121 t=736s iv_checked=2.239e+07 iv_rejected=0
  it=14680 processed=2.254e+07 stack_boxes=3.081e+04 min centre F=0.0080121 t=737s iv_checked=2.241e+07 iv_rejected=0
  it=14720 processed=2.255e+07 stack_boxes=3.087e+04 min centre F=0.0080121 t=737s iv_checked=2.241e+07 iv_rejected=0
  it=14760 processed=2.256e+07 stack_boxes=3.049e+04 min centre F=0.0080121 t=737s iv_checked=2.242e+07 iv_rejected=0
  it=14800 processed=2.256e+07 stack_boxes=3.067e+04 min centre F=0.0080121 t=737s iv_checked=2.242e+07 iv_rejected=0
  it=14840 processed=2.262e+07 stack_boxes=3.015e+04 min centre F=0.0080121 t=739s iv_checked=2.248e+07 iv_rejected=0
  it=14880 processed=2.266e+07 stack_boxes=3.139e+04 min centre F=0.0080121 t=740s iv_checked=2.252e+07 iv_rejected=0
  it=14920 processed=2.268e+07 stack_boxes=2.973e+04 min centre F=0.0080121 t=741s iv_checked=2.254e+07 iv_rejected=0
  it=14960 processed=2.270e+07 stack_boxes=3.006e+04 min centre F=0.0080121 t=741s iv_checked=2.256e+07 iv_rejected=0
  it=15000 processed=2.275e+07 stack_boxes=2.961e+04 min centre F=0.0080121 t=743s iv_checked=2.261e+07 iv_rejected=0
  it=15040 processed=2.277e+07 stack_boxes=2.959e+04 min centre F=0.0080121 t=743s iv_checked=2.263e+07 iv_rejected=0
  it=15080 processed=2.285e+07 stack_boxes=3.033e+04 min centre F=0.0080121 t=746s iv_checked=2.271e+07 iv_rejected=0
  it=15120 processed=2.291e+07 stack_boxes=2.908e+04 min centre F=0.0080121 t=747s iv_checked=2.277e+07 iv_rejected=0
  it=15160 processed=2.314e+07 stack_boxes=2.985e+04 min centre F=0.0080121 t=756s iv_checked=2.300e+07 iv_rejected=0
  it=15200 processed=2.343e+07 stack_boxes=3.996e+04 min centre F=0.0080121 t=765s iv_checked=2.329e+07 iv_rejected=0
  it=15240 processed=2.401e+07 stack_boxes=4.021e+04 min centre F=0.0080121 t=785s iv_checked=2.387e+07 iv_rejected=0
  it=15280 processed=2.404e+07 stack_boxes=2.883e+04 min centre F=0.0080121 t=786s iv_checked=2.390e+07 iv_rejected=0
  it=15320 processed=2.405e+07 stack_boxes=2.889e+04 min centre F=0.0080121 t=787s iv_checked=2.391e+07 iv_rejected=0
  it=15360 processed=2.406e+07 stack_boxes=2.830e+04 min centre F=0.0080121 t=787s iv_checked=2.392e+07 iv_rejected=0
  it=15400 processed=2.406e+07 stack_boxes=2.817e+04 min centre F=0.0080121 t=787s iv_checked=2.392e+07 iv_rejected=0
  it=15440 processed=2.407e+07 stack_boxes=2.969e+04 min centre F=0.0080121 t=788s iv_checked=2.393e+07 iv_rejected=0
  it=15480 processed=2.410e+07 stack_boxes=2.860e+04 min centre F=0.0080121 t=788s iv_checked=2.396e+07 iv_rejected=0
  it=15520 processed=2.413e+07 stack_boxes=2.785e+04 min centre F=0.0080121 t=789s iv_checked=2.399e+07 iv_rejected=0
  it=15560 processed=2.415e+07 stack_boxes=2.806e+04 min centre F=0.0080121 t=790s iv_checked=2.401e+07 iv_rejected=0
  it=15600 processed=2.418e+07 stack_boxes=3.021e+04 min centre F=0.0080121 t=791s iv_checked=2.404e+07 iv_rejected=0
  it=15640 processed=2.424e+07 stack_boxes=2.734e+04 min centre F=0.0080121 t=793s iv_checked=2.409e+07 iv_rejected=0
  it=15680 processed=2.436e+07 stack_boxes=3.418e+04 min centre F=0.0080121 t=796s iv_checked=2.422e+07 iv_rejected=0
  it=15720 processed=2.447e+07 stack_boxes=3.020e+04 min centre F=0.0080121 t=800s iv_checked=2.433e+07 iv_rejected=0
  it=15760 processed=2.452e+07 stack_boxes=2.799e+04 min centre F=0.0080121 t=801s iv_checked=2.437e+07 iv_rejected=0
  it=15800 processed=2.460e+07 stack_boxes=2.663e+04 min centre F=0.0080121 t=803s iv_checked=2.446e+07 iv_rejected=0
  it=15840 processed=2.475e+07 stack_boxes=4.967e+04 min centre F=0.0080121 t=808s iv_checked=2.460e+07 iv_rejected=0
  it=15880 processed=2.494e+07 stack_boxes=2.628e+04 min centre F=0.0080121 t=814s iv_checked=2.479e+07 iv_rejected=0
  it=15920 processed=2.496e+07 stack_boxes=2.986e+04 min centre F=0.0080121 t=815s iv_checked=2.481e+07 iv_rejected=0
  it=15960 processed=2.503e+07 stack_boxes=2.608e+04 min centre F=0.0080121 t=817s iv_checked=2.488e+07 iv_rejected=0
  it=16000 processed=2.503e+07 stack_boxes=2.579e+04 min centre F=0.0080121 t=817s iv_checked=2.488e+07 iv_rejected=0
  it=16040 processed=2.505e+07 stack_boxes=2.774e+04 min centre F=0.0080121 t=817s iv_checked=2.489e+07 iv_rejected=0
  it=16080 processed=2.508e+07 stack_boxes=2.619e+04 min centre F=0.0080121 t=818s iv_checked=2.492e+07 iv_rejected=0
  it=16120 processed=2.509e+07 stack_boxes=2.574e+04 min centre F=0.0080121 t=819s iv_checked=2.494e+07 iv_rejected=0
  it=16160 processed=2.510e+07 stack_boxes=2.667e+04 min centre F=0.0080121 t=819s iv_checked=2.494e+07 iv_rejected=0
  it=16200 processed=2.514e+07 stack_boxes=3.020e+04 min centre F=0.0080121 t=820s iv_checked=2.499e+07 iv_rejected=0
  it=16240 processed=2.519e+07 stack_boxes=2.628e+04 min centre F=0.0080121 t=822s iv_checked=2.503e+07 iv_rejected=0
  it=16280 processed=2.523e+07 stack_boxes=2.480e+04 min centre F=0.0080121 t=823s iv_checked=2.508e+07 iv_rejected=0
  it=16320 processed=2.524e+07 stack_boxes=2.484e+04 min centre F=0.0080121 t=823s iv_checked=2.509e+07 iv_rejected=0
  it=16360 processed=2.525e+07 stack_boxes=2.455e+04 min centre F=0.0080121 t=824s iv_checked=2.510e+07 iv_rejected=0
  it=16400 processed=2.528e+07 stack_boxes=2.352e+04 min centre F=0.0080121 t=825s iv_checked=2.513e+07 iv_rejected=0
  it=16440 processed=2.529e+07 stack_boxes=2.308e+04 min centre F=0.0080121 t=825s iv_checked=2.513e+07 iv_rejected=0
  it=16480 processed=2.532e+07 stack_boxes=2.281e+04 min centre F=0.0080121 t=826s iv_checked=2.517e+07 iv_rejected=0
  it=16520 processed=2.539e+07 stack_boxes=2.379e+04 min centre F=0.0080121 t=828s iv_checked=2.523e+07 iv_rejected=0
  it=16560 processed=2.547e+07 stack_boxes=2.746e+04 min centre F=0.0080121 t=831s iv_checked=2.531e+07 iv_rejected=0
  it=16600 processed=2.558e+07 stack_boxes=2.362e+04 min centre F=0.0080121 t=834s iv_checked=2.543e+07 iv_rejected=0
  it=16640 processed=2.569e+07 stack_boxes=2.217e+04 min centre F=0.0080121 t=838s iv_checked=2.554e+07 iv_rejected=0
  it=16680 processed=2.586e+07 stack_boxes=2.281e+04 min centre F=0.0080121 t=843s iv_checked=2.570e+07 iv_rejected=0
  it=16720 processed=2.618e+07 stack_boxes=2.179e+04 min centre F=0.0080121 t=854s iv_checked=2.602e+07 iv_rejected=0
  it=16760 processed=2.663e+07 stack_boxes=2.193e+04 min centre F=0.0080121 t=869s iv_checked=2.647e+07 iv_rejected=0
  it=16800 processed=2.667e+07 stack_boxes=2.164e+04 min centre F=0.0080121 t=870s iv_checked=2.651e+07 iv_rejected=0
  it=16840 processed=2.669e+07 stack_boxes=2.313e+04 min centre F=0.0080121 t=870s iv_checked=2.653e+07 iv_rejected=0
  it=16880 processed=2.671e+07 stack_boxes=2.129e+04 min centre F=0.0080121 t=871s iv_checked=2.655e+07 iv_rejected=0
  it=16920 processed=2.672e+07 stack_boxes=2.170e+04 min centre F=0.0080121 t=871s iv_checked=2.655e+07 iv_rejected=0
  it=16960 processed=2.673e+07 stack_boxes=2.114e+04 min centre F=0.0080121 t=872s iv_checked=2.657e+07 iv_rejected=0
  it=17000 processed=2.674e+07 stack_boxes=2.124e+04 min centre F=0.0080121 t=872s iv_checked=2.658e+07 iv_rejected=0
  it=17040 processed=2.675e+07 stack_boxes=2.278e+04 min centre F=0.0080121 t=873s iv_checked=2.659e+07 iv_rejected=0
  it=17080 processed=2.679e+07 stack_boxes=2.095e+04 min centre F=0.0080121 t=874s iv_checked=2.663e+07 iv_rejected=0
  it=17120 processed=2.681e+07 stack_boxes=2.020e+04 min centre F=0.0080121 t=874s iv_checked=2.664e+07 iv_rejected=0
  it=17160 processed=2.684e+07 stack_boxes=2.124e+04 min centre F=0.0080121 t=875s iv_checked=2.667e+07 iv_rejected=0
  it=17200 processed=2.686e+07 stack_boxes=2.097e+04 min centre F=0.0080121 t=876s iv_checked=2.670e+07 iv_rejected=0
  it=17240 processed=2.688e+07 stack_boxes=1.980e+04 min centre F=0.0080121 t=876s iv_checked=2.672e+07 iv_rejected=0
  it=17280 processed=2.690e+07 stack_boxes=1.914e+04 min centre F=0.0080121 t=877s iv_checked=2.674e+07 iv_rejected=0
  it=17320 processed=2.695e+07 stack_boxes=1.916e+04 min centre F=0.0080121 t=878s iv_checked=2.678e+07 iv_rejected=0
  it=17360 processed=2.699e+07 stack_boxes=1.968e+04 min centre F=0.0080121 t=880s iv_checked=2.682e+07 iv_rejected=0
  it=17400 processed=2.705e+07 stack_boxes=1.852e+04 min centre F=0.0080121 t=882s iv_checked=2.689e+07 iv_rejected=0
  it=17440 processed=2.718e+07 stack_boxes=1.874e+04 min centre F=0.0080121 t=885s iv_checked=2.701e+07 iv_rejected=0
  it=17480 processed=2.727e+07 stack_boxes=2.380e+04 min centre F=0.0080121 t=888s iv_checked=2.711e+07 iv_rejected=0
  it=17520 processed=2.739e+07 stack_boxes=1.879e+04 min centre F=0.0080121 t=892s iv_checked=2.722e+07 iv_rejected=0
  it=17560 processed=2.752e+07 stack_boxes=1.772e+04 min centre F=0.0080121 t=895s iv_checked=2.735e+07 iv_rejected=0
  it=17600 processed=2.755e+07 stack_boxes=1.876e+04 min centre F=0.0080121 t=896s iv_checked=2.738e+07 iv_rejected=0
  it=17640 processed=2.767e+07 stack_boxes=2.033e+04 min centre F=0.0080121 t=900s iv_checked=2.750e+07 iv_rejected=0
  it=17680 processed=2.769e+07 stack_boxes=1.736e+04 min centre F=0.0080121 t=900s iv_checked=2.752e+07 iv_rejected=0
  it=17720 processed=2.769e+07 stack_boxes=1.799e+04 min centre F=0.0080121 t=901s iv_checked=2.752e+07 iv_rejected=0
  it=17760 processed=2.771e+07 stack_boxes=1.714e+04 min centre F=0.0080121 t=901s iv_checked=2.754e+07 iv_rejected=0
  it=17800 processed=2.773e+07 stack_boxes=1.772e+04 min centre F=0.0080121 t=902s iv_checked=2.756e+07 iv_rejected=0
  it=17840 processed=2.773e+07 stack_boxes=1.731e+04 min centre F=0.0080121 t=902s iv_checked=2.756e+07 iv_rejected=0
  it=17880 processed=2.777e+07 stack_boxes=1.666e+04 min centre F=0.0080121 t=903s iv_checked=2.760e+07 iv_rejected=0
  it=17920 processed=2.779e+07 stack_boxes=1.708e+04 min centre F=0.0080121 t=904s iv_checked=2.762e+07 iv_rejected=0
  it=17960 processed=2.781e+07 stack_boxes=1.648e+04 min centre F=0.0080121 t=904s iv_checked=2.764e+07 iv_rejected=0
  it=18000 processed=2.782e+07 stack_boxes=1.661e+04 min centre F=0.0080121 t=904s iv_checked=2.765e+07 iv_rejected=0
  it=18040 processed=2.785e+07 stack_boxes=1.600e+04 min centre F=0.0080121 t=905s iv_checked=2.768e+07 iv_rejected=0
  it=18080 processed=2.787e+07 stack_boxes=1.350e+04 min centre F=0.0080121 t=906s iv_checked=2.770e+07 iv_rejected=0
  it=18120 processed=2.789e+07 stack_boxes=1.148e+04 min centre F=0.0080121 t=907s iv_checked=2.772e+07 iv_rejected=0
  it=18160 processed=2.798e+07 stack_boxes=1.076e+04 min centre F=0.0080121 t=909s iv_checked=2.781e+07 iv_rejected=0
  it=18200 processed=2.808e+07 stack_boxes=1.629e+04 min centre F=0.0080121 t=912s iv_checked=2.791e+07 iv_rejected=0
  it=18240 processed=2.832e+07 stack_boxes=1.047e+04 min centre F=0.0080121 t=920s iv_checked=2.815e+07 iv_rejected=0
  it=18280 processed=2.842e+07 stack_boxes=1.506e+04 min centre F=0.0080121 t=923s iv_checked=2.824e+07 iv_rejected=0
  it=18320 processed=2.848e+07 stack_boxes=1.025e+04 min centre F=0.0080121 t=925s iv_checked=2.831e+07 iv_rejected=0
  it=18360 processed=2.849e+07 stack_boxes=1.024e+04 min centre F=0.0080121 t=925s iv_checked=2.832e+07 iv_rejected=0
  it=18400 processed=2.851e+07 stack_boxes=1.064e+04 min centre F=0.0080121 t=926s iv_checked=2.833e+07 iv_rejected=0
  it=18440 processed=2.853e+07 stack_boxes=1.009e+04 min centre F=0.0080121 t=926s iv_checked=2.835e+07 iv_rejected=0
  it=18480 processed=2.853e+07 stack_boxes=9.655e+03 min centre F=0.0080121 t=927s iv_checked=2.836e+07 iv_rejected=0
  it=18520 processed=2.854e+07 stack_boxes=9.513e+03 min centre F=0.0080121 t=927s iv_checked=2.836e+07 iv_rejected=0
  it=18560 processed=2.856e+07 stack_boxes=9.615e+03 min centre F=0.0080121 t=928s iv_checked=2.839e+07 iv_rejected=0
  it=18600 processed=2.862e+07 stack_boxes=9.467e+03 min centre F=0.0080121 t=929s iv_checked=2.845e+07 iv_rejected=0
  it=18640 processed=2.865e+07 stack_boxes=9.603e+03 min centre F=0.0080121 t=930s iv_checked=2.847e+07 iv_rejected=0
  it=18680 processed=2.867e+07 stack_boxes=9.194e+03 min centre F=0.0080121 t=931s iv_checked=2.850e+07 iv_rejected=0
  it=18720 processed=2.868e+07 stack_boxes=8.730e+03 min centre F=0.0080121 t=931s iv_checked=2.850e+07 iv_rejected=0
  it=18760 processed=2.870e+07 stack_boxes=7.741e+03 min centre F=0.0080121 t=931s iv_checked=2.852e+07 iv_rejected=0
  it=18800 processed=2.873e+07 stack_boxes=1.260e+04 min centre F=0.0080121 t=932s iv_checked=2.855e+07 iv_rejected=0
  it=18840 processed=2.878e+07 stack_boxes=7.272e+03 min centre F=0.0080121 t=933s iv_checked=2.860e+07 iv_rejected=0
  it=18880 processed=2.885e+07 stack_boxes=9.098e+03 min centre F=0.0080121 t=935s iv_checked=2.867e+07 iv_rejected=0
  it=18920 processed=2.897e+07 stack_boxes=1.582e+04 min centre F=0.0080121 t=939s iv_checked=2.879e+07 iv_rejected=0
  it=18960 processed=2.913e+07 stack_boxes=1.243e+04 min centre F=0.0080121 t=943s iv_checked=2.895e+07 iv_rejected=0
  it=19000 processed=2.924e+07 stack_boxes=6.957e+03 min centre F=0.0080121 t=947s iv_checked=2.906e+07 iv_rejected=0
  it=19040 processed=2.929e+07 stack_boxes=5.990e+03 min centre F=0.0080121 t=948s iv_checked=2.911e+07 iv_rejected=0
  it=19080 processed=2.981e+07 stack_boxes=2.275e+04 min centre F=0.0080121 t=966s iv_checked=2.963e+07 iv_rejected=0
  it=19120 processed=2.993e+07 stack_boxes=5.752e+03 min centre F=0.0080121 t=969s iv_checked=2.974e+07 iv_rejected=0
  it=19160 processed=3.002e+07 stack_boxes=5.912e+03 min centre F=0.0080121 t=972s iv_checked=2.984e+07 iv_rejected=0
  it=19200 processed=3.008e+07 stack_boxes=6.151e+03 min centre F=0.0080121 t=974s iv_checked=2.989e+07 iv_rejected=0
  it=19240 processed=3.008e+07 stack_boxes=5.417e+03 min centre F=0.0080121 t=974s iv_checked=2.990e+07 iv_rejected=0
  it=19280 processed=3.009e+07 stack_boxes=5.179e+03 min centre F=0.0080121 t=974s iv_checked=2.991e+07 iv_rejected=0
  it=19320 processed=3.012e+07 stack_boxes=5.060e+03 min centre F=0.0080121 t=975s iv_checked=2.994e+07 iv_rejected=0
  it=19360 processed=3.014e+07 stack_boxes=4.944e+03 min centre F=0.0080121 t=976s iv_checked=2.995e+07 iv_rejected=0
  it=19400 processed=3.015e+07 stack_boxes=4.764e+03 min centre F=0.0080121 t=976s iv_checked=2.997e+07 iv_rejected=0
  it=19440 processed=3.017e+07 stack_boxes=5.500e+03 min centre F=0.0080121 t=977s iv_checked=2.998e+07 iv_rejected=0
  it=19480 processed=3.019e+07 stack_boxes=5.437e+03 min centre F=0.0080121 t=977s iv_checked=3.001e+07 iv_rejected=0
  it=19520 processed=3.021e+07 stack_boxes=5.392e+03 min centre F=0.0080121 t=978s iv_checked=3.003e+07 iv_rejected=0
  it=19560 processed=3.023e+07 stack_boxes=4.300e+03 min centre F=0.0080121 t=979s iv_checked=3.004e+07 iv_rejected=0
  it=19600 processed=3.025e+07 stack_boxes=6.469e+03 min centre F=0.0080121 t=979s iv_checked=3.006e+07 iv_rejected=0
  it=19640 processed=3.027e+07 stack_boxes=3.947e+03 min centre F=0.0080121 t=980s iv_checked=3.009e+07 iv_rejected=0
  it=19680 processed=3.028e+07 stack_boxes=3.523e+03 min centre F=0.0080121 t=980s iv_checked=3.010e+07 iv_rejected=0
  it=19720 processed=3.029e+07 stack_boxes=3.375e+03 min centre F=0.0080121 t=980s iv_checked=3.010e+07 iv_rejected=0
  it=19760 processed=3.033e+07 stack_boxes=3.947e+03 min centre F=0.0080121 t=981s iv_checked=3.014e+07 iv_rejected=0
  it=19800 processed=3.041e+07 stack_boxes=6.459e+03 min centre F=0.0080121 t=984s iv_checked=3.022e+07 iv_rejected=0
  it=19840 processed=3.049e+07 stack_boxes=5.008e+03 min centre F=0.0080121 t=986s iv_checked=3.031e+07 iv_rejected=0
  it=19880 processed=3.054e+07 stack_boxes=6.452e+03 min centre F=0.0080121 t=987s iv_checked=3.036e+07 iv_rejected=0
  it=19920 processed=3.060e+07 stack_boxes=5.583e+03 min centre F=0.0080121 t=989s iv_checked=3.041e+07 iv_rejected=0
  it=19960 processed=3.077e+07 stack_boxes=1.961e+03 min centre F=0.0080121 t=994s iv_checked=3.058e+07 iv_rejected=0
  it=20000 processed=3.093e+07 stack_boxes=7.242e+03 min centre F=0.0080121 t=999s iv_checked=3.074e+07 iv_rejected=0
  it=20040 processed=3.121e+07 stack_boxes=1.230e+04 min centre F=0.0080121 t=1008s iv_checked=3.101e+07 iv_rejected=0
  it=20080 processed=3.127e+07 stack_boxes=1.681e+03 min centre F=0.0080121 t=1010s iv_checked=3.107e+07 iv_rejected=0
  it=20120 processed=3.134e+07 stack_boxes=1.491e+03 min centre F=0.0080121 t=1012s iv_checked=3.114e+07 iv_rejected=0
  it=20160 processed=3.135e+07 stack_boxes=1.870e+03 min centre F=0.0080121 t=1013s iv_checked=3.115e+07 iv_rejected=0
  it=20200 processed=3.137e+07 stack_boxes=1.680e+03 min centre F=0.0080121 t=1013s iv_checked=3.118e+07 iv_rejected=0
  it=20240 processed=3.138e+07 stack_boxes=9.180e+02 min centre F=0.0080121 t=1014s iv_checked=3.118e+07 iv_rejected=0
  it=20280 processed=3.138e+07 stack_boxes=8.400e+02 min centre F=0.0080121 t=1014s iv_checked=3.119e+07 iv_rejected=0
  it=20320 processed=3.142e+07 stack_boxes=6.520e+02 min centre F=0.0080121 t=1015s iv_checked=3.122e+07 iv_rejected=0
  it=20360 processed=3.144e+07 stack_boxes=5.770e+02 min centre F=0.0080121 t=1016s iv_checked=3.125e+07 iv_rejected=0
  it=20400 processed=3.146e+07 stack_boxes=8.470e+02 min centre F=0.0080121 t=1016s iv_checked=3.126e+07 iv_rejected=0
  it=20440 processed=3.151e+07 stack_boxes=1.760e+02 min centre F=0.0080121 t=1018s iv_checked=3.131e+07 iv_rejected=0
  it=20480 processed=3.152e+07 stack_boxes=8.000e+00 min centre F=0.0080121 t=1018s iv_checked=3.132e+07 iv_rejected=0
{'ok': True, 'processed': 31515821, 'worst': (0.008012143984198236, array([1.046875  , 2.921875  , 1.0390625 , 1.03515625, 1.0390625 ,
       2.921875  , 1.046875  ])), 'time': 1017.9052495956421, 'backend': 'flint', 'prec': 64, 'engine': 'numpy', 'mode': 'hybrid', 'iv_checked': 31318022, 'iv_rejected': 0, 'domain_pruned': 197799, 'iv_time': 918.18, 'kernel_cache': 0, 'lb3': True, 'sym': True, 'acc_by_lb3_only': 6679985, 'theoremG': {'m': 147, 'H': '[0.67219332138207632060 +/- 2.63e-21]', 'p_lower': 0.6733736895411908, 'p': '[0.673373689541191 +/- 1.62e-16]'}}
